Archive member included to satisfy reference by file (symbol)

c:/dev/gcc-arm-none-eabi-9-2020-q2-update-win32/bin/../lib/gcc/arm-none-eabi/9.3.1/../../../../arm-none-eabi/lib/thumb/v7-m/nofp\libc_nano.a(lib_a-exit.o)
                              c:/dev/gcc-arm-none-eabi-9-2020-q2-update-win32/bin/../lib/gcc/arm-none-eabi/9.3.1/../../../../arm-none-eabi/lib/thumb/v7-m/nofp/crt0.o (exit)
c:/dev/gcc-arm-none-eabi-9-2020-q2-update-win32/bin/../lib/gcc/arm-none-eabi/9.3.1/../../../../arm-none-eabi/lib/thumb/v7-m/nofp\libc_nano.a(lib_a-impure.o)
                              c:/dev/gcc-arm-none-eabi-9-2020-q2-update-win32/bin/../lib/gcc/arm-none-eabi/9.3.1/../../../../arm-none-eabi/lib/thumb/v7-m/nofp\libc_nano.a(lib_a-exit.o) (_global_impure_ptr)
c:/dev/gcc-arm-none-eabi-9-2020-q2-update-win32/bin/../lib/gcc/arm-none-eabi/9.3.1/../../../../arm-none-eabi/lib/thumb/v7-m/nofp\libc_nano.a(lib_a-init.o)
                              c:/dev/gcc-arm-none-eabi-9-2020-q2-update-win32/bin/../lib/gcc/arm-none-eabi/9.3.1/../../../../arm-none-eabi/lib/thumb/v7-m/nofp/crt0.o (__libc_init_array)
c:/dev/gcc-arm-none-eabi-9-2020-q2-update-win32/bin/../lib/gcc/arm-none-eabi/9.3.1/../../../../arm-none-eabi/lib/thumb/v7-m/nofp\libc_nano.a(lib_a-memset.o)
                              c:/dev/gcc-arm-none-eabi-9-2020-q2-update-win32/bin/../lib/gcc/arm-none-eabi/9.3.1/../../../../arm-none-eabi/lib/thumb/v7-m/nofp/crt0.o (memset)
c:/dev/gcc-arm-none-eabi-9-2020-q2-update-win32/bin/../lib/gcc/arm-none-eabi/9.3.1/../../../../arm-none-eabi/lib/thumb/v7-m/nofp\libc_nano.a(lib_a-printf.o)
                              build/main.o (printf)
c:/dev/gcc-arm-none-eabi-9-2020-q2-update-win32/bin/../lib/gcc/arm-none-eabi/9.3.1/../../../../arm-none-eabi/lib/thumb/v7-m/nofp\libc_nano.a(lib_a-putchar.o)
                              build/main.o (putchar)
c:/dev/gcc-arm-none-eabi-9-2020-q2-update-win32/bin/../lib/gcc/arm-none-eabi/9.3.1/../../../../arm-none-eabi/lib/thumb/v7-m/nofp\libc_nano.a(lib_a-findfp.o)
                              c:/dev/gcc-arm-none-eabi-9-2020-q2-update-win32/bin/../lib/gcc/arm-none-eabi/9.3.1/../../../../arm-none-eabi/lib/thumb/v7-m/nofp\libc_nano.a(lib_a-printf.o) (__sinit)
c:/dev/gcc-arm-none-eabi-9-2020-q2-update-win32/bin/../lib/gcc/arm-none-eabi/9.3.1/../../../../arm-none-eabi/lib/thumb/v7-m/nofp\libc_nano.a(lib_a-fwalk.o)
                              c:/dev/gcc-arm-none-eabi-9-2020-q2-update-win32/bin/../lib/gcc/arm-none-eabi/9.3.1/../../../../arm-none-eabi/lib/thumb/v7-m/nofp\libc_nano.a(lib_a-findfp.o) (_fwalk)
c:/dev/gcc-arm-none-eabi-9-2020-q2-update-win32/bin/../lib/gcc/arm-none-eabi/9.3.1/../../../../arm-none-eabi/lib/thumb/v7-m/nofp\libc_nano.a(lib_a-lock.o)
                              c:/dev/gcc-arm-none-eabi-9-2020-q2-update-win32/bin/../lib/gcc/arm-none-eabi/9.3.1/../../../../arm-none-eabi/lib/thumb/v7-m/nofp\libc_nano.a(lib_a-findfp.o) (__retarget_lock_init_recursive)
c:/dev/gcc-arm-none-eabi-9-2020-q2-update-win32/bin/../lib/gcc/arm-none-eabi/9.3.1/../../../../arm-none-eabi/lib/thumb/v7-m/nofp\libc_nano.a(lib_a-nano-mallocr.o)
                              c:/dev/gcc-arm-none-eabi-9-2020-q2-update-win32/bin/../lib/gcc/arm-none-eabi/9.3.1/../../../../arm-none-eabi/lib/thumb/v7-m/nofp\libc_nano.a(lib_a-findfp.o) (_malloc_r)
c:/dev/gcc-arm-none-eabi-9-2020-q2-update-win32/bin/../lib/gcc/arm-none-eabi/9.3.1/../../../../arm-none-eabi/lib/thumb/v7-m/nofp\libc_nano.a(lib_a-nano-vfprintf.o)
                              c:/dev/gcc-arm-none-eabi-9-2020-q2-update-win32/bin/../lib/gcc/arm-none-eabi/9.3.1/../../../../arm-none-eabi/lib/thumb/v7-m/nofp\libc_nano.a(lib_a-printf.o) (_vfprintf_r)
c:/dev/gcc-arm-none-eabi-9-2020-q2-update-win32/bin/../lib/gcc/arm-none-eabi/9.3.1/../../../../arm-none-eabi/lib/thumb/v7-m/nofp\libc_nano.a(lib_a-nano-vfprintf_i.o)
                              c:/dev/gcc-arm-none-eabi-9-2020-q2-update-win32/bin/../lib/gcc/arm-none-eabi/9.3.1/../../../../arm-none-eabi/lib/thumb/v7-m/nofp\libc_nano.a(lib_a-nano-vfprintf.o) (_printf_i)
c:/dev/gcc-arm-none-eabi-9-2020-q2-update-win32/bin/../lib/gcc/arm-none-eabi/9.3.1/../../../../arm-none-eabi/lib/thumb/v7-m/nofp\libc_nano.a(lib_a-putc.o)
                              c:/dev/gcc-arm-none-eabi-9-2020-q2-update-win32/bin/../lib/gcc/arm-none-eabi/9.3.1/../../../../arm-none-eabi/lib/thumb/v7-m/nofp\libc_nano.a(lib_a-putchar.o) (_putc_r)
c:/dev/gcc-arm-none-eabi-9-2020-q2-update-win32/bin/../lib/gcc/arm-none-eabi/9.3.1/../../../../arm-none-eabi/lib/thumb/v7-m/nofp\libc_nano.a(lib_a-sbrkr.o)
                              c:/dev/gcc-arm-none-eabi-9-2020-q2-update-win32/bin/../lib/gcc/arm-none-eabi/9.3.1/../../../../arm-none-eabi/lib/thumb/v7-m/nofp\libc_nano.a(lib_a-nano-mallocr.o) (_sbrk_r)
c:/dev/gcc-arm-none-eabi-9-2020-q2-update-win32/bin/../lib/gcc/arm-none-eabi/9.3.1/../../../../arm-none-eabi/lib/thumb/v7-m/nofp\libc_nano.a(lib_a-stdio.o)
[...]
Memory Configuration

Name             Origin             Length             Attributes
RAM              0x20000000         0x00005000         xrw
FLASH            0x08000000         0x00010000         xr
*default*        0x00000000         0xffffffff

Linker script and memory map

LOAD c:/dev/gcc-arm-none-eabi-9-2020-q2-update-win32/bin/../lib/gcc/arm-none-eabi/9.3.1/thumb/v7-m/nofp/crti.o
LOAD c:/dev/gcc-arm-none-eabi-9-2020-q2-update-win32/bin/../lib/gcc/arm-none-eabi/9.3.1/thumb/v7-m/nofp/crtbegin.o
LOAD c:/dev/gcc-arm-none-eabi-9-2020-q2-update-win32/bin/../lib/gcc/arm-none-eabi/9.3.1/../../../../arm-none-eabi/lib/thumb/v7-m/nofp/crt0.o
LOAD build/main.o
LOAD build/stm32f1xx_it.o
LOAD build/stm32f1xx_hal_msp.o
LOAD build/stm32f1xx_hal_timebase_tim.o
LOAD build/stm32f1xx_hal_gpio_ex.o
LOAD build/stm32f1xx_hal_adc.o
LOAD build/stm32f1xx_hal_adc_ex.o
LOAD build/stm32f1xx_hal.o
LOAD build/stm32f1xx_hal_rcc.o
LOAD build/stm32f1xx_hal_rcc_ex.o
LOAD build/stm32f1xx_hal_gpio.o
LOAD build/stm32f1xx_hal_dma.o
LOAD build/stm32f1xx_hal_cortex.o
LOAD build/stm32f1xx_hal_pwr.o
LOAD build/stm32f1xx_hal_flash.o
LOAD build/stm32f1xx_hal_flash_ex.o
LOAD build/stm32f1xx_hal_exti.o
LOAD build/stm32f1xx_hal_i2c.o
LOAD build/stm32f1xx_hal_spi.o
LOAD build/stm32f1xx_hal_tim.o
LOAD build/stm32f1xx_hal_tim_ex.o
LOAD build/stm32f1xx_hal_uart.o
LOAD build/system_stm32f1xx.o
LOAD build/startup_stm32f103xb.o
LOAD c:/dev/gcc-arm-none-eabi-9-2020-q2-update-win32/bin/../lib/gcc/arm-none-eabi/9.3.1/../../../../arm-none-eabi/lib/thumb/v7-m/nofp\libc_nano.a
LOAD c:/dev/gcc-arm-none-eabi-9-2020-q2-update-win32/bin/../lib/gcc/arm-none-eabi/9.3.1/../../../../arm-none-eabi/lib/thumb/v7-m/nofp\libm.a
LOAD c:/dev/gcc-arm-none-eabi-9-2020-q2-update-win32/bin/../lib/gcc/arm-none-eabi/9.3.1/../../../../arm-none-eabi/lib/thumb/v7-m/nofp\libnosys.a
START GROUP
LOAD c:/dev/gcc-arm-none-eabi-9-2020-q2-update-win32/bin/../lib/gcc/arm-none-eabi/9.3.1/thumb/v7-m/nofp\libgcc.a
LOAD c:/dev/gcc-arm-none-eabi-9-2020-q2-update-win32/bin/../lib/gcc/arm-none-eabi/9.3.1/../../../../arm-none-eabi/lib/thumb/v7-m/nofp\libc_nano.a
END GROUP
START GROUP
LOAD c:/dev/gcc-arm-none-eabi-9-2020-q2-update-win32/bin/../lib/gcc/arm-none-eabi/9.3.1/thumb/v7-m/nofp\libgcc.a
LOAD c:/dev/gcc-arm-none-eabi-9-2020-q2-update-win32/bin/../lib/gcc/arm-none-eabi/9.3.1/../../../../arm-none-eabi/lib/thumb/v7-m/nofp\libc_nano.a
END GROUP
LOAD c:/dev/gcc-arm-none-eabi-9-2020-q2-update-win32/bin/../lib/gcc/arm-none-eabi/9.3.1/thumb/v7-m/nofp/crtend.o
LOAD c:/dev/gcc-arm-none-eabi-9-2020-q2-update-win32/bin/../lib/gcc/arm-none-eabi/9.3.1/thumb/v7-m/nofp/crtn.o
                0x20005000                _estack = 0x20005000
                0x00000200                _Min_Heap_Size = 0x200
                0x00000400                _Min_Stack_Size = 0x400

.isr_vector     0x08000000      0x10c
                0x08000000                . = ALIGN (0x4)
 *(.isr_vector)
 .isr_vector    0x08000000      0x10c build/startup_stm32f103xb.o
                0x08000000                g_pfnVectors
                0x0800010c                . = ALIGN (0x4)

.text           0x0800010c     0x49f4
                0x0800010c                . = ALIGN (0x4)
 *(.text)
 .text          0x0800010c       0x40 c:/dev/gcc-arm-none-eabi-9-2020-q2-update-win32/bin/../lib/gcc/arm-none-eabi/9.3.1/thumb/v7-m/nofp/crtbegin.o
 *(.text*)
 .text.MX_GPIO_Init
                0x0800014c       0x44 build/main.o
 .text.MX_ADC1_Init
                0x08000190       0x64 build/main.o
 .text.MX_ADC2_Init
                0x080001f4       0x6c build/main.o
 .text.MX_I2C1_Init
                0x08000260       0x34 build/main.o
 .text.MX_SPI2_Init
                0x08000294       0x38 build/main.o
 .text.MX_TIM2_Init
                0x080002cc       0x68 build/main.o
 .text.MX_USART1_UART_Init
                0x08000334       0x2c build/main.o
 .text.MX_USART2_UART_Init
                0x08000360       0x2c build/main.o
 .text.SystemClock_Config
                0x0800038c       0x6c build/main.o
                0x0800038c                SystemClock_Config
 .text.main     0x080003f8       0xf8 build/main.o
                0x080003f8                main
 .text._write   0x080004f0       0x18 build/main.o
                0x080004f0                _write
 .text.HAL_TIM_PeriodElapsedCallback
                0x08000508       0x18 build/main.o
                0x08000508                HAL_TIM_PeriodElapsedCallback
 .text.NMI_Handler
                0x08000520        0x2 build/stm32f1xx_it.o
                0x08000520                NMI_Handler
 .text.HardFault_Handler
                0x08000522        0x2 build/stm32f1xx_it.o
                0x08000522                HardFault_Handler
 .text.MemManage_Handler
                0x08000524        0x2 build/stm32f1xx_it.o
                0x08000524                MemManage_Handler
 .text.BusFault_Handler
                0x08000526        0x2 build/stm32f1xx_it.o
                0x08000526                BusFault_Handler
 .text.UsageFault_Handler
                0x08000528        0x2 build/stm32f1xx_it.o
                0x08000528                UsageFault_Handler
 .text.SVC_Handler
                0x0800052a        0x2 build/stm32f1xx_it.o
                0x0800052a                SVC_Handler
 .text.DebugMon_Handler
                0x0800052c        0x2 build/stm32f1xx_it.o
                0x0800052c                DebugMon_Handler
 .text.PendSV_Handler
                0x0800052e        0x2 build/stm32f1xx_it.o
                0x0800052e                PendSV_Handler
 .text.SysTick_Handler
                0x08000530        0x2 build/stm32f1xx_it.o
                0x08000530                SysTick_Handler
 *fill*         0x08000532        0x2 
 .text.ADC1_2_IRQHandler
                0x08000534       0x18 build/stm32f1xx_it.o
                0x08000534                ADC1_2_IRQHandler
 .text.TIM1_UP_IRQHandler
                0x0800054c       0x10 build/stm32f1xx_it.o
                0x0800054c                TIM1_UP_IRQHandler
 .text.I2C1_EV_IRQHandler
                0x0800055c       0x10 build/stm32f1xx_it.o
                0x0800055c                I2C1_EV_IRQHandler
 .text.I2C1_ER_IRQHandler
                0x0800056c        0x2 build/stm32f1xx_it.o
                0x0800056c                I2C1_ER_IRQHandler
 *fill*         0x0800056e        0x2 
 .text.SPI2_IRQHandler
                0x08000570       0x10 build/stm32f1xx_it.o
                0x08000570                SPI2_IRQHandler
 .text.HAL_MspInit
                0x08000580       0x44 build/stm32f1xx_hal_msp.o
                0x08000580                HAL_MspInit
 .text.HAL_ADC_MspInit
                0x080005c4       0xc4 build/stm32f1xx_hal_msp.o
                0x080005c4                HAL_ADC_MspInit
 .text.HAL_I2C_MspInit
                0x08000688       0x84 build/stm32f1xx_hal_msp.o
                0x08000688                HAL_I2C_MspInit
 .text.HAL_SPI_MspInit
                0x0800070c       0x88 build/stm32f1xx_hal_msp.o
                0x0800070c                HAL_SPI_MspInit
 .text.HAL_TIM_Base_MspInit
                0x08000794       0x26 build/stm32f1xx_hal_msp.o
                0x08000794                HAL_TIM_Base_MspInit
 *fill*         0x080007ba        0x2 
 .text.HAL_UART_MspInit
                0x080007bc       0xd4 build/stm32f1xx_hal_msp.o
                0x080007bc                HAL_UART_MspInit
 .text.HAL_InitTick
                0x08000890       0x78 build/stm32f1xx_hal_timebase_tim.o
                0x08000890                HAL_InitTick
 .text.HAL_ADC_PollForConversion
                0x08000908      0x16c build/stm32f1xx_hal_adc.o
                0x08000908                HAL_ADC_PollForConversion
 .text.HAL_ADC_GetValue
                0x08000a74        0x6 build/stm32f1xx_hal_adc.o
                0x08000a74                HAL_ADC_GetValue
 .text.HAL_ADC_ConvCpltCallback
                0x08000a7a        0x2 build/stm32f1xx_hal_adc.o
                0x08000a7a                HAL_ADC_ConvCpltCallback
 .text.HAL_ADC_LevelOutOfWindowCallback
                0x08000a7c        0x2 build/stm32f1xx_hal_adc.o
                0x08000a7c                HAL_ADC_LevelOutOfWindowCallback
 .text.HAL_ADC_IRQHandler
                0x08000a7e      0x10c build/stm32f1xx_hal_adc.o
                0x08000a7e                HAL_ADC_IRQHandler
 *fill*         0x08000b8a        0x2 
 .text.HAL_ADC_ConfigChannel
                0x08000b8c      0x138 build/stm32f1xx_hal_adc.o
                0x08000b8c                HAL_ADC_ConfigChannel
 .text.ADC_Enable
                0x08000cc4       0x7c build/stm32f1xx_hal_adc.o
                0x08000cc4                ADC_Enable
 .text.HAL_ADC_Start
                0x08000d40       0xe8 build/stm32f1xx_hal_adc.o
                0x08000d40                HAL_ADC_Start
 .text.ADC_ConversionStop_Disable
                0x08000e28       0x4c build/stm32f1xx_hal_adc.o
                0x08000e28                ADC_ConversionStop_Disable
 .text.HAL_ADC_Init
                0x08000e74      0x108 build/stm32f1xx_hal_adc.o
                0x08000e74                HAL_ADC_Init
 .text.HAL_ADCEx_Calibration_Start
                0x08000f7c       0xe8 build/stm32f1xx_hal_adc_ex.o
                0x08000f7c                HAL_ADCEx_Calibration_Start
 .text.HAL_ADCEx_InjectedConvCpltCallback
                0x08001064        0x2 build/stm32f1xx_hal_adc_ex.o
                0x08001064                HAL_ADCEx_InjectedConvCpltCallback
 *fill*         0x08001066        0x2 
 .text.HAL_Init
                0x08001068       0x24 build/stm32f1xx_hal.o
                0x08001068                HAL_Init
 .text.HAL_IncTick
                0x0800108c       0x18 build/stm32f1xx_hal.o
                0x0800108c                HAL_IncTick
 .text.HAL_GetTick
                0x080010a4        0xc build/stm32f1xx_hal.o
                0x080010a4                HAL_GetTick
 .text.HAL_Delay
                0x080010b0       0x28 build/stm32f1xx_hal.o
                0x080010b0                HAL_Delay
 .text.RCC_Delay
                0x080010d8       0x2c build/stm32f1xx_hal_rcc.o
 .text.HAL_RCC_OscConfig
                0x08001104      0x410 build/stm32f1xx_hal_rcc.o
                0x08001104                HAL_RCC_OscConfig
 .text.HAL_RCC_GetSysClockFreq
                0x08001514       0x78 build/stm32f1xx_hal_rcc.o
                0x08001514                HAL_RCC_GetSysClockFreq
 .text.HAL_RCC_ClockConfig
                0x0800158c      0x16c build/stm32f1xx_hal_rcc.o
                0x0800158c                HAL_RCC_ClockConfig
 .text.HAL_RCC_GetHCLKFreq
                0x080016f8        0xc build/stm32f1xx_hal_rcc.o
                0x080016f8                HAL_RCC_GetHCLKFreq
 .text.HAL_RCC_GetPCLK1Freq
                0x08001704       0x20 build/stm32f1xx_hal_rcc.o
                0x08001704                HAL_RCC_GetPCLK1Freq
 .text.HAL_RCC_GetPCLK2Freq
                0x08001724       0x20 build/stm32f1xx_hal_rcc.o
                0x08001724                HAL_RCC_GetPCLK2Freq
 .text.HAL_RCC_GetClockConfig
                0x08001744       0x3c build/stm32f1xx_hal_rcc.o
                0x08001744                HAL_RCC_GetClockConfig
 .text.HAL_RCCEx_PeriphCLKConfig
                0x08001780      0x114 build/stm32f1xx_hal_rcc_ex.o
                0x08001780                HAL_RCCEx_PeriphCLKConfig
 .text.HAL_RCCEx_GetPeriphCLKFreq
                0x08001894       0xf8 build/stm32f1xx_hal_rcc_ex.o
                0x08001894                HAL_RCCEx_GetPeriphCLKFreq
 .text.HAL_GPIO_Init
                0x0800198c      0x220 build/stm32f1xx_hal_gpio.o
                0x0800198c                HAL_GPIO_Init
 .text.HAL_GPIO_WritePin
                0x08001bac        0xc build/stm32f1xx_hal_gpio.o
                0x08001bac                HAL_GPIO_WritePin
 .text.HAL_DMA_Abort_IT
                0x08001bb8       0x98 build/stm32f1xx_hal_dma.o
                0x08001bb8                HAL_DMA_Abort_IT
 .text.HAL_DMA_GetState
                0x08001c50        0x6 build/stm32f1xx_hal_dma.o
                0x08001c50                HAL_DMA_GetState
 *fill*         0x08001c56        0x2 
 .text.HAL_NVIC_SetPriorityGrouping
                0x08001c58       0x24 build/stm32f1xx_hal_cortex.o
                0x08001c58                HAL_NVIC_SetPriorityGrouping
 .text.HAL_NVIC_SetPriority
                0x08001c7c       0x68 build/stm32f1xx_hal_cortex.o
                0x08001c7c                HAL_NVIC_SetPriority
 .text.HAL_NVIC_EnableIRQ
                0x08001ce4       0x1c build/stm32f1xx_hal_cortex.o
                0x08001ce4                HAL_NVIC_EnableIRQ
 .text.I2C_Master_SB
                0x08001d00       0xa8 build/stm32f1xx_hal_i2c.o
 .text.I2C_Master_ADD10
                0x08001da8       0x2e build/stm32f1xx_hal_i2c.o
 .text.I2C_Master_ADDR
                0x08001dd6      0x216 build/stm32f1xx_hal_i2c.o
 .text.I2C_SlaveTransmit_BTF
                0x08001fec       0x20 build/stm32f1xx_hal_i2c.o
 .text.I2C_SlaveReceive_BTF
                0x0800200c       0x20 build/stm32f1xx_hal_i2c.o
 .text.I2C_WaitOnSTOPRequestThroughIT
                0x0800202c       0x48 build/stm32f1xx_hal_i2c.o
 .text.I2C_IsAcknowledgeFailed
                0x08002074       0x32 build/stm32f1xx_hal_i2c.o
 .text.I2C_ConvertOtherXferOptions
                0x080020a6       0x1e build/stm32f1xx_hal_i2c.o
 .text.I2C_WaitOnFlagUntilTimeout
                0x080020c4       0x74 build/stm32f1xx_hal_i2c.o
 .text.I2C_WaitOnMasterAddressFlagUntilTimeout
                0x08002138       0xaa build/stm32f1xx_hal_i2c.o
 *fill*         0x080021e2        0x2 
 .text.I2C_MasterRequestWrite
                0x080021e4       0xb4 build/stm32f1xx_hal_i2c.o
 .text.I2C_WaitOnTXEFlagUntilTimeout
                0x08002298       0x54 build/stm32f1xx_hal_i2c.o
 .text.I2C_WaitOnBTFFlagUntilTimeout
                0x080022ec       0x54 build/stm32f1xx_hal_i2c.o
 .text.HAL_I2C_Init
                0x08002340      0x1bc build/stm32f1xx_hal_i2c.o
                0x08002340                HAL_I2C_Init
 .text.HAL_I2C_Master_Transmit
                0x080024fc      0x178 build/stm32f1xx_hal_i2c.o
                0x080024fc                HAL_I2C_Master_Transmit
 .text.HAL_I2C_MasterTxCpltCallback
                0x08002674        0x2 build/stm32f1xx_hal_i2c.o
                0x08002674                HAL_I2C_MasterTxCpltCallback
 .text.I2C_MasterTransmit_BTF
                0x08002676       0x86 build/stm32f1xx_hal_i2c.o
 .text.HAL_I2C_MasterRxCpltCallback
                0x080026fc        0x2 build/stm32f1xx_hal_i2c.o
                0x080026fc                HAL_I2C_MasterRxCpltCallback
 .text.HAL_I2C_SlaveTxCpltCallback
                0x080026fe        0x2 build/stm32f1xx_hal_i2c.o
                0x080026fe                HAL_I2C_SlaveTxCpltCallback
 .text.I2C_SlaveTransmit_TXE
                0x08002700       0x4c build/stm32f1xx_hal_i2c.o
 .text.HAL_I2C_SlaveRxCpltCallback
                0x0800274c        0x2 build/stm32f1xx_hal_i2c.o
                0x0800274c                HAL_I2C_SlaveRxCpltCallback
 .text.I2C_SlaveReceive_RXNE
                0x0800274e       0x4c build/stm32f1xx_hal_i2c.o
 .text.HAL_I2C_AddrCallback
                0x0800279a        0x2 build/stm32f1xx_hal_i2c.o
                0x0800279a                HAL_I2C_AddrCallback
 .text.I2C_Slave_ADDR
                0x0800279c       0x4e build/stm32f1xx_hal_i2c.o
 .text.HAL_I2C_ListenCpltCallback
                0x080027ea        0x2 build/stm32f1xx_hal_i2c.o
                0x080027ea                HAL_I2C_ListenCpltCallback
 .text.HAL_I2C_MemTxCpltCallback
                0x080027ec        0x2 build/stm32f1xx_hal_i2c.o
                0x080027ec                HAL_I2C_MemTxCpltCallback
 .text.I2C_MemoryTransmit_TXE_BTF
                0x080027ee       0xb8 build/stm32f1xx_hal_i2c.o
 .text.I2C_MasterTransmit_TXE
                0x080028a6       0xd0 build/stm32f1xx_hal_i2c.o
 .text.HAL_I2C_MemRxCpltCallback
                0x08002976        0x2 build/stm32f1xx_hal_i2c.o
                0x08002976                HAL_I2C_MemRxCpltCallback
 .text.I2C_MasterReceive_BTF
                0x08002978      0x128 build/stm32f1xx_hal_i2c.o
 .text.HAL_I2C_ErrorCallback
                0x08002aa0        0x2 build/stm32f1xx_hal_i2c.o
                0x08002aa0                HAL_I2C_ErrorCallback
 .text.I2C_MasterReceive_RXNE
                0x08002aa2       0xec build/stm32f1xx_hal_i2c.o
 .text.HAL_I2C_AbortCpltCallback
                0x08002b8e        0x2 build/stm32f1xx_hal_i2c.o
                0x08002b8e                HAL_I2C_AbortCpltCallback
 .text.I2C_DMAAbort
                0x08002b90       0xe4 build/stm32f1xx_hal_i2c.o
 .text.I2C_ITError
                0x08002c74      0x174 build/stm32f1xx_hal_i2c.o
 .text.I2C_Slave_STOPF
                0x08002de8      0x18c build/stm32f1xx_hal_i2c.o
 .text.HAL_I2C_EV_IRQHandler
                0x08002f74      0x19a build/stm32f1xx_hal_i2c.o
                0x08002f74                HAL_I2C_EV_IRQHandler
 .text.HAL_SPI_Init
                0x0800310e       0xb6 build/stm32f1xx_hal_spi.o
                0x0800310e                HAL_SPI_Init
 .text.HAL_SPI_ErrorCallback
                0x080031c4        0x2 build/stm32f1xx_hal_spi.o
                0x080031c4                HAL_SPI_ErrorCallback
 *fill*         0x080031c6        0x2 
 .text.HAL_SPI_IRQHandler
                0x080031c8      0x108 build/stm32f1xx_hal_spi.o
                0x080031c8                HAL_SPI_IRQHandler
 .text.SPI_DMAAbortOnError
                0x080032d0       0x10 build/stm32f1xx_hal_spi.o
 .text.TIM_TI1_ConfigInputStage
                0x080032e0       0x24 build/stm32f1xx_hal_tim.o
 .text.TIM_TI2_ConfigInputStage
                0x08003304       0x26 build/stm32f1xx_hal_tim.o
 .text.TIM_ITRx_SetConfig
                0x0800332a       0x10 build/stm32f1xx_hal_tim.o
 *fill*         0x0800333a        0x2 
 .text.HAL_TIM_Base_Start_IT
                0x0800333c       0x68 build/stm32f1xx_hal_tim.o
                0x0800333c                HAL_TIM_Base_Start_IT
 .text.HAL_TIM_OC_DelayElapsedCallback
                0x080033a4        0x2 build/stm32f1xx_hal_tim.o
                0x080033a4                HAL_TIM_OC_DelayElapsedCallback
 .text.HAL_TIM_IC_CaptureCallback
                0x080033a6        0x2 build/stm32f1xx_hal_tim.o
                0x080033a6                HAL_TIM_IC_CaptureCallback
 .text.HAL_TIM_PWM_PulseFinishedCallback
                0x080033a8        0x2 build/stm32f1xx_hal_tim.o
                0x080033a8                HAL_TIM_PWM_PulseFinishedCallback
 .text.HAL_TIM_TriggerCallback
                0x080033aa        0x2 build/stm32f1xx_hal_tim.o
                0x080033aa                HAL_TIM_TriggerCallback
 .text.HAL_TIM_IRQHandler
                0x080033ac      0x17a build/stm32f1xx_hal_tim.o
                0x080033ac                HAL_TIM_IRQHandler
 *fill*         0x08003526        0x2 
 .text.TIM_Base_SetConfig
                0x08003528       0x74 build/stm32f1xx_hal_tim.o
                0x08003528                TIM_Base_SetConfig
 .text.HAL_TIM_Base_Init
                0x0800359c       0x58 build/stm32f1xx_hal_tim.o
                0x0800359c                HAL_TIM_Base_Init
 .text.TIM_ETR_SetConfig
                0x080035f4       0x16 build/stm32f1xx_hal_tim.o
                0x080035f4                TIM_ETR_SetConfig
 .text.HAL_TIM_ConfigClockSource
                0x0800360a       0xda build/stm32f1xx_hal_tim.o
                0x0800360a                HAL_TIM_ConfigClockSource
 .text.TIM_SlaveTimer_SetConfig
                0x080036e4       0x8e build/stm32f1xx_hal_tim.o
 .text.HAL_TIM_SlaveConfigSynchro
                0x08003772       0x52 build/stm32f1xx_hal_tim.o
                0x08003772                HAL_TIM_SlaveConfigSynchro
 .text.HAL_TIMEx_MasterConfigSynchronization
                0x080037c4       0x68 build/stm32f1xx_hal_tim_ex.o
                0x080037c4                HAL_TIMEx_MasterConfigSynchronization
 .text.HAL_TIMEx_CommutCallback
                0x0800382c        0x2 build/stm32f1xx_hal_tim_ex.o
                0x0800382c                HAL_TIMEx_CommutCallback
 .text.HAL_TIMEx_BreakCallback
                0x0800382e        0x2 build/stm32f1xx_hal_tim_ex.o
                0x0800382e                HAL_TIMEx_BreakCallback
 .text.UART_SetConfig
                0x08003830       0x90 build/stm32f1xx_hal_uart.o
 .text.UART_WaitOnFlagUntilTimeout
                0x080038c0       0x68 build/stm32f1xx_hal_uart.o
 .text.HAL_UART_Init
                0x08003928       0x5e build/stm32f1xx_hal_uart.o
                0x08003928                HAL_UART_Init
 .text.HAL_UART_Transmit
                0x08003986       0xd8 build/stm32f1xx_hal_uart.o
                0x08003986                HAL_UART_Transmit
 .text.SystemInit
                0x08003a5e        0x2 build/system_stm32f1xx.o
                0x08003a5e                SystemInit
 .text.Reset_Handler
                0x08003a60       0x48 build/startup_stm32f103xb.o
                0x08003a60                Reset_Handler
 .text.Default_Handler
                0x08003aa8        0x2 build/startup_stm32f103xb.o
                0x08003aa8                RTC_Alarm_IRQHandler
                0x08003aa8                EXTI2_IRQHandler
                0x08003aa8                TIM1_CC_IRQHandler
                0x08003aa8                PVD_IRQHandler
                0x08003aa8                EXTI3_IRQHandler
                0x08003aa8                EXTI0_IRQHandler
                0x08003aa8                I2C2_EV_IRQHandler
                0x08003aa8                SPI1_IRQHandler
                0x08003aa8                TAMPER_IRQHandler
                0x08003aa8                DMA1_Channel4_IRQHandler
                0x08003aa8                USART3_IRQHandler
                0x08003aa8                RTC_IRQHandler
                0x08003aa8                DMA1_Channel7_IRQHandler
                0x08003aa8                CAN1_RX1_IRQHandler
                0x08003aa8                TIM4_IRQHandler
                0x08003aa8                DMA1_Channel6_IRQHandler
                0x08003aa8                TIM3_IRQHandler
                0x08003aa8                RCC_IRQHandler
                0x08003aa8                TIM1_TRG_COM_IRQHandler
                0x08003aa8                DMA1_Channel1_IRQHandler
                0x08003aa8                Default_Handler
                0x08003aa8                EXTI15_10_IRQHandler
                0x08003aa8                EXTI9_5_IRQHandler
                0x08003aa8                DMA1_Channel5_IRQHandler
                0x08003aa8                EXTI4_IRQHandler
                0x08003aa8                USB_LP_CAN1_RX0_IRQHandler
                0x08003aa8                USB_HP_CAN1_TX_IRQHandler
                0x08003aa8                DMA1_Channel3_IRQHandler
                0x08003aa8                WWDG_IRQHandler
                0x08003aa8                TIM2_IRQHandler
                0x08003aa8                TIM1_BRK_IRQHandler
                0x08003aa8                EXTI1_IRQHandler
                0x08003aa8                USART2_IRQHandler
                0x08003aa8                I2C2_ER_IRQHandler
                0x08003aa8                DMA1_Channel2_IRQHandler
                0x08003aa8                CAN1_SCE_IRQHandler
                0x08003aa8                FLASH_IRQHandler
                0x08003aa8                USART1_IRQHandler
                0x08003aa8                USBWakeUp_IRQHandler
 *fill*         0x08003aaa        0x2 
 .text.__libc_init_array
                0x08003aac       0x48 c:/dev/gcc-arm-none-eabi-9-2020-q2-update-win32/bin/../lib/gcc/arm-none-eabi/9.3.1/../../../../arm-none-eabi/lib/thumb/v7-m/nofp\libc_nano.a(lib_a-init.o)
                0x08003aac                __libc_init_array
 .text.memset   0x08003af4       0x10 c:/dev/gcc-arm-none-eabi-9-2020-q2-update-win32/bin/../lib/gcc/arm-none-eabi/9.3.1/../../../../arm-none-eabi/lib/thumb/v7-m/nofp\libc_nano.a(lib_a-memset.o)
                0x08003af4                memset
 .text.printf   0x08003b04       0x30 c:/dev/gcc-arm-none-eabi-9-2020-q2-update-win32/bin/../lib/gcc/arm-none-eabi/9.3.1/../../../../arm-none-eabi/lib/thumb/v7-m/nofp\libc_nano.a(lib_a-printf.o)
                0x08003b04                iprintf
                0x08003b04                printf
 .text.putchar  0x08003b34       0x28 c:/dev/gcc-arm-none-eabi-9-2020-q2-update-win32/bin/../lib/gcc/arm-none-eabi/9.3.1/../../../../arm-none-eabi/lib/thumb/v7-m/nofp\libc_nano.a(lib_a-putchar.o)
                0x08003b34                putchar
 .text.std      0x08003b5c       0x48 c:/dev/gcc-arm-none-eabi-9-2020-q2-update-win32/bin/../lib/gcc/arm-none-eabi/9.3.1/../../../../arm-none-eabi/lib/thumb/v7-m/nofp\libc_nano.a(lib_a-findfp.o)
 .text._cleanup_r
                0x08003ba4        0xc c:/dev/gcc-arm-none-eabi-9-2020-q2-update-win32/bin/../lib/gcc/arm-none-eabi/9.3.1/../../../../arm-none-eabi/lib/thumb/v7-m/nofp\libc_nano.a(lib_a-findfp.o)
                0x08003ba4                _cleanup_r
 .text.__sfmoreglue
                0x08003bb0       0x2c c:/dev/gcc-arm-none-eabi-9-2020-q2-update-win32/bin/../lib/gcc/arm-none-eabi/9.3.1/../../../../arm-none-eabi/lib/thumb/v7-m/nofp\libc_nano.a(lib_a-findfp.o)
                0x08003bb0                __sfmoreglue
 .text.__sfp_lock_acquire
                0x08003bdc        0xc c:/dev/gcc-arm-none-eabi-9-2020-q2-update-win32/bin/../lib/gcc/arm-none-eabi/9.3.1/../../../../arm-none-eabi/lib/thumb/v7-m/nofp\libc_nano.a(lib_a-findfp.o)
                0x08003bdc                __sfp_lock_acquire
 .text.__sfp_lock_release
                0x08003be8        0xc c:/dev/gcc-arm-none-eabi-9-2020-q2-update-win32/bin/../lib/gcc/arm-none-eabi/9.3.1/../../../../arm-none-eabi/lib/thumb/v7-m/nofp\libc_nano.a(lib_a-findfp.o)
                0x08003be8                __sfp_lock_release
 .text.__sinit_lock_acquire
                0x08003bf4        0xc c:/dev/gcc-arm-none-eabi-9-2020-q2-update-win32/bin/../lib/gcc/arm-none-eabi/9.3.1/../../../../arm-none-eabi/lib/thumb/v7-m/nofp\libc_nano.a(lib_a-findfp.o)
                0x08003bf4                __sinit_lock_acquire
 .text.__sinit_lock_release
                0x08003c00        0xc c:/dev/gcc-arm-none-eabi-9-2020-q2-update-win32/bin/../lib/gcc/arm-none-eabi/9.3.1/../../../../arm-none-eabi/lib/thumb/v7-m/nofp\libc_nano.a(lib_a-findfp.o)
                0x08003c00                __sinit_lock_release
 .text.__sinit  0x08003c0c       0x70 c:/dev/gcc-arm-none-eabi-9-2020-q2-update-win32/bin/../lib/gcc/arm-none-eabi/9.3.1/../../../../arm-none-eabi/lib/thumb/v7-m/nofp\libc_nano.a(lib_a-findfp.o)
                0x08003c0c                __sinit
 .text.__sfp    0x08003c7c       0x8c c:/dev/gcc-arm-none-eabi-9-2020-q2-update-win32/bin/../lib/gcc/arm-none-eabi/9.3.1/../../../../arm-none-eabi/lib/thumb/v7-m/nofp\libc_nano.a(lib_a-findfp.o)
                0x08003c7c                __sfp
 .text._fwalk_reent
                0x08003d08       0x3e c:/dev/gcc-arm-none-eabi-9-2020-q2-update-win32/bin/../lib/gcc/arm-none-eabi/9.3.1/../../../../arm-none-eabi/lib/thumb/v7-m/nofp\libc_nano.a(lib_a-fwalk.o)
                0x08003d08                _fwalk_reent
 .text.__retarget_lock_init_recursive
                0x08003d46        0x2 c:/dev/gcc-arm-none-eabi-9-2020-q2-update-win32/bin/../lib/gcc/arm-none-eabi/9.3.1/../../../../arm-none-eabi/lib/thumb/v7-m/nofp\libc_nano.a(lib_a-lock.o)
                0x08003d46                __retarget_lock_init_recursive
 .text.__retarget_lock_acquire_recursive
                0x08003d48        0x2 c:/dev/gcc-arm-none-eabi-9-2020-q2-update-win32/bin/../lib/gcc/arm-none-eabi/9.3.1/../../../../arm-none-eabi/lib/thumb/v7-m/nofp\libc_nano.a(lib_a-lock.o)
                0x08003d48                __retarget_lock_acquire_recursive
 .text.__retarget_lock_release_recursive
                0x08003d4a        0x2 c:/dev/gcc-arm-none-eabi-9-2020-q2-update-win32/bin/../lib/gcc/arm-none-eabi/9.3.1/../../../../arm-none-eabi/lib/thumb/v7-m/nofp\libc_nano.a(lib_a-lock.o)
                0x08003d4a                __retarget_lock_release_recursive
 .text._malloc_r
                0x08003d4c       0xb4 c:/dev/gcc-arm-none-eabi-9-2020-q2-update-win32/bin/../lib/gcc/arm-none-eabi/9.3.1/../../../../arm-none-eabi/lib/thumb/v7-m/nofp\libc_nano.a(lib_a-nano-mallocr.o)
                0x08003d4c                _malloc_r
 .text.__sfputc_r
                0x08003e00       0x2a c:/dev/gcc-arm-none-eabi-9-2020-q2-update-win32/bin/../lib/gcc/arm-none-eabi/9.3.1/../../../../arm-none-eabi/lib/thumb/v7-m/nofp\libc_nano.a(lib_a-nano-vfprintf.o)
 .text.__sfputs_r
                0x08003e2a       0x24 c:/dev/gcc-arm-none-eabi-9-2020-q2-update-win32/bin/../lib/gcc/arm-none-eabi/9.3.1/../../../../arm-none-eabi/lib/thumb/v7-m/nofp\libc_nano.a(lib_a-nano-vfprintf.o)
                0x08003e2a                __sfputs_r
 *fill*         0x08003e4e        0x2 
 .text._vfprintf_r
                0x08003e50      0x260 c:/dev/gcc-arm-none-eabi-9-2020-q2-update-win32/bin/../lib/gcc/arm-none-eabi/9.3.1/../../../../arm-none-eabi/lib/thumb/v7-m/nofp\libc_nano.a(lib_a-nano-vfprintf.o)
                0x08003e50                _vfprintf_r
                0x08003e50                _vfiprintf_r
 .text._printf_common
                0x080040b0       0xde c:/dev/gcc-arm-none-eabi-9-2020-q2-update-win32/bin/../lib/gcc/arm-none-eabi/9.3.1/../../../../arm-none-eabi/lib/thumb/v7-m/nofp\libc_nano.a(lib_a-nano-vfprintf_i.o)
                0x080040b0                _printf_common
 *fill*         0x0800418e        0x2 
 .text._printf_i
                0x08004190      0x24c c:/dev/gcc-arm-none-eabi-9-2020-q2-update-win32/bin/../lib/gcc/arm-none-eabi/9.3.1/../../../../arm-none-eabi/lib/thumb/v7-m/nofp\libc_nano.a(lib_a-nano-vfprintf_i.o)
                0x08004190                _printf_i
 .text._putc_r  0x080043dc       0x90 c:/dev/gcc-arm-none-eabi-9-2020-q2-update-win32/bin/../lib/gcc/arm-none-eabi/9.3.1/../../../../arm-none-eabi/lib/thumb/v7-m/nofp\libc_nano.a(lib_a-putc.o)
                0x080043dc                _putc_r
 .text._sbrk_r  0x0800446c       0x20 c:/dev/gcc-arm-none-eabi-9-2020-q2-update-win32/bin/../lib/gcc/arm-none-eabi/9.3.1/../../../../arm-none-eabi/lib/thumb/v7-m/nofp\libc_nano.a(lib_a-sbrkr.o)
                0x0800446c                _sbrk_r
 .text.__sread  0x0800448c       0x22 c:/dev/gcc-arm-none-eabi-9-2020-q2-update-win32/bin/../lib/gcc/arm-none-eabi/9.3.1/../../../../arm-none-eabi/lib/thumb/v7-m/nofp\libc_nano.a(lib_a-stdio.o)
                0x0800448c                __sread
 .text.__swrite
                0x080044ae       0x38 c:/dev/gcc-arm-none-eabi-9-2020-q2-update-win32/bin/../lib/gcc/arm-none-eabi/9.3.1/../../../../arm-none-eabi/lib/thumb/v7-m/nofp\libc_nano.a(lib_a-stdio.o)
                0x080044ae                __swrite
 .text.__sseek  0x080044e6       0x24 c:/dev/gcc-arm-none-eabi-9-2020-q2-update-win32/bin/../lib/gcc/arm-none-eabi/9.3.1/../../../../arm-none-eabi/lib/thumb/v7-m/nofp\libc_nano.a(lib_a-stdio.o)
                0x080044e6                __sseek
 .text.__sclose
                0x0800450a        0x8 c:/dev/gcc-arm-none-eabi-9-2020-q2-update-win32/bin/../lib/gcc/arm-none-eabi/9.3.1/../../../../arm-none-eabi/lib/thumb/v7-m/nofp\libc_nano.a(lib_a-stdio.o)
                0x0800450a                __sclose
 *fill*         0x08004512        0x2 
 .text.__swbuf_r
                0x08004514       0xa4 c:/dev/gcc-arm-none-eabi-9-2020-q2-update-win32/bin/../lib/gcc/arm-none-eabi/9.3.1/../../../../arm-none-eabi/lib/thumb/v7-m/nofp\libc_nano.a(lib_a-wbuf.o)
                0x08004514                __swbuf_r
 .text._write_r
                0x080045b8       0x24 c:/dev/gcc-arm-none-eabi-9-2020-q2-update-win32/bin/../lib/gcc/arm-none-eabi/9.3.1/../../../../arm-none-eabi/lib/thumb/v7-m/nofp\libc_nano.a(lib_a-writer.o)
                0x080045b8                _write_r
 .text.__swsetup_r
                0x080045dc       0xdc c:/dev/gcc-arm-none-eabi-9-2020-q2-update-win32/bin/../lib/gcc/arm-none-eabi/9.3.1/../../../../arm-none-eabi/lib/thumb/v7-m/nofp\libc_nano.a(lib_a-wsetup.o)
                0x080045dc                __swsetup_r
 .text._close_r
                0x080046b8       0x20 c:/dev/gcc-arm-none-eabi-9-2020-q2-update-win32/bin/../lib/gcc/arm-none-eabi/9.3.1/../../../../arm-none-eabi/lib/thumb/v7-m/nofp\libc_nano.a(lib_a-closer.o)
                0x080046b8                _close_r
 .text.__sflush_r
                0x080046d8      0x10c c:/dev/gcc-arm-none-eabi-9-2020-q2-update-win32/bin/../lib/gcc/arm-none-eabi/9.3.1/../../../../arm-none-eabi/lib/thumb/v7-m/nofp\libc_nano.a(lib_a-fflush.o)
                0x080046d8                __sflush_r
 .text._fflush_r
                0x080047e4       0x78 c:/dev/gcc-arm-none-eabi-9-2020-q2-update-win32/bin/../lib/gcc/arm-none-eabi/9.3.1/../../../../arm-none-eabi/lib/thumb/v7-m/nofp\libc_nano.a(lib_a-fflush.o)
                0x080047e4                _fflush_r
 .text._lseek_r
                0x0800485c       0x24 c:/dev/gcc-arm-none-eabi-9-2020-q2-update-win32/bin/../lib/gcc/arm-none-eabi/9.3.1/../../../../arm-none-eabi/lib/thumb/v7-m/nofp\libc_nano.a(lib_a-lseekr.o)
                0x0800485c                _lseek_r
 .text.__swhatbuf_r
                0x08004880       0x48 c:/dev/gcc-arm-none-eabi-9-2020-q2-update-win32/bin/../lib/gcc/arm-none-eabi/9.3.1/../../../../arm-none-eabi/lib/thumb/v7-m/nofp\libc_nano.a(lib_a-makebuf.o)
                0x08004880                __swhatbuf_r
 .text.__smakebuf_r
                0x080048c8       0x80 c:/dev/gcc-arm-none-eabi-9-2020-q2-update-win32/bin/../lib/gcc/arm-none-eabi/9.3.1/../../../../arm-none-eabi/lib/thumb/v7-m/nofp\libc_nano.a(lib_a-makebuf.o)
                0x080048c8                __smakebuf_r
 .text.memchr   0x08004948       0x1c c:/dev/gcc-arm-none-eabi-9-2020-q2-update-win32/bin/../lib/gcc/arm-none-eabi/9.3.1/../../../../arm-none-eabi/lib/thumb/v7-m/nofp\libc_nano.a(lib_a-memchr-stub.o)
                0x08004948                memchr
 .text.__malloc_lock
                0x08004964        0xc c:/dev/gcc-arm-none-eabi-9-2020-q2-update-win32/bin/../lib/gcc/arm-none-eabi/9.3.1/../../../../arm-none-eabi/lib/thumb/v7-m/nofp\libc_nano.a(lib_a-mlock.o)
                0x08004964                __malloc_lock
 .text.__malloc_unlock
                0x08004970        0xc c:/dev/gcc-arm-none-eabi-9-2020-q2-update-win32/bin/../lib/gcc/arm-none-eabi/9.3.1/../../../../arm-none-eabi/lib/thumb/v7-m/nofp\libc_nano.a(lib_a-mlock.o)
                0x08004970                __malloc_unlock
 .text._free_r  0x0800497c       0x98 c:/dev/gcc-arm-none-eabi-9-2020-q2-update-win32/bin/../lib/gcc/arm-none-eabi/9.3.1/../../../../arm-none-eabi/lib/thumb/v7-m/nofp\libc_nano.a(lib_a-nano-freer.o)
                0x0800497c                _free_r
 .text._read_r  0x08004a14       0x24 c:/dev/gcc-arm-none-eabi-9-2020-q2-update-win32/bin/../lib/gcc/arm-none-eabi/9.3.1/../../../../arm-none-eabi/lib/thumb/v7-m/nofp\libc_nano.a(lib_a-readr.o)
                0x08004a14                _read_r
 .text._fstat_r
                0x08004a38       0x24 c:/dev/gcc-arm-none-eabi-9-2020-q2-update-win32/bin/../lib/gcc/arm-none-eabi/9.3.1/../../../../arm-none-eabi/lib/thumb/v7-m/nofp\libc_nano.a(lib_a-fstatr.o)
                0x08004a38                _fstat_r
 .text._isatty_r
                0x08004a5c       0x20 c:/dev/gcc-arm-none-eabi-9-2020-q2-update-win32/bin/../lib/gcc/arm-none-eabi/9.3.1/../../../../arm-none-eabi/lib/thumb/v7-m/nofp\libc_nano.a(lib_a-isattyr.o)
                0x08004a5c                _isatty_r
 .text._close   0x08004a7c       0x10 c:/dev/gcc-arm-none-eabi-9-2020-q2-update-win32/bin/../lib/gcc/arm-none-eabi/9.3.1/../../../../arm-none-eabi/lib/thumb/v7-m/nofp\libnosys.a(close.o)
                0x08004a7c                _close
 .text._fstat   0x08004a8c       0x10 c:/dev/gcc-arm-none-eabi-9-2020-q2-update-win32/bin/../lib/gcc/arm-none-eabi/9.3.1/../../../../arm-none-eabi/lib/thumb/v7-m/nofp\libnosys.a(fstat.o)
                0x08004a8c                _fstat
 .text._isatty  0x08004a9c       0x10 c:/dev/gcc-arm-none-eabi-9-2020-q2-update-win32/bin/../lib/gcc/arm-none-eabi/9.3.1/../../../../arm-none-eabi/lib/thumb/v7-m/nofp\libnosys.a(isatty.o)
                0x08004a9c                _isatty
 .text._lseek   0x08004aac       0x10 c:/dev/gcc-arm-none-eabi-9-2020-q2-update-win32/bin/../lib/gcc/arm-none-eabi/9.3.1/../../../../arm-none-eabi/lib/thumb/v7-m/nofp\libnosys.a(lseek.o)
                0x08004aac                _lseek
 .text._read    0x08004abc       0x10 c:/dev/gcc-arm-none-eabi-9-2020-q2-update-win32/bin/../lib/gcc/arm-none-eabi/9.3.1/../../../../arm-none-eabi/lib/thumb/v7-m/nofp\libnosys.a(read.o)
                0x08004abc                _read
 .text._sbrk    0x08004acc       0x1c c:/dev/gcc-arm-none-eabi-9-2020-q2-update-win32/bin/../lib/gcc/arm-none-eabi/9.3.1/../../../../arm-none-eabi/lib/thumb/v7-m/nofp\libnosys.a(sbrk.o)
                0x08004acc                _sbrk
 *(.glue_7)
 .glue_7        0x08004ae8        0x0 linker stubs
 *(.glue_7t)
 .glue_7t       0x08004ae8        0x0 linker stubs
 *(.eh_frame)
 .eh_frame      0x08004ae8        0x0 c:/dev/gcc-arm-none-eabi-9-2020-q2-update-win32/bin/../lib/gcc/arm-none-eabi/9.3.1/thumb/v7-m/nofp/crtbegin.o
 *(.init)
 .init          0x08004ae8        0x4 c:/dev/gcc-arm-none-eabi-9-2020-q2-update-win32/bin/../lib/gcc/arm-none-eabi/9.3.1/thumb/v7-m/nofp/crti.o
                0x08004ae8                _init
 .init          0x08004aec        0x8 c:/dev/gcc-arm-none-eabi-9-2020-q2-update-win32/bin/../lib/gcc/arm-none-eabi/9.3.1/thumb/v7-m/nofp/crtn.o
 *(.fini)
 .fini          0x08004af4        0x4 c:/dev/gcc-arm-none-eabi-9-2020-q2-update-win32/bin/../lib/gcc/arm-none-eabi/9.3.1/thumb/v7-m/nofp/crti.o
                0x08004af4                _fini
 .fini          0x08004af8        0x8 c:/dev/gcc-arm-none-eabi-9-2020-q2-update-win32/bin/../lib/gcc/arm-none-eabi/9.3.1/thumb/v7-m/nofp/crtn.o
                0x08004b00                . = ALIGN (0x4)
                0x08004b00                _etext = .

.vfp11_veneer   0x08004b00        0x0
 .vfp11_veneer  0x08004b00        0x0 linker stubs

.v4_bx          0x08004b00        0x0
 .v4_bx         0x08004b00        0x0 linker stubs

.iplt           0x08004b00        0x0
 .iplt          0x08004b00        0x0 c:/dev/gcc-arm-none-eabi-9-2020-q2-update-win32/bin/../lib/gcc/arm-none-eabi/9.3.1/thumb/v7-m/nofp/crtbegin.o

.rodata         0x08004b00       0xcc
                0x08004b00                . = ALIGN (0x4)
 *(.rodata)
 *(.rodata*)
 .rodata.main.str1.4
                0x08004b00        0x8 build/main.o
 .rodata.HAL_RCC_GetSysClockFreq.str1.4
                0x08004b08       0x11 build/stm32f1xx_hal_rcc.o
 .rodata.HAL_RCCEx_GetPeriphCLKFreq.str1.4
                0x08004b19       0x11 build/stm32f1xx_hal_rcc_ex.o
 *fill*         0x08004b19        0x3 
 .rodata.AHBPrescTable
                0x08004b1c       0x10 build/system_stm32f1xx.o
                0x08004b1c                AHBPrescTable
 .rodata.APBPrescTable
                0x08004b2c        0x8 build/system_stm32f1xx.o
                0x08004b2c                APBPrescTable
 .rodata._global_impure_ptr
                0x08004b34        0x4 c:/dev/gcc-arm-none-eabi-9-2020-q2-update-win32/bin/../lib/gcc/arm-none-eabi/9.3.1/../../../../arm-none-eabi/lib/thumb/v7-m/nofp\libc_nano.a(lib_a-impure.o)
                0x08004b34                _global_impure_ptr
 .rodata.__sf_fake_stderr
                0x08004b38       0x20 c:/dev/gcc-arm-none-eabi-9-2020-q2-update-win32/bin/../lib/gcc/arm-none-eabi/9.3.1/../../../../arm-none-eabi/lib/thumb/v7-m/nofp\libc_nano.a(lib_a-findfp.o)
                0x08004b38                __sf_fake_stderr
 .rodata.__sf_fake_stdin
                0x08004b58       0x20 c:/dev/gcc-arm-none-eabi-9-2020-q2-update-win32/bin/../lib/gcc/arm-none-eabi/9.3.1/../../../../arm-none-eabi/lib/thumb/v7-m/nofp\libc_nano.a(lib_a-findfp.o)
                0x08004b58                __sf_fake_stdin
 .rodata.__sf_fake_stdout
                0x08004b78       0x20 c:/dev/gcc-arm-none-eabi-9-2020-q2-update-win32/bin/../lib/gcc/arm-none-eabi/9.3.1/../../../../arm-none-eabi/lib/thumb/v7-m/nofp\libc_nano.a(lib_a-findfp.o)
                0x08004b78                __sf_fake_stdout
 .rodata._vfprintf_r.str1.1
                0x08004b98       0x11 c:/dev/gcc-arm-none-eabi-9-2020-q2-update-win32/bin/../lib/gcc/arm-none-eabi/9.3.1/../../../../arm-none-eabi/lib/thumb/v7-m/nofp\libc_nano.a(lib_a-nano-vfprintf.o)
 .rodata._printf_i.str1.1
                0x08004ba9       0x22 c:/dev/gcc-arm-none-eabi-9-2020-q2-update-win32/bin/../lib/gcc/arm-none-eabi/9.3.1/../../../../arm-none-eabi/lib/thumb/v7-m/nofp\libc_nano.a(lib_a-nano-vfprintf_i.o)
                0x08004bcc                . = ALIGN (0x4)
 *fill*         0x08004bcb        0x1 

.rel.dyn        0x08004bcc        0x0
 .rel.iplt      0x08004bcc        0x0 c:/dev/gcc-arm-none-eabi-9-2020-q2-update-win32/bin/../lib/gcc/arm-none-eabi/9.3.1/thumb/v7-m/nofp/crtbegin.o

.ARM.extab
 *(.ARM.extab* .gnu.linkonce.armextab.*)

.ARM            0x08004bcc        0x0
                0x08004bcc                __exidx_start = .
 *(.ARM.exidx*)
                0x08004bcc                __exidx_end = .

.preinit_array  0x08004bcc        0x0
                0x08004bcc                PROVIDE (__preinit_array_start = .)
 *(.preinit_array*)
                0x08004bcc                PROVIDE (__preinit_array_end = .)

.init_array     0x08004bcc        0x4
                0x08004bcc                PROVIDE (__init_array_start = .)
 *(SORT_BY_NAME(.init_array.*))
 *(.init_array*)
 .init_array    0x08004bcc        0x4 c:/dev/gcc-arm-none-eabi-9-2020-q2-update-win32/bin/../lib/gcc/arm-none-eabi/9.3.1/thumb/v7-m/nofp/crtbegin.o
                0x08004bd0                PROVIDE (__init_array_end = .)

.fini_array     0x08004bd0        0x4
                [!provide]                PROVIDE (__fini_array_start = .)
 *(SORT_BY_NAME(.fini_array.*))
 *(.fini_array*)
 .fini_array    0x08004bd0        0x4 c:/dev/gcc-arm-none-eabi-9-2020-q2-update-win32/bin/../lib/gcc/arm-none-eabi/9.3.1/thumb/v7-m/nofp/crtbegin.o
                [!provide]                PROVIDE (__fini_array_end = .)
                0x08004bd4                _sidata = LOADADDR (.data)

.data           0x20000000       0x70 load address 0x08004bd4
                0x20000000                . = ALIGN (0x4)
                0x20000000                _sdata = .
 *(.data)
 *(.data*)
 .data.uwTickFreq
                0x20000000        0x1 build/stm32f1xx_hal.o
                0x20000000                uwTickFreq
 *fill*         0x20000001        0x3 
 .data.uwTickPrio
                0x20000004        0x4 build/stm32f1xx_hal.o
                0x20000004                uwTickPrio
 .data.SystemCoreClock
                0x20000008        0x4 build/system_stm32f1xx.o
                0x20000008                SystemCoreClock
 .data._impure_ptr
                0x2000000c        0x4 c:/dev/gcc-arm-none-eabi-9-2020-q2-update-win32/bin/../lib/gcc/arm-none-eabi/9.3.1/../../../../arm-none-eabi/lib/thumb/v7-m/nofp\libc_nano.a(lib_a-impure.o)
                0x2000000c                _impure_ptr
 .data.impure_data
                0x20000010       0x60 c:/dev/gcc-arm-none-eabi-9-2020-q2-update-win32/bin/../lib/gcc/arm-none-eabi/9.3.1/../../../../arm-none-eabi/lib/thumb/v7-m/nofp\libc_nano.a(lib_a-impure.o)
                0x20000070                . = ALIGN (0x4)
                0x20000070                _edata = .

.igot.plt       0x20000070        0x0 load address 0x08004c44
 .igot.plt      0x20000070        0x0 c:/dev/gcc-arm-none-eabi-9-2020-q2-update-win32/bin/../lib/gcc/arm-none-eabi/9.3.1/thumb/v7-m/nofp/crtbegin.o
                0x20000070                . = ALIGN (0x4)

.bss            0x20000070      0x258 load address 0x08004c44
                0x20000070                _sbss = .
                0x20000070                __bss_start__ = _sbss
 *(.bss)
 .bss           0x20000070       0x1c c:/dev/gcc-arm-none-eabi-9-2020-q2-update-win32/bin/../lib/gcc/arm-none-eabi/9.3.1/thumb/v7-m/nofp/crtbegin.o
 *(.bss*)
 .bss.__malloc_free_list
                0x2000008c        0x4 c:/dev/gcc-arm-none-eabi-9-2020-q2-update-win32/bin/../lib/gcc/arm-none-eabi/9.3.1/../../../../arm-none-eabi/lib/thumb/v7-m/nofp\libc_nano.a(lib_a-nano-mallocr.o)
                0x2000008c                __malloc_free_list
 .bss.__malloc_sbrk_start
                0x20000090        0x4 c:/dev/gcc-arm-none-eabi-9-2020-q2-update-win32/bin/../lib/gcc/arm-none-eabi/9.3.1/../../../../arm-none-eabi/lib/thumb/v7-m/nofp\libc_nano.a(lib_a-nano-mallocr.o)
                0x20000090                __malloc_sbrk_start
 .bss.heap_end.4144
                0x20000094        0x4 c:/dev/gcc-arm-none-eabi-9-2020-q2-update-win32/bin/../lib/gcc/arm-none-eabi/9.3.1/../../../../arm-none-eabi/lib/thumb/v7-m/nofp\libnosys.a(sbrk.o)
 *(COMMON)
 COMMON         0x20000098      0x1d4 build/main.o
                0x20000098                hspi2
                0x200000f0                hadc2
                0x20000120                hi2c1
                0x20000174                hadc1
                0x200001a4                huart1
                0x200001e4                htim2
                0x2000022c                huart2
 COMMON         0x2000026c       0x48 build/stm32f1xx_hal_timebase_tim.o
                0x2000026c                htim1
 COMMON         0x200002b4        0x4 build/stm32f1xx_hal.o
                0x200002b4                uwTick
 COMMON         0x200002b8        0x9 c:/dev/gcc-arm-none-eabi-9-2020-q2-update-win32/bin/../lib/gcc/arm-none-eabi/9.3.1/../../../../arm-none-eabi/lib/thumb/v7-m/nofp\libc_nano.a(lib_a-lock.o)
                0x200002b8                __lock___atexit_recursive_mutex
                0x200002b9                __lock___arc4random_mutex
                0x200002ba                __lock___env_recursive_mutex
                0x200002bb                __lock___sinit_recursive_mutex
                0x200002bc                __lock___malloc_recursive_mutex
                0x200002bd                __lock___at_quick_exit_mutex
                0x200002be                __lock___dd_hash_mutex
                0x200002bf                __lock___tz_mutex
                0x200002c0                __lock___sfp_recursive_mutex
 *fill*         0x200002c1        0x3 
 COMMON         0x200002c4        0x4 c:/dev/gcc-arm-none-eabi-9-2020-q2-update-win32/bin/../lib/gcc/arm-none-eabi/9.3.1/../../../../arm-none-eabi/lib/thumb/v7-m/nofp\libc_nano.a(lib_a-reent.o)
                0x200002c4                errno
                0x200002c8                . = ALIGN (0x4)
                0x200002c8                _ebss = .
                0x200002c8                __bss_end__ = _ebss

._user_heap_stack
                0x200002c8      0x600 load address 0x08004c44
                0x200002c8                . = ALIGN (0x8)
                0x200002c8                PROVIDE (end = .)
                [!provide]                PROVIDE (_end = .)
                0x200004c8                . = (. + _Min_Heap_Size)
 *fill*         0x200002c8      0x200 
                0x200008c8                . = (. + _Min_Stack_Size)
 *fill*         0x200004c8      0x400 
                0x200008c8                . = ALIGN (0x8)

/DISCARD/
 libc.a(*)
 libm.a(*)
 libgcc.a(*)

.ARM.attributes
                0x00000000       0x29
 *(.ARM.attributes)
 .ARM.attributes
                0x00000000       0x1d c:/dev/gcc-arm-none-eabi-9-2020-q2-update-win32/bin/../lib/gcc/arm-none-eabi/9.3.1/thumb/v7-m/nofp/crti.o
 .ARM.attributes
                0x0000001d       0x2d c:/dev/gcc-arm-none-eabi-9-2020-q2-update-win32/bin/../lib/gcc/arm-none-eabi/9.3.1/thumb/v7-m/nofp/crtbegin.o
 .ARM.attributes
                0x0000004a       0x2d build/main.o
 .ARM.attributes
                0x00000077       0x2d build/stm32f1xx_it.o
 .ARM.attributes
                0x000000a4       0x2d build/stm32f1xx_hal_msp.o
 .ARM.attributes
                0x000000d1       0x2d build/stm32f1xx_hal_timebase_tim.o
 .ARM.attributes
                0x000000fe       0x2d build/stm32f1xx_hal_adc.o
 .ARM.attributes
                0x0000012b       0x2d build/stm32f1xx_hal_adc_ex.o
 .ARM.attributes
                0x00000158       0x2d build/stm32f1xx_hal.o
 .ARM.attributes
                0x00000185       0x2d build/stm32f1xx_hal_rcc.o
 .ARM.attributes
                0x000001b2       0x2d build/stm32f1xx_hal_rcc_ex.o
 .ARM.attributes
                0x000001df       0x2d build/stm32f1xx_hal_gpio.o
 .ARM.attributes
                0x0000020c       0x2d build/stm32f1xx_hal_dma.o
 .ARM.attributes
                0x00000239       0x2d build/stm32f1xx_hal_cortex.o
 .ARM.attributes
                0x00000266       0x2d build/stm32f1xx_hal_i2c.o
 .ARM.attributes
                0x00000293       0x2d build/stm32f1xx_hal_spi.o
 .ARM.attributes
                0x000002c0       0x2d build/stm32f1xx_hal_tim.o
 .ARM.attributes
                0x000002ed       0x2d build/stm32f1xx_hal_tim_ex.o
 .ARM.attributes
                0x0000031a       0x2d build/stm32f1xx_hal_uart.o
 .ARM.attributes
                0x00000347       0x2d build/system_stm32f1xx.o
 .ARM.attributes
                0x00000374       0x21 build/startup_stm32f103xb.o
 .ARM.attributes
                0x00000395       0x2d c:/dev/gcc-arm-none-eabi-9-2020-q2-update-win32/bin/../lib/gcc/arm-none-eabi/9.3.1/../../../../arm-none-eabi/lib/thumb/v7-m/nofp\libc_nano.a(lib_a-impure.o)
 .ARM.attributes
                0x000003c2       0x2d c:/dev/gcc-arm-none-eabi-9-2020-q2-update-win32/bin/../lib/gcc/arm-none-eabi/9.3.1/../../../../arm-none-eabi/lib/thumb/v7-m/nofp\libc_nano.a(lib_a-init.o)
 .ARM.attributes
                0x000003ef       0x2d c:/dev/gcc-arm-none-eabi-9-2020-q2-update-win32/bin/../lib/gcc/arm-none-eabi/9.3.1/../../../../arm-none-eabi/lib/thumb/v7-m/nofp\libc_nano.a(lib_a-memset.o)
 .ARM.attributes
                0x0000041c       0x2d c:/dev/gcc-arm-none-eabi-9-2020-q2-update-win32/bin/../lib/gcc/arm-none-eabi/9.3.1/../../../../arm-none-eabi/lib/thumb/v7-m/nofp\libc_nano.a(lib_a-printf.o)
 .ARM.attributes
                0x00000449       0x2d c:/dev/gcc-arm-none-eabi-9-2020-q2-update-win32/bin/../lib/gcc/arm-none-eabi/9.3.1/../../../../arm-none-eabi/lib/thumb/v7-m/nofp\libc_nano.a(lib_a-putchar.o)
 .ARM.attributes
                0x00000476       0x2d c:/dev/gcc-arm-none-eabi-9-2020-q2-update-win32/bin/../lib/gcc/arm-none-eabi/9.3.1/../../../../arm-none-eabi/lib/thumb/v7-m/nofp\libc_nano.a(lib_a-findfp.o)
 .ARM.attributes
                0x000004a3       0x2d c:/dev/gcc-arm-none-eabi-9-2020-q2-update-win32/bin/../lib/gcc/arm-none-eabi/9.3.1/../../../../arm-none-eabi/lib/thumb/v7-m/nofp\libc_nano.a(lib_a-fwalk.o)
 .ARM.attributes
                0x000004d0       0x2d c:/dev/gcc-arm-none-eabi-9-2020-q2-update-win32/bin/../lib/gcc/arm-none-eabi/9.3.1/../../../../arm-none-eabi/lib/thumb/v7-m/nofp\libc_nano.a(lib_a-lock.o)
 .ARM.attributes
                0x000004fd       0x2d c:/dev/gcc-arm-none-eabi-9-2020-q2-update-win32/bin/../lib/gcc/arm-none-eabi/9.3.1/../../../../arm-none-eabi/lib/thumb/v7-m/nofp\libc_nano.a(lib_a-nano-mallocr.o)
 .ARM.attributes
                0x0000052a       0x2d c:/dev/gcc-arm-none-eabi-9-2020-q2-update-win32/bin/../lib/gcc/arm-none-eabi/9.3.1/../../../../arm-none-eabi/lib/thumb/v7-m/nofp\libc_nano.a(lib_a-nano-vfprintf.o)
 .ARM.attributes
                0x00000557       0x2d c:/dev/gcc-arm-none-eabi-9-2020-q2-update-win32/bin/../lib/gcc/arm-none-eabi/9.3.1/../../../../arm-none-eabi/lib/thumb/v7-m/nofp\libc_nano.a(lib_a-nano-vfprintf_i.o)
 .ARM.attributes
                0x00000584       0x2d c:/dev/gcc-arm-none-eabi-9-2020-q2-update-win32/bin/../lib/gcc/arm-none-eabi/9.3.1/../../../../arm-none-eabi/lib/thumb/v7-m/nofp\libc_nano.a(lib_a-putc.o)
 .ARM.attributes
                0x000005b1       0x2d c:/dev/gcc-arm-none-eabi-9-2020-q2-update-win32/bin/../lib/gcc/arm-none-eabi/9.3.1/../../../../arm-none-eabi/lib/thumb/v7-m/nofp\libc_nano.a(lib_a-sbrkr.o)
 .ARM.attributes
                0x000005de       0x2d c:/dev/gcc-arm-none-eabi-9-2020-q2-update-win32/bin/../lib/gcc/arm-none-eabi/9.3.1/../../../../arm-none-eabi/lib/thumb/v7-m/nofp\libc_nano.a(lib_a-stdio.o)
 .ARM.attributes
                0x0000060b       0x2d c:/dev/gcc-arm-none-eabi-9-2020-q2-update-win32/bin/../lib/gcc/arm-none-eabi/9.3.1/../../../../arm-none-eabi/lib/thumb/v7-m/nofp\libc_nano.a(lib_a-wbuf.o)
 .ARM.attributes
                0x00000638       0x2d c:/dev/gcc-arm-none-eabi-9-2020-q2-update-win32/bin/../lib/gcc/arm-none-eabi/9.3.1/../../../../arm-none-eabi/lib/thumb/v7-m/nofp\libc_nano.a(lib_a-writer.o)
 .ARM.attributes
                0x00000665       0x2d c:/dev/gcc-arm-none-eabi-9-2020-q2-update-win32/bin/../lib/gcc/arm-none-eabi/9.3.1/../../../../arm-none-eabi/lib/thumb/v7-m/nofp\libc_nano.a(lib_a-wsetup.o)
 .ARM.attributes
                0x00000692       0x2d c:/dev/gcc-arm-none-eabi-9-2020-q2-update-win32/bin/../lib/gcc/arm-none-eabi/9.3.1/../../../../arm-none-eabi/lib/thumb/v7-m/nofp\libc_nano.a(lib_a-closer.o)
 .ARM.attributes
                0x000006bf       0x2d c:/dev/gcc-arm-none-eabi-9-2020-q2-update-win32/bin/../lib/gcc/arm-none-eabi/9.3.1/../../../../arm-none-eabi/lib/thumb/v7-m/nofp\libc_nano.a(lib_a-fflush.o)
 .ARM.attributes
                0x000006ec       0x2d c:/dev/gcc-arm-none-eabi-9-2020-q2-update-win32/bin/../lib/gcc/arm-none-eabi/9.3.1/../../../../arm-none-eabi/lib/thumb/v7-m/nofp\libc_nano.a(lib_a-lseekr.o)
 .ARM.attributes
                0x00000719       0x2d c:/dev/gcc-arm-none-eabi-9-2020-q2-update-win32/bin/../lib/gcc/arm-none-eabi/9.3.1/../../../../arm-none-eabi/lib/thumb/v7-m/nofp\libc_nano.a(lib_a-makebuf.o)
 .ARM.attributes
                0x00000746       0x2d c:/dev/gcc-arm-none-eabi-9-2020-q2-update-win32/bin/../lib/gcc/arm-none-eabi/9.3.1/../../../../arm-none-eabi/lib/thumb/v7-m/nofp\libc_nano.a(lib_a-memchr-stub.o)
 .ARM.attributes
                0x00000773       0x2d c:/dev/gcc-arm-none-eabi-9-2020-q2-update-win32/bin/../lib/gcc/arm-none-eabi/9.3.1/../../../../arm-none-eabi/lib/thumb/v7-m/nofp\libc_nano.a(lib_a-mlock.o)
 .ARM.attributes
                0x000007a0       0x2d c:/dev/gcc-arm-none-eabi-9-2020-q2-update-win32/bin/../lib/gcc/arm-none-eabi/9.3.1/../../../../arm-none-eabi/lib/thumb/v7-m/nofp\libc_nano.a(lib_a-nano-freer.o)
 .ARM.attributes
                0x000007cd       0x2d c:/dev/gcc-arm-none-eabi-9-2020-q2-update-win32/bin/../lib/gcc/arm-none-eabi/9.3.1/../../../../arm-none-eabi/lib/thumb/v7-m/nofp\libc_nano.a(lib_a-readr.o)
 .ARM.attributes
                0x000007fa       0x2d c:/dev/gcc-arm-none-eabi-9-2020-q2-update-win32/bin/../lib/gcc/arm-none-eabi/9.3.1/../../../../arm-none-eabi/lib/thumb/v7-m/nofp\libc_nano.a(lib_a-reent.o)
 .ARM.attributes
                0x00000827       0x2d c:/dev/gcc-arm-none-eabi-9-2020-q2-update-win32/bin/../lib/gcc/arm-none-eabi/9.3.1/../../../../arm-none-eabi/lib/thumb/v7-m/nofp\libc_nano.a(lib_a-fstatr.o)
 .ARM.attributes
                0x00000854       0x2d c:/dev/gcc-arm-none-eabi-9-2020-q2-update-win32/bin/../lib/gcc/arm-none-eabi/9.3.1/../../../../arm-none-eabi/lib/thumb/v7-m/nofp\libc_nano.a(lib_a-isattyr.o)
 .ARM.attributes
                0x00000881       0x2d c:/dev/gcc-arm-none-eabi-9-2020-q2-update-win32/bin/../lib/gcc/arm-none-eabi/9.3.1/../../../../arm-none-eabi/lib/thumb/v7-m/nofp\libnosys.a(close.o)
 .ARM.attributes
                0x000008ae       0x2d c:/dev/gcc-arm-none-eabi-9-2020-q2-update-win32/bin/../lib/gcc/arm-none-eabi/9.3.1/../../../../arm-none-eabi/lib/thumb/v7-m/nofp\libnosys.a(fstat.o)
 .ARM.attributes
                0x000008db       0x2d c:/dev/gcc-arm-none-eabi-9-2020-q2-update-win32/bin/../lib/gcc/arm-none-eabi/9.3.1/../../../../arm-none-eabi/lib/thumb/v7-m/nofp\libnosys.a(isatty.o)
 .ARM.attributes
                0x00000908       0x2d c:/dev/gcc-arm-none-eabi-9-2020-q2-update-win32/bin/../lib/gcc/arm-none-eabi/9.3.1/../../../../arm-none-eabi/lib/thumb/v7-m/nofp\libnosys.a(lseek.o)
 .ARM.attributes
                0x00000935       0x2d c:/dev/gcc-arm-none-eabi-9-2020-q2-update-win32/bin/../lib/gcc/arm-none-eabi/9.3.1/../../../../arm-none-eabi/lib/thumb/v7-m/nofp\libnosys.a(read.o)
 .ARM.attributes
                0x00000962       0x2d c:/dev/gcc-arm-none-eabi-9-2020-q2-update-win32/bin/../lib/gcc/arm-none-eabi/9.3.1/../../../../arm-none-eabi/lib/thumb/v7-m/nofp\libnosys.a(sbrk.o)
 .ARM.attributes
                0x0000098f       0x1d c:/dev/gcc-arm-none-eabi-9-2020-q2-update-win32/bin/../lib/gcc/arm-none-eabi/9.3.1/thumb/v7-m/nofp/crtn.o
OUTPUT(build/oxi_dev_v2.elf elf32-littlearm)
LOAD linker stubs
LOAD c:/dev/gcc-arm-none-eabi-9-2020-q2-update-win32/bin/../lib/gcc/arm-none-eabi/9.3.1/../../../../arm-none-eabi/lib/thumb/v7-m/nofp\libc.a
LOAD c:/dev/gcc-arm-none-eabi-9-2020-q2-update-win32/bin/../lib/gcc/arm-none-eabi/9.3.1/../../../../arm-none-eabi/lib/thumb/v7-m/nofp\libm.a
LOAD c:/dev/gcc-arm-none-eabi-9-2020-q2-update-win32/bin/../lib/gcc/arm-none-eabi/9.3.1/thumb/v7-m/nofp\libgcc.a

.debug_info     0x00000000    0x1901a
 .debug_info    0x00000000     0x28b6 build/main.o
 .debug_info    0x000028b6     0x11a0 build/stm32f1xx_it.o
 .debug_info    0x00003a56     0x1c7d build/stm32f1xx_hal_msp.o
 .debug_info    0x000056d3      0xbbe build/stm32f1xx_hal_timebase_tim.o
 .debug_info    0x00006291     0x10f9 build/stm32f1xx_hal_adc.o
 .debug_info    0x0000738a      0xd8b build/stm32f1xx_hal_adc_ex.o
 .debug_info    0x00008115      0x8e4 build/stm32f1xx_hal.o
 .debug_info    0x000089f9      0xb67 build/stm32f1xx_hal_rcc.o
 .debug_info    0x00009560      0x541 build/stm32f1xx_hal_rcc_ex.o
 .debug_info    0x00009aa1      0x7d1 build/stm32f1xx_hal_gpio.o
 .debug_info    0x0000a272      0x9b5 build/stm32f1xx_hal_dma.o
 .debug_info    0x0000ac27      0xef7 build/stm32f1xx_hal_cortex.o
 .debug_info    0x0000bb1e     0x3cf3 build/stm32f1xx_hal_i2c.o
 .debug_info    0x0000f811     0x1fa2 build/stm32f1xx_hal_spi.o
 .debug_info    0x000117b3     0x3ea5 build/stm32f1xx_hal_tim.o
 .debug_info    0x00015658     0x1c1a build/stm32f1xx_hal_tim_ex.o
 .debug_info    0x00017272     0x1a8f build/stm32f1xx_hal_uart.o
 .debug_info    0x00018d01      0x2f7 build/system_stm32f1xx.o
 .debug_info    0x00018ff8       0x22 build/startup_stm32f103xb.o

.debug_abbrev   0x00000000     0x2dd7
 .debug_abbrev  0x00000000      0x3c0 build/main.o
 .debug_abbrev  0x000003c0      0x1c3 build/stm32f1xx_it.o
 .debug_abbrev  0x00000583      0x27e build/stm32f1xx_hal_msp.o
 .debug_abbrev  0x00000801      0x21c build/stm32f1xx_hal_timebase_tim.o
 .debug_abbrev  0x00000a1d      0x265 build/stm32f1xx_hal_adc.o
 .debug_abbrev  0x00000c82      0x293 build/stm32f1xx_hal_adc_ex.o
 .debug_abbrev  0x00000f15      0x21c build/stm32f1xx_hal.o
 .debug_abbrev  0x00001131      0x2ad build/stm32f1xx_hal_rcc.o
 .debug_abbrev  0x000013de      0x1fb build/stm32f1xx_hal_rcc_ex.o
 .debug_abbrev  0x000015d9      0x24f build/stm32f1xx_hal_gpio.o
 .debug_abbrev  0x00001828      0x283 build/stm32f1xx_hal_dma.o
 .debug_abbrev  0x00001aab      0x37f build/stm32f1xx_hal_cortex.o
 .debug_abbrev  0x00001e2a      0x332 build/stm32f1xx_hal_i2c.o
 .debug_abbrev  0x0000215c      0x2be build/stm32f1xx_hal_spi.o
 .debug_abbrev  0x0000241a      0x2c3 build/stm32f1xx_hal_tim.o
 .debug_abbrev  0x000026dd      0x2ab build/stm32f1xx_hal_tim_ex.o
 .debug_abbrev  0x00002988      0x2ea build/stm32f1xx_hal_uart.o
 .debug_abbrev  0x00002c72      0x153 build/system_stm32f1xx.o
 .debug_abbrev  0x00002dc5       0x12 build/startup_stm32f103xb.o

.debug_loc      0x00000000    0x14622
 .debug_loc     0x00000000      0x358 build/main.o
 .debug_loc     0x00000358       0x80 build/stm32f1xx_it.o
 .debug_loc     0x000003d8      0x464 build/stm32f1xx_hal_msp.o
 .debug_loc     0x0000083c       0xcd build/stm32f1xx_hal_timebase_tim.o
 .debug_loc     0x00000909      0xdf1 build/stm32f1xx_hal_adc.o
 .debug_loc     0x000016fa      0xb01 build/stm32f1xx_hal_adc_ex.o
 .debug_loc     0x000021fb      0x1e1 build/stm32f1xx_hal.o
 .debug_loc     0x000023dc      0x77e build/stm32f1xx_hal_rcc.o
 .debug_loc     0x00002b5a      0x40c build/stm32f1xx_hal_rcc_ex.o
 .debug_loc     0x00002f66      0x548 build/stm32f1xx_hal_gpio.o
 .debug_loc     0x000034ae      0x901 build/stm32f1xx_hal_dma.o
 .debug_loc     0x00003daf      0x7af build/stm32f1xx_hal_cortex.o
 .debug_loc     0x0000455e     0x4b59 build/stm32f1xx_hal_i2c.o
 .debug_loc     0x000090b7     0x2452 build/stm32f1xx_hal_spi.o
 .debug_loc     0x0000b509     0x5314 build/stm32f1xx_hal_tim.o
 .debug_loc     0x0001081d     0x1f01 build/stm32f1xx_hal_tim_ex.o
 .debug_loc     0x0001271e     0x1e05 build/stm32f1xx_hal_uart.o
 .debug_loc     0x00014523       0xff build/system_stm32f1xx.o

.debug_aranges  0x00000000     0x11f0
 .debug_aranges
                0x00000000       0x88 build/main.o
 .debug_aranges
                0x00000088       0x88 build/stm32f1xx_it.o
 .debug_aranges
                0x00000110       0x70 build/stm32f1xx_hal_msp.o
 .debug_aranges
                0x00000180       0x30 build/stm32f1xx_hal_timebase_tim.o
 .debug_aranges
                0x000001b0       0xf0 build/stm32f1xx_hal_adc.o
 .debug_aranges
                0x000002a0       0x80 build/stm32f1xx_hal_adc_ex.o
 .debug_aranges
                0x00000320       0xe0 build/stm32f1xx_hal.o
 .debug_aranges
                0x00000400       0x90 build/stm32f1xx_hal_rcc.o
 .debug_aranges
                0x00000490       0x30 build/stm32f1xx_hal_rcc_ex.o
 .debug_aranges
                0x000004c0       0x58 build/stm32f1xx_hal_gpio.o
 .debug_aranges
                0x00000518       0x80 build/stm32f1xx_hal_dma.o
 .debug_aranges
                0x00000598       0x90 build/stm32f1xx_hal_cortex.o
 .debug_aranges
                0x00000628      0x2a0 build/stm32f1xx_hal_i2c.o
 .debug_aranges
                0x000008c8      0x1d0 build/stm32f1xx_hal_spi.o
 .debug_aranges
                0x00000a98      0x3d0 build/stm32f1xx_hal_tim.o
 .debug_aranges
                0x00000e68      0x168 build/stm32f1xx_hal_tim_ex.o
 .debug_aranges
                0x00000fd0      0x1d0 build/stm32f1xx_hal_uart.o
 .debug_aranges
                0x000011a0       0x28 build/system_stm32f1xx.o
 .debug_aranges
                0x000011c8       0x28 build/startup_stm32f103xb.o

.debug_ranges   0x00000000     0x1190
 .debug_ranges  0x00000000       0x90 build/main.o
 .debug_ranges  0x00000090       0x78 build/stm32f1xx_it.o
 .debug_ranges  0x00000108       0x60 build/stm32f1xx_hal_msp.o
 .debug_ranges  0x00000168       0x20 build/stm32f1xx_hal_timebase_tim.o
 .debug_ranges  0x00000188       0xe0 build/stm32f1xx_hal_adc.o
 .debug_ranges  0x00000268       0x70 build/stm32f1xx_hal_adc_ex.o
 .debug_ranges  0x000002d8       0xd0 build/stm32f1xx_hal.o
 .debug_ranges  0x000003a8       0xa0 build/stm32f1xx_hal_rcc.o
 .debug_ranges  0x00000448       0x38 build/stm32f1xx_hal_rcc_ex.o
 .debug_ranges  0x00000480       0x48 build/stm32f1xx_hal_gpio.o
 .debug_ranges  0x000004c8       0x70 build/stm32f1xx_hal_dma.o
 .debug_ranges  0x00000538       0xe0 build/stm32f1xx_hal_cortex.o
 .debug_ranges  0x00000618      0x2a8 build/stm32f1xx_hal_i2c.o
 .debug_ranges  0x000008c0      0x1c0 build/stm32f1xx_hal_spi.o
 .debug_ranges  0x00000a80      0x3c0 build/stm32f1xx_hal_tim.o
 .debug_ranges  0x00000e40      0x158 build/stm32f1xx_hal_tim_ex.o
 .debug_ranges  0x00000f98      0x1c0 build/stm32f1xx_hal_uart.o
 .debug_ranges  0x00001158       0x18 build/system_stm32f1xx.o
 .debug_ranges  0x00001170       0x20 build/startup_stm32f103xb.o

.debug_line     0x00000000    0x155d5
 .debug_line    0x00000000      0x930 build/main.o
 .debug_line    0x00000930      0x39e build/stm32f1xx_it.o
 .debug_line    0x00000cce      0x609 build/stm32f1xx_hal_msp.o
 .debug_line    0x000012d7      0x2c9 build/stm32f1xx_hal_timebase_tim.o
 .debug_line    0x000015a0      0xeba build/stm32f1xx_hal_adc.o
 .debug_line    0x0000245a      0xb83 build/stm32f1xx_hal_adc_ex.o
 .debug_line    0x00002fdd      0x50c build/stm32f1xx_hal.o
 .debug_line    0x000034e9      0xc2d build/stm32f1xx_hal_rcc.o
 .debug_line    0x00004116      0x4b6 build/stm32f1xx_hal_rcc_ex.o
 .debug_line    0x000045cc      0x60e build/stm32f1xx_hal_gpio.o
 .debug_line    0x00004bda      0xa81 build/stm32f1xx_hal_dma.o
 .debug_line    0x0000565b      0x662 build/stm32f1xx_hal_cortex.o
 .debug_line    0x00005cbd     0x52ec build/stm32f1xx_hal_i2c.o
 .debug_line    0x0000afa9     0x2447 build/stm32f1xx_hal_spi.o
 .debug_line    0x0000d3f0     0x469d build/stm32f1xx_hal_tim.o
 .debug_line    0x00011a8d     0x1c8c build/stm32f1xx_hal_tim_ex.o
 .debug_line    0x00013719     0x1bce build/stm32f1xx_hal_uart.o
 .debug_line    0x000152e7      0x27c build/system_stm32f1xx.o
 .debug_line    0x00015563       0x72 build/startup_stm32f103xb.o

.debug_str      0x00000000     0x532e
 .debug_str     0x00000000     0x1676 build/main.o
                               0x1823 (size before relaxing)
 .debug_str     0x00001676      0x158 build/stm32f1xx_it.o
                                0xe04 (size before relaxing)
 .debug_str     0x000017ce      0x481 build/stm32f1xx_hal_msp.o
                               0x12d6 (size before relaxing)
 .debug_str     0x00001c4f       0xe3 build/stm32f1xx_hal_timebase_tim.o
                                0xbc6 (size before relaxing)
 .debug_str     0x00001d32      0x2e4 build/stm32f1xx_hal_adc.o
                                0x987 (size before relaxing)
 .debug_str     0x00002016      0x272 build/stm32f1xx_hal_adc_ex.o
                                0x93a (size before relaxing)
 .debug_str     0x00002288      0x21f build/stm32f1xx_hal.o
                                0x869 (size before relaxing)
 .debug_str     0x000024a7      0x1ac build/stm32f1xx_hal_rcc.o
                                0x6b8 (size before relaxing)
 .debug_str     0x00002653       0x81 build/stm32f1xx_hal_rcc_ex.o
                                0x497 (size before relaxing)
 .debug_str     0x000026d4      0x117 build/stm32f1xx_hal_gpio.o
                                0x4d6 (size before relaxing)
 .debug_str     0x000027eb      0x218 build/stm32f1xx_hal_dma.o
                                0x6d3 (size before relaxing)
 .debug_str     0x00002a03      0x391 build/stm32f1xx_hal_cortex.o
                                0x985 (size before relaxing)
 .debug_str     0x00002d94      0x86e build/stm32f1xx_hal_i2c.o
                               0x106c (size before relaxing)
 .debug_str     0x00003602      0x4f2 build/stm32f1xx_hal_spi.o
                                0xc14 (size before relaxing)
 .debug_str     0x00003af4      0xd82 build/stm32f1xx_hal_tim.o
                               0x170e (size before relaxing)
 .debug_str     0x00004876      0x54a build/stm32f1xx_hal_tim_ex.o
                                0xf38 (size before relaxing)
 .debug_str     0x00004dc0      0x4fb build/stm32f1xx_hal_uart.o
                                0xc66 (size before relaxing)
 .debug_str     0x000052bb       0x4f build/system_stm32f1xx.o
                                0x2ec (size before relaxing)
 .debug_str     0x0000530a       0x24 build/startup_stm32f103xb.o
                                 0x6c (size before relaxing)

.comment        0x00000000       0x4c
 .comment       0x00000000       0x4c build/main.o
                                 0x4d (size before relaxing)
 .comment       0x0000004c       0x4d build/stm32f1xx_it.o
 .comment       0x0000004c       0x4d build/stm32f1xx_hal_msp.o
 .comment       0x0000004c       0x4d build/stm32f1xx_hal_timebase_tim.o
 .comment       0x0000004c       0x4d build/stm32f1xx_hal_adc.o
 .comment       0x0000004c       0x4d build/stm32f1xx_hal_adc_ex.o
 .comment       0x0000004c       0x4d build/stm32f1xx_hal.o
 .comment       0x0000004c       0x4d build/stm32f1xx_hal_rcc.o
 .comment       0x0000004c       0x4d build/stm32f1xx_hal_rcc_ex.o
 .comment       0x0000004c       0x4d build/stm32f1xx_hal_gpio.o
 .comment       0x0000004c       0x4d build/stm32f1xx_hal_dma.o
 .comment       0x0000004c       0x4d build/stm32f1xx_hal_cortex.o
 .comment       0x0000004c       0x4d build/stm32f1xx_hal_i2c.o
 .comment       0x0000004c       0x4d build/stm32f1xx_hal_spi.o
 .comment       0x0000004c       0x4d build/stm32f1xx_hal_tim.o
 .comment       0x0000004c       0x4d build/stm32f1xx_hal_tim_ex.o
 .comment       0x0000004c       0x4d build/stm32f1xx_hal_uart.o
 .comment       0x0000004c       0x4d build/system_stm32f1xx.o

.debug_frame    0x00000000     0x3c54
 .debug_frame   0x00000000      0x18c build/main.o
 .debug_frame   0x0000018c      0x110 build/stm32f1xx_it.o
 .debug_frame   0x0000029c      0x134 build/stm32f1xx_hal_msp.o
 .debug_frame   0x000003d0       0x50 build/stm32f1xx_hal_timebase_tim.o
 .debug_frame   0x00000420      0x2c4 build/stm32f1xx_hal_adc.o
 .debug_frame   0x000006e4      0x190 build/stm32f1xx_hal_adc_ex.o
 .debug_frame   0x00000874      0x1cc build/stm32f1xx_hal.o
 .debug_frame   0x00000a40      0x18c build/stm32f1xx_hal_rcc.o
 .debug_frame   0x00000bcc       0x64 build/stm32f1xx_hal_rcc_ex.o
 .debug_frame   0x00000c30       0xe8 build/stm32f1xx_hal_gpio.o
 .debug_frame   0x00000d18      0x148 build/stm32f1xx_hal_dma.o
 .debug_frame   0x00000e60      0x12c build/stm32f1xx_hal_cortex.o
 .debug_frame   0x00000f8c      0x968 build/stm32f1xx_hal_i2c.o
 .debug_frame   0x000018f4      0x5a0 build/stm32f1xx_hal_spi.o
 .debug_frame   0x00001e94      0xb28 build/stm32f1xx_hal_tim.o
 .debug_frame   0x000029bc      0x418 build/stm32f1xx_hal_tim_ex.o
 .debug_frame   0x00002dd4      0x4e8 build/stm32f1xx_hal_uart.o
 .debug_frame   0x000032bc       0x30 build/system_stm32f1xx.o
 .debug_frame   0x000032ec       0x2c c:/dev/gcc-arm-none-eabi-9-2020-q2-update-win32/bin/../lib/gcc/arm-none-eabi/9.3.1/../../../../arm-none-eabi/lib/thumb/v7-m/nofp\libc_nano.a(lib_a-init.o)
 .debug_frame   0x00003318       0x20 c:/dev/gcc-arm-none-eabi-9-2020-q2-update-win32/bin/../lib/gcc/arm-none-eabi/9.3.1/../../../../arm-none-eabi/lib/thumb/v7-m/nofp\libc_nano.a(lib_a-memset.o)
 .debug_frame   0x00003338       0x74 c:/dev/gcc-arm-none-eabi-9-2020-q2-update-win32/bin/../lib/gcc/arm-none-eabi/9.3.1/../../../../arm-none-eabi/lib/thumb/v7-m/nofp\libc_nano.a(lib_a-printf.o)
 .debug_frame   0x000033ac       0x58 c:/dev/gcc-arm-none-eabi-9-2020-q2-update-win32/bin/../lib/gcc/arm-none-eabi/9.3.1/../../../../arm-none-eabi/lib/thumb/v7-m/nofp\libc_nano.a(lib_a-putchar.o)
 .debug_frame   0x00003404      0x14c c:/dev/gcc-arm-none-eabi-9-2020-q2-update-win32/bin/../lib/gcc/arm-none-eabi/9.3.1/../../../../arm-none-eabi/lib/thumb/v7-m/nofp\libc_nano.a(lib_a-findfp.o)
 .debug_frame   0x00003550       0x54 c:/dev/gcc-arm-none-eabi-9-2020-q2-update-win32/bin/../lib/gcc/arm-none-eabi/9.3.1/../../../../arm-none-eabi/lib/thumb/v7-m/nofp\libc_nano.a(lib_a-fwalk.o)
 .debug_frame   0x000035a4       0xb0 c:/dev/gcc-arm-none-eabi-9-2020-q2-update-win32/bin/../lib/gcc/arm-none-eabi/9.3.1/../../../../arm-none-eabi/lib/thumb/v7-m/nofp\libc_nano.a(lib_a-lock.o)
 .debug_frame   0x00003654       0x30 c:/dev/gcc-arm-none-eabi-9-2020-q2-update-win32/bin/../lib/gcc/arm-none-eabi/9.3.1/../../../../arm-none-eabi/lib/thumb/v7-m/nofp\libc_nano.a(lib_a-nano-mallocr.o)
 .debug_frame   0x00003684       0xac c:/dev/gcc-arm-none-eabi-9-2020-q2-update-win32/bin/../lib/gcc/arm-none-eabi/9.3.1/../../../../arm-none-eabi/lib/thumb/v7-m/nofp\libc_nano.a(lib_a-nano-vfprintf.o)
 .debug_frame   0x00003730       0x60 c:/dev/gcc-arm-none-eabi-9-2020-q2-update-win32/bin/../lib/gcc/arm-none-eabi/9.3.1/../../../../arm-none-eabi/lib/thumb/v7-m/nofp\libc_nano.a(lib_a-nano-vfprintf_i.o)
 .debug_frame   0x00003790       0x3c c:/dev/gcc-arm-none-eabi-9-2020-q2-update-win32/bin/../lib/gcc/arm-none-eabi/9.3.1/../../../../arm-none-eabi/lib/thumb/v7-m/nofp\libc_nano.a(lib_a-putc.o)
 .debug_frame   0x000037cc       0x2c c:/dev/gcc-arm-none-eabi-9-2020-q2-update-win32/bin/../lib/gcc/arm-none-eabi/9.3.1/../../../../arm-none-eabi/lib/thumb/v7-m/nofp\libc_nano.a(lib_a-sbrkr.o)
 .debug_frame   0x000037f8       0x88 c:/dev/gcc-arm-none-eabi-9-2020-q2-update-win32/bin/../lib/gcc/arm-none-eabi/9.3.1/../../../../arm-none-eabi/lib/thumb/v7-m/nofp\libc_nano.a(lib_a-stdio.o)
 .debug_frame   0x00003880       0x40 c:/dev/gcc-arm-none-eabi-9-2020-q2-update-win32/bin/../lib/gcc/arm-none-eabi/9.3.1/../../../../arm-none-eabi/lib/thumb/v7-m/nofp\libc_nano.a(lib_a-wbuf.o)
 .debug_frame   0x000038c0       0x2c c:/dev/gcc-arm-none-eabi-9-2020-q2-update-win32/bin/../lib/gcc/arm-none-eabi/9.3.1/../../../../arm-none-eabi/lib/thumb/v7-m/nofp\libc_nano.a(lib_a-writer.o)
 .debug_frame   0x000038ec       0x2c c:/dev/gcc-arm-none-eabi-9-2020-q2-update-win32/bin/../lib/gcc/arm-none-eabi/9.3.1/../../../../arm-none-eabi/lib/thumb/v7-m/nofp\libc_nano.a(lib_a-wsetup.o)
 .debug_frame   0x00003918       0x2c c:/dev/gcc-arm-none-eabi-9-2020-q2-update-win32/bin/../lib/gcc/arm-none-eabi/9.3.1/../../../../arm-none-eabi/lib/thumb/v7-m/nofp\libc_nano.a(lib_a-closer.o)
 .debug_frame   0x00003944       0x5c c:/dev/gcc-arm-none-eabi-9-2020-q2-update-win32/bin/../lib/gcc/arm-none-eabi/9.3.1/../../../../arm-none-eabi/lib/thumb/v7-m/nofp\libc_nano.a(lib_a-fflush.o)
 .debug_frame   0x000039a0       0x2c c:/dev/gcc-arm-none-eabi-9-2020-q2-update-win32/bin/../lib/gcc/arm-none-eabi/9.3.1/../../../../arm-none-eabi/lib/thumb/v7-m/nofp\libc_nano.a(lib_a-lseekr.o)
 .debug_frame   0x000039cc       0x58 c:/dev/gcc-arm-none-eabi-9-2020-q2-update-win32/bin/../lib/gcc/arm-none-eabi/9.3.1/../../../../arm-none-eabi/lib/thumb/v7-m/nofp\libc_nano.a(lib_a-makebuf.o)
 .debug_frame   0x00003a24       0x28 c:/dev/gcc-arm-none-eabi-9-2020-q2-update-win32/bin/../lib/gcc/arm-none-eabi/9.3.1/../../../../arm-none-eabi/lib/thumb/v7-m/nofp\libc_nano.a(lib_a-memchr-stub.o)
 .debug_frame   0x00003a4c       0x30 c:/dev/gcc-arm-none-eabi-9-2020-q2-update-win32/bin/../lib/gcc/arm-none-eabi/9.3.1/../../../../arm-none-eabi/lib/thumb/v7-m/nofp\libc_nano.a(lib_a-mlock.o)
 .debug_frame   0x00003a7c       0x38 c:/dev/gcc-arm-none-eabi-9-2020-q2-update-win32/bin/../lib/gcc/arm-none-eabi/9.3.1/../../../../arm-none-eabi/lib/thumb/v7-m/nofp\libc_nano.a(lib_a-nano-freer.o)
 .debug_frame   0x00003ab4       0x2c c:/dev/gcc-arm-none-eabi-9-2020-q2-update-win32/bin/../lib/gcc/arm-none-eabi/9.3.1/../../../../arm-none-eabi/lib/thumb/v7-m/nofp\libc_nano.a(lib_a-readr.o)
 .debug_frame   0x00003ae0       0x5c c:/dev/gcc-arm-none-eabi-9-2020-q2-update-win32/bin/../lib/gcc/arm-none-eabi/9.3.1/../../../../arm-none-eabi/lib/thumb/v7-m/nofp\libc_nano.a(lib_a-reent.o)
 .debug_frame   0x00003b3c       0x2c c:/dev/gcc-arm-none-eabi-9-2020-q2-update-win32/bin/../lib/gcc/arm-none-eabi/9.3.1/../../../../arm-none-eabi/lib/thumb/v7-m/nofp\libc_nano.a(lib_a-fstatr.o)
 .debug_frame   0x00003b68       0x2c c:/dev/gcc-arm-none-eabi-9-2020-q2-update-win32/bin/../lib/gcc/arm-none-eabi/9.3.1/../../../../arm-none-eabi/lib/thumb/v7-m/nofp\libc_nano.a(lib_a-isattyr.o)
 .debug_frame   0x00003b94       0x20 c:/dev/gcc-arm-none-eabi-9-2020-q2-update-win32/bin/../lib/gcc/arm-none-eabi/9.3.1/../../../../arm-none-eabi/lib/thumb/v7-m/nofp\libnosys.a(close.o)
 .debug_frame   0x00003bb4       0x20 c:/dev/gcc-arm-none-eabi-9-2020-q2-update-win32/bin/../lib/gcc/arm-none-eabi/9.3.1/../../../../arm-none-eabi/lib/thumb/v7-m/nofp\libnosys.a(fstat.o)
 .debug_frame   0x00003bd4       0x20 c:/dev/gcc-arm-none-eabi-9-2020-q2-update-win32/bin/../lib/gcc/arm-none-eabi/9.3.1/../../../../arm-none-eabi/lib/thumb/v7-m/nofp\libnosys.a(isatty.o)
 .debug_frame   0x00003bf4       0x20 c:/dev/gcc-arm-none-eabi-9-2020-q2-update-win32/bin/../lib/gcc/arm-none-eabi/9.3.1/../../../../arm-none-eabi/lib/thumb/v7-m/nofp\libnosys.a(lseek.o)
 .debug_frame   0x00003c14       0x20 c:/dev/gcc-arm-none-eabi-9-2020-q2-update-win32/bin/../lib/gcc/arm-none-eabi/9.3.1/../../../../arm-none-eabi/lib/thumb/v7-m/nofp\libnosys.a(read.o)
 .debug_frame   0x00003c34       0x20 c:/dev/gcc-arm-none-eabi-9-2020-q2-update-win32/bin/../lib/gcc/arm-none-eabi/9.3.1/../../../../arm-none-eabi/lib/thumb/v7-m/nofp\libnosys.a(sbrk.o)

.stab           0x00000000       0x84
 .stab          0x00000000       0x24 c:/dev/gcc-arm-none-eabi-9-2020-q2-update-win32/bin/../lib/gcc/arm-none-eabi/9.3.1/../../../../arm-none-eabi/lib/thumb/v7-m/nofp\libnosys.a(close.o)
 .stab          0x00000024       0x18 c:/dev/gcc-arm-none-eabi-9-2020-q2-update-win32/bin/../lib/gcc/arm-none-eabi/9.3.1/../../../../arm-none-eabi/lib/thumb/v7-m/nofp\libnosys.a(fstat.o)
                                 0x24 (size before relaxing)
 .stab          0x0000003c       0x18 c:/dev/gcc-arm-none-eabi-9-2020-q2-update-win32/bin/../lib/gcc/arm-none-eabi/9.3.1/../../../../arm-none-eabi/lib/thumb/v7-m/nofp\libnosys.a(isatty.o)
                                 0x24 (size before relaxing)
 .stab          0x00000054       0x18 c:/dev/gcc-arm-none-eabi-9-2020-q2-update-win32/bin/../lib/gcc/arm-none-eabi/9.3.1/../../../../arm-none-eabi/lib/thumb/v7-m/nofp\libnosys.a(lseek.o)
                                 0x24 (size before relaxing)
 .stab          0x0000006c       0x18 c:/dev/gcc-arm-none-eabi-9-2020-q2-update-win32/bin/../lib/gcc/arm-none-eabi/9.3.1/../../../../arm-none-eabi/lib/thumb/v7-m/nofp\libnosys.a(read.o)
                                 0x24 (size before relaxing)

.stabstr        0x00000000      0x117
 .stabstr       0x00000000      0x117 c:/dev/gcc-arm-none-eabi-9-2020-q2-update-win32/bin/../lib/gcc/arm-none-eabi/9.3.1/../../../../arm-none-eabi/lib/thumb/v7-m/nofp\libnosys.a(close.o)

Cross Reference Table

Symbol                                            File
ADC1_2_IRQHandler                                 build/stm32f1xx_it.o
ADC_ConversionStop_Disable                        build/stm32f1xx_hal_adc.o
                                                  build/stm32f1xx_hal_adc_ex.o
ADC_DMAConvCplt                                   build/stm32f1xx_hal_adc.o
                                                  build/stm32f1xx_hal_adc_ex.o
ADC_DMAError                                      build/stm32f1xx_hal_adc.o
                                                  build/stm32f1xx_hal_adc_ex.o
ADC_DMAHalfConvCplt                               build/stm32f1xx_hal_adc.o
                                                  build/stm32f1xx_hal_adc_ex.o
ADC_Enable                                        build/stm32f1xx_hal_adc.o
                                                  build/stm32f1xx_hal_adc_ex.o
AHBPrescTable                                     build/system_stm32f1xx.o
                                                  build/stm32f1xx_hal_rcc.o
APBPrescTable                                     build/system_stm32f1xx.o
                                                  build/stm32f1xx_hal_rcc.o
BusFault_Handler                                  build/stm32f1xx_it.o
CAN1_RX1_IRQHandler                               build/startup_stm32f103xb.o
CAN1_SCE_IRQHandler                               build/startup_stm32f103xb.o
DMA1_Channel1_IRQHandler                          build/startup_stm32f103xb.o
DMA1_Channel2_IRQHandler                          build/startup_stm32f103xb.o
DMA1_Channel3_IRQHandler                          build/startup_stm32f103xb.o
DMA1_Channel4_IRQHandler                          build/startup_stm32f103xb.o
DMA1_Channel5_IRQHandler                          build/startup_stm32f103xb.o
DMA1_Channel6_IRQHandler                          build/startup_stm32f103xb.o
DMA1_Channel7_IRQHandler                          build/startup_stm32f103xb.o
DebugMon_Handler                                  build/stm32f1xx_it.o
Default_Handler                                   build/startup_stm32f103xb.o
EXTI0_IRQHandler                                  build/startup_stm32f103xb.o
EXTI15_10_IRQHandler                              build/startup_stm32f103xb.o
EXTI1_IRQHandler                                  build/startup_stm32f103xb.o
EXTI2_IRQHandler                                  build/startup_stm32f103xb.o
EXTI3_IRQHandler                                  build/startup_stm32f103xb.o
EXTI4_IRQHandler                                  build/startup_stm32f103xb.o
EXTI9_5_IRQHandler                                build/startup_stm32f103xb.o
Error_Handler                                     build/main.o
FLASH_IRQHandler                                  build/startup_stm32f103xb.o
FLASH_PageErase                                   build/stm32f1xx_hal_flash_ex.o
                                                  build/stm32f1xx_hal_flash.o
FLASH_WaitForLastOperation                        build/stm32f1xx_hal_flash.o
                                                  build/stm32f1xx_hal_flash_ex.o
HAL_ADCEx_Calibration_Start                       build/stm32f1xx_hal_adc_ex.o
                                                  build/main.o
HAL_ADCEx_InjectedConfigChannel                   build/stm32f1xx_hal_adc_ex.o
HAL_ADCEx_InjectedConvCpltCallback                build/stm32f1xx_hal_adc_ex.o
                                                  build/stm32f1xx_hal_adc.o
HAL_ADCEx_InjectedGetValue                        build/stm32f1xx_hal_adc_ex.o
HAL_ADCEx_InjectedPollForConversion               build/stm32f1xx_hal_adc_ex.o
HAL_ADCEx_InjectedStart                           build/stm32f1xx_hal_adc_ex.o
HAL_ADCEx_InjectedStart_IT                        build/stm32f1xx_hal_adc_ex.o
HAL_ADCEx_InjectedStop                            build/stm32f1xx_hal_adc_ex.o
HAL_ADCEx_InjectedStop_IT                         build/stm32f1xx_hal_adc_ex.o
HAL_ADCEx_MultiModeConfigChannel                  build/stm32f1xx_hal_adc_ex.o
HAL_ADCEx_MultiModeGetValue                       build/stm32f1xx_hal_adc_ex.o
HAL_ADCEx_MultiModeStart_DMA                      build/stm32f1xx_hal_adc_ex.o
HAL_ADCEx_MultiModeStop_DMA                       build/stm32f1xx_hal_adc_ex.o
HAL_ADC_AnalogWDGConfig                           build/stm32f1xx_hal_adc.o
HAL_ADC_ConfigChannel                             build/stm32f1xx_hal_adc.o
                                                  build/main.o
HAL_ADC_ConvCpltCallback                          build/stm32f1xx_hal_adc.o
HAL_ADC_ConvHalfCpltCallback                      build/stm32f1xx_hal_adc.o
HAL_ADC_DeInit                                    build/stm32f1xx_hal_adc.o
HAL_ADC_ErrorCallback                             build/stm32f1xx_hal_adc.o
HAL_ADC_GetError                                  build/stm32f1xx_hal_adc.o
HAL_ADC_GetState                                  build/stm32f1xx_hal_adc.o
HAL_ADC_GetValue                                  build/stm32f1xx_hal_adc.o
                                                  build/main.o
HAL_ADC_IRQHandler                                build/stm32f1xx_hal_adc.o
                                                  build/stm32f1xx_it.o
HAL_ADC_Init                                      build/stm32f1xx_hal_adc.o
                                                  build/main.o
HAL_ADC_LevelOutOfWindowCallback                  build/stm32f1xx_hal_adc.o
HAL_ADC_MspDeInit                                 build/stm32f1xx_hal_msp.o
HAL_ADC_MspInit                                   build/stm32f1xx_hal_msp.o
HAL_ADC_PollForConversion                         build/stm32f1xx_hal_adc.o
                                                  build/main.o
HAL_ADC_PollForEvent                              build/stm32f1xx_hal_adc.o
HAL_ADC_Start                                     build/stm32f1xx_hal_adc.o
                                                  build/main.o
HAL_ADC_Start_DMA                                 build/stm32f1xx_hal_adc.o
HAL_ADC_Start_IT                                  build/stm32f1xx_hal_adc.o
HAL_ADC_Stop                                      build/stm32f1xx_hal_adc.o
HAL_ADC_Stop_DMA                                  build/stm32f1xx_hal_adc.o
HAL_ADC_Stop_IT                                   build/stm32f1xx_hal_adc.o
HAL_DBGMCU_DisableDBGSleepMode                    build/stm32f1xx_hal.o
HAL_DBGMCU_DisableDBGStandbyMode                  build/stm32f1xx_hal.o
HAL_DBGMCU_DisableDBGStopMode                     build/stm32f1xx_hal.o
HAL_DBGMCU_EnableDBGSleepMode                     build/stm32f1xx_hal.o
HAL_DBGMCU_EnableDBGStandbyMode                   build/stm32f1xx_hal.o
HAL_DBGMCU_EnableDBGStopMode                      build/stm32f1xx_hal.o
HAL_DMA_Abort                                     build/stm32f1xx_hal_dma.o
                                                  build/stm32f1xx_hal_uart.o
                                                  build/stm32f1xx_hal_spi.o
                                                  build/stm32f1xx_hal_adc_ex.o
                                                  build/stm32f1xx_hal_adc.o
HAL_DMA_Abort_IT                                  build/stm32f1xx_hal_dma.o
                                                  build/stm32f1xx_hal_uart.o
                                                  build/stm32f1xx_hal_tim_ex.o
                                                  build/stm32f1xx_hal_tim.o
                                                  build/stm32f1xx_hal_spi.o
                                                  build/stm32f1xx_hal_i2c.o
HAL_DMA_DeInit                                    build/stm32f1xx_hal_dma.o
HAL_DMA_GetError                                  build/stm32f1xx_hal_dma.o
                                                  build/stm32f1xx_hal_uart.o
HAL_DMA_GetState                                  build/stm32f1xx_hal_dma.o
                                                  build/stm32f1xx_hal_i2c.o
HAL_DMA_IRQHandler                                build/stm32f1xx_hal_dma.o
HAL_DMA_Init                                      build/stm32f1xx_hal_dma.o
HAL_DMA_PollForTransfer                           build/stm32f1xx_hal_dma.o
HAL_DMA_RegisterCallback                          build/stm32f1xx_hal_dma.o
HAL_DMA_Start                                     build/stm32f1xx_hal_dma.o
HAL_DMA_Start_IT                                  build/stm32f1xx_hal_dma.o
                                                  build/stm32f1xx_hal_uart.o
                                                  build/stm32f1xx_hal_tim_ex.o
                                                  build/stm32f1xx_hal_tim.o
                                                  build/stm32f1xx_hal_spi.o
                                                  build/stm32f1xx_hal_i2c.o
                                                  build/stm32f1xx_hal_adc_ex.o
                                                  build/stm32f1xx_hal_adc.o
HAL_DMA_UnRegisterCallback                        build/stm32f1xx_hal_dma.o
HAL_DeInit                                        build/stm32f1xx_hal.o
HAL_Delay                                         build/stm32f1xx_hal.o
                                                  build/main.o
HAL_EXTI_ClearConfigLine                          build/stm32f1xx_hal_exti.o
HAL_EXTI_ClearPending                             build/stm32f1xx_hal_exti.o
HAL_EXTI_GenerateSWI                              build/stm32f1xx_hal_exti.o
HAL_EXTI_GetConfigLine                            build/stm32f1xx_hal_exti.o
HAL_EXTI_GetHandle                                build/stm32f1xx_hal_exti.o
HAL_EXTI_GetPending                               build/stm32f1xx_hal_exti.o
HAL_EXTI_IRQHandler                               build/stm32f1xx_hal_exti.o
HAL_EXTI_RegisterCallback                         build/stm32f1xx_hal_exti.o
HAL_EXTI_SetConfigLine                            build/stm32f1xx_hal_exti.o
HAL_FLASHEx_Erase                                 build/stm32f1xx_hal_flash_ex.o
HAL_FLASHEx_Erase_IT                              build/stm32f1xx_hal_flash_ex.o
HAL_FLASHEx_OBErase                               build/stm32f1xx_hal_flash_ex.o
HAL_FLASHEx_OBGetConfig                           build/stm32f1xx_hal_flash_ex.o
HAL_FLASHEx_OBGetUserData                         build/stm32f1xx_hal_flash_ex.o
HAL_FLASHEx_OBProgram                             build/stm32f1xx_hal_flash_ex.o
HAL_FLASH_EndOfOperationCallback                  build/stm32f1xx_hal_flash.o
HAL_FLASH_GetError                                build/stm32f1xx_hal_flash.o
HAL_FLASH_IRQHandler                              build/stm32f1xx_hal_flash.o
HAL_FLASH_Lock                                    build/stm32f1xx_hal_flash.o
HAL_FLASH_OB_Launch                               build/stm32f1xx_hal_flash.o
HAL_FLASH_OB_Lock                                 build/stm32f1xx_hal_flash.o
HAL_FLASH_OB_Unlock                               build/stm32f1xx_hal_flash.o
HAL_FLASH_OperationErrorCallback                  build/stm32f1xx_hal_flash.o
HAL_FLASH_Program                                 build/stm32f1xx_hal_flash.o
HAL_FLASH_Program_IT                              build/stm32f1xx_hal_flash.o
HAL_FLASH_Unlock                                  build/stm32f1xx_hal_flash.o
HAL_GPIOEx_ConfigEventout                         build/stm32f1xx_hal_gpio_ex.o
HAL_GPIOEx_DisableEventout                        build/stm32f1xx_hal_gpio_ex.o
HAL_GPIOEx_EnableEventout                         build/stm32f1xx_hal_gpio_ex.o
HAL_GPIO_DeInit                                   build/stm32f1xx_hal_gpio.o
                                                  build/stm32f1xx_hal_msp.o
HAL_GPIO_EXTI_Callback                            build/stm32f1xx_hal_gpio.o
HAL_GPIO_EXTI_IRQHandler                          build/stm32f1xx_hal_gpio.o
HAL_GPIO_Init                                     build/stm32f1xx_hal_gpio.o
                                                  build/stm32f1xx_hal_rcc.o
                                                  build/stm32f1xx_hal_msp.o
HAL_GPIO_LockPin                                  build/stm32f1xx_hal_gpio.o
HAL_GPIO_ReadPin                                  build/stm32f1xx_hal_gpio.o
HAL_GPIO_TogglePin                                build/stm32f1xx_hal_gpio.o
HAL_GPIO_WritePin                                 build/stm32f1xx_hal_gpio.o
                                                  build/main.o
HAL_GetDEVID                                      build/stm32f1xx_hal.o
HAL_GetHalVersion                                 build/stm32f1xx_hal.o
HAL_GetREVID                                      build/stm32f1xx_hal.o
HAL_GetTick                                       build/stm32f1xx_hal.o
                                                  build/stm32f1xx_hal_uart.o
                                                  build/stm32f1xx_hal_spi.o
                                                  build/stm32f1xx_hal_i2c.o
                                                  build/stm32f1xx_hal_flash.o
                                                  build/stm32f1xx_hal_dma.o
                                                  build/stm32f1xx_hal_rcc_ex.o
                                                  build/stm32f1xx_hal_rcc.o
                                                  build/stm32f1xx_hal_adc_ex.o
                                                  build/stm32f1xx_hal_adc.o
                                                  build/main.o
HAL_GetTickFreq                                   build/stm32f1xx_hal.o
HAL_GetTickPrio                                   build/stm32f1xx_hal.o
HAL_GetUIDw0                                      build/stm32f1xx_hal.o
HAL_GetUIDw1                                      build/stm32f1xx_hal.o
HAL_GetUIDw2                                      build/stm32f1xx_hal.o
HAL_HalfDuplex_EnableReceiver                     build/stm32f1xx_hal_uart.o
HAL_HalfDuplex_EnableTransmitter                  build/stm32f1xx_hal_uart.o
HAL_HalfDuplex_Init                               build/stm32f1xx_hal_uart.o
HAL_I2C_AbortCpltCallback                         build/stm32f1xx_hal_i2c.o
HAL_I2C_AddrCallback                              build/stm32f1xx_hal_i2c.o
HAL_I2C_DeInit                                    build/stm32f1xx_hal_i2c.o
HAL_I2C_DisableListen_IT                          build/stm32f1xx_hal_i2c.o
HAL_I2C_ER_IRQHandler                             build/stm32f1xx_hal_i2c.o
HAL_I2C_EV_IRQHandler                             build/stm32f1xx_hal_i2c.o
                                                  build/stm32f1xx_it.o
HAL_I2C_EnableListen_IT                           build/stm32f1xx_hal_i2c.o
HAL_I2C_ErrorCallback                             build/stm32f1xx_hal_i2c.o
HAL_I2C_GetError                                  build/stm32f1xx_hal_i2c.o
HAL_I2C_GetMode                                   build/stm32f1xx_hal_i2c.o
HAL_I2C_GetState                                  build/stm32f1xx_hal_i2c.o
HAL_I2C_Init                                      build/stm32f1xx_hal_i2c.o
                                                  build/main.o
HAL_I2C_IsDeviceReady                             build/stm32f1xx_hal_i2c.o
HAL_I2C_ListenCpltCallback                        build/stm32f1xx_hal_i2c.o
HAL_I2C_MasterRxCpltCallback                      build/stm32f1xx_hal_i2c.o
HAL_I2C_MasterTxCpltCallback                      build/stm32f1xx_hal_i2c.o
HAL_I2C_Master_Abort_IT                           build/stm32f1xx_hal_i2c.o
HAL_I2C_Master_Receive                            build/stm32f1xx_hal_i2c.o
HAL_I2C_Master_Receive_DMA                        build/stm32f1xx_hal_i2c.o
HAL_I2C_Master_Receive_IT                         build/stm32f1xx_hal_i2c.o
HAL_I2C_Master_Seq_Receive_DMA                    build/stm32f1xx_hal_i2c.o
HAL_I2C_Master_Seq_Receive_IT                     build/stm32f1xx_hal_i2c.o
HAL_I2C_Master_Seq_Transmit_DMA                   build/stm32f1xx_hal_i2c.o
HAL_I2C_Master_Seq_Transmit_IT                    build/stm32f1xx_hal_i2c.o
HAL_I2C_Master_Transmit                           build/stm32f1xx_hal_i2c.o
                                                  build/main.o
HAL_I2C_Master_Transmit_DMA                       build/stm32f1xx_hal_i2c.o
HAL_I2C_Master_Transmit_IT                        build/stm32f1xx_hal_i2c.o
HAL_I2C_MemRxCpltCallback                         build/stm32f1xx_hal_i2c.o
HAL_I2C_MemTxCpltCallback                         build/stm32f1xx_hal_i2c.o
HAL_I2C_Mem_Read                                  build/stm32f1xx_hal_i2c.o
HAL_I2C_Mem_Read_DMA                              build/stm32f1xx_hal_i2c.o
HAL_I2C_Mem_Read_IT                               build/stm32f1xx_hal_i2c.o
HAL_I2C_Mem_Write                                 build/stm32f1xx_hal_i2c.o
HAL_I2C_Mem_Write_DMA                             build/stm32f1xx_hal_i2c.o
HAL_I2C_Mem_Write_IT                              build/stm32f1xx_hal_i2c.o
HAL_I2C_MspDeInit                                 build/stm32f1xx_hal_msp.o