Archive member included to satisfy reference by file (symbol)

c:/dev/gcc-arm-none-eabi-9-2020-q2-update-win32/bin/../lib/gcc/arm-none-eabi/9.3.1/../../../../arm-none-eabi/lib/thumb/v7-m/nofp\libc_nano.a(lib_a-exit.o)
                              c:/dev/gcc-arm-none-eabi-9-2020-q2-update-win32/bin/../lib/gcc/arm-none-eabi/9.3.1/../../../../arm-none-eabi/lib/thumb/v7-m/nofp/crt0.o (exit)
c:/dev/gcc-arm-none-eabi-9-2020-q2-update-win32/bin/../lib/gcc/arm-none-eabi/9.3.1/../../../../arm-none-eabi/lib/thumb/v7-m/nofp\libc_nano.a(lib_a-impure.o)
                              c:/dev/gcc-arm-none-eabi-9-2020-q2-update-win32/bin/../lib/gcc/arm-none-eabi/9.3.1/../../../../arm-none-eabi/lib/thumb/v7-m/nofp\libc_nano.a(lib_a-exit.o) (_global_impure_ptr)
c:/dev/gcc-arm-none-eabi-9-2020-q2-update-win32/bin/../lib/gcc/arm-none-eabi/9.3.1/../../../../arm-none-eabi/lib/thumb/v7-m/nofp\libc_nano.a(lib_a-init.o)
                              c:/dev/gcc-arm-none-eabi-9-2020-q2-update-win32/bin/../lib/gcc/arm-none-eabi/9.3.1/../../../../arm-none-eabi/lib/thumb/v7-m/nofp/crt0.o (__libc_init_array)
c:/dev/gcc-arm-none-eabi-9-2020-q2-update-win32/bin/../lib/gcc/arm-none-eabi/9.3.1/../../../../arm-none-eabi/lib/thumb/v7-m/nofp\libc_nano.a(lib_a-memcpy-stub.o)
                              build/ssd1306.o (memcpy)
c:/dev/gcc-arm-none-eabi-9-2020-q2-update-win32/bin/../lib/gcc/arm-none-eabi/9.3.1/../../../../arm-none-eabi/lib/thumb/v7-m/nofp\libc_nano.a(lib_a-memset.o)
                              c:/dev/gcc-arm-none-eabi-9-2020-q2-update-win32/bin/../lib/gcc/arm-none-eabi/9.3.1/../../../../arm-none-eabi/lib/thumb/v7-m/nofp/crt0.o (memset)
c:/dev/gcc-arm-none-eabi-9-2020-q2-update-win32/bin/../lib/gcc/arm-none-eabi/9.3.1/../../../../arm-none-eabi/lib/thumb/v7-m/nofp\libm.a(lib_a-s_cos.o)
                              build/ssd1306.o (cos)
c:/dev/gcc-arm-none-eabi-9-2020-q2-update-win32/bin/../lib/gcc/arm-none-eabi/9.3.1/../../../../arm-none-eabi/lib/thumb/v7-m/nofp\libm.a(lib_a-s_sin.o)
                              build/ssd1306.o (sin)
c:/dev/gcc-arm-none-eabi-9-2020-q2-update-win32/bin/../lib/gcc/arm-none-eabi/9.3.1/../../../../arm-none-eabi/lib/thumb/v7-m/nofp\libm.a(lib_a-e_rem_pio2.o)
                              c:/dev/gcc-arm-none-eabi-9-2020-q2-update-win32/bin/../lib/gcc/arm-none-eabi/9.3.1/../../../../arm-none-eabi/lib/thumb/v7-m/nofp\libm.a(lib_a-s_cos.o) (__ieee754_rem_pio2)
c:/dev/gcc-arm-none-eabi-9-2020-q2-update-win32/bin/../lib/gcc/arm-none-eabi/9.3.1/../../../../arm-none-eabi/lib/thumb/v7-m/nofp\libm.a(lib_a-k_cos.o)
                              c:/dev/gcc-arm-none-eabi-9-2020-q2-update-win32/bin/../lib/gcc/arm-none-eabi/9.3.1/../../../../arm-none-eabi/lib/thumb/v7-m/nofp\libm.a(lib_a-s_cos.o) (__kernel_cos)
c:/dev/gcc-arm-none-eabi-9-2020-q2-update-win32/bin/../lib/gcc/arm-none-eabi/9.3.1/../../../../arm-none-eabi/lib/thumb/v7-m/nofp\libm.a(lib_a-k_rem_pio2.o)
                              c:/dev/gcc-arm-none-eabi-9-2020-q2-update-win32/bin/../lib/gcc/arm-none-eabi/9.3.1/../../../../arm-none-eabi/lib/thumb/v7-m/nofp\libm.a(lib_a-e_rem_pio2.o) (__kernel_rem_pio2)
c:/dev/gcc-arm-none-eabi-9-2020-q2-update-win32/bin/../lib/gcc/arm-none-eabi/9.3.1/../../../../arm-none-eabi/lib/thumb/v7-m/nofp\libm.a(lib_a-k_sin.o)
                              c:/dev/gcc-arm-none-eabi-9-2020-q2-update-win32/bin/../lib/gcc/arm-none-eabi/9.3.1/../../../../arm-none-eabi/lib/thumb/v7-m/nofp\libm.a(lib_a-s_cos.o) (__kernel_sin)
c:/dev/gcc-arm-none-eabi-9-2020-q2-update-win32/bin/../lib/gcc/arm-none-eabi/9.3.1/../../../../arm-none-eabi/lib/thumb/v7-m/nofp\libm.a(lib_a-s_fabs.o)
                              c:/dev/gcc-arm-none-eabi-9-2020-q2-update-win32/bin/../lib/gcc/arm-none-eabi/9.3.1/../../../../arm-none-eabi/lib/thumb/v7-m/nofp\libm.a(lib_a-e_rem_pio2.o) (fabs)
c:/dev/gcc-arm-none-eabi-9-2020-q2-update-win32/bin/../lib/gcc/arm-none-eabi/9.3.1/../../../../arm-none-eabi/lib/thumb/v7-m/nofp\libm.a(lib_a-s_floor.o)
                              c:/dev/gcc-arm-none-eabi-9-2020-q2-update-win32/bin/../lib/gcc/arm-none-eabi/9.3.1/../../../../arm-none-eabi/lib/thumb/v7-m/nofp\libm.a(lib_a-k_rem_pio2.o) (floor)
c:/dev/gcc-arm-none-eabi-9-2020-q2-update-win32/bin/../lib/gcc/arm-none-eabi/9.3.1/../../../../arm-none-eabi/lib/thumb/v7-m/nofp\libm.a(lib_a-s_scalbn.o)
                              c:/dev/gcc-arm-none-eabi-9-2020-q2-update-win32/bin/../lib/gcc/arm-none-eabi/9.3.1/../../../../arm-none-eabi/lib/thumb/v7-m/nofp\libm.a(lib_a-k_rem_pio2.o) (scalbn)
c:/dev/gcc-arm-none-eabi-9-2020-q2-update-win32/bin/../lib/gcc/arm-none-eabi/9.3.1/../../../../arm-none-eabi/lib/thumb/v7-m/nofp\libnosys.a(_exit.o)
                              c:/dev/gcc-arm-none-eabi-9-2020-q2-update-win32/bin/../lib/gcc/arm-none-eabi/9.3.1/../../../../arm-none-eabi/lib/thumb/v7-m/nofp\libc_nano.a(lib_a-exit.o) (_exit)
c:/dev/gcc-arm-none-eabi-9-2020-q2-update-win32/bin/../lib/gcc/arm-none-eabi/9.3.1/thumb/v7-m/nofp\libgcc.a(_arm_muldf3.o)
[...]
Memory Configuration

Name             Origin             Length             Attributes
RAM              0x20000000         0x00005000         xrw
FLASH            0x08000000         0x00010000         xr
*default*        0x00000000         0xffffffff

Linker script and memory map

LOAD c:/dev/gcc-arm-none-eabi-9-2020-q2-update-win32/bin/../lib/gcc/arm-none-eabi/9.3.1/thumb/v7-m/nofp/crti.o
LOAD c:/dev/gcc-arm-none-eabi-9-2020-q2-update-win32/bin/../lib/gcc/arm-none-eabi/9.3.1/thumb/v7-m/nofp/crtbegin.o
LOAD c:/dev/gcc-arm-none-eabi-9-2020-q2-update-win32/bin/../lib/gcc/arm-none-eabi/9.3.1/../../../../arm-none-eabi/lib/thumb/v7-m/nofp/crt0.o
LOAD build/main.o
LOAD build/ssd1306.o
LOAD build/ssd1306_fonts.o
LOAD build/stm32f1xx_it.o
LOAD build/stm32f1xx_hal_msp.o
LOAD build/stm32f1xx_hal_timebase_tim.o
LOAD build/stm32f1xx_hal_gpio_ex.o
LOAD build/stm32f1xx_hal_adc.o
LOAD build/stm32f1xx_hal_adc_ex.o
LOAD build/stm32f1xx_hal.o
LOAD build/stm32f1xx_hal_rcc.o
LOAD build/stm32f1xx_hal_rcc_ex.o
LOAD build/stm32f1xx_hal_gpio.o
LOAD build/stm32f1xx_hal_dma.o
LOAD build/stm32f1xx_hal_cortex.o
LOAD build/stm32f1xx_hal_pwr.o
LOAD build/stm32f1xx_hal_flash.o
LOAD build/stm32f1xx_hal_flash_ex.o
LOAD build/stm32f1xx_hal_exti.o
LOAD build/stm32f1xx_hal_i2c.o
LOAD build/stm32f1xx_hal_spi.o
LOAD build/stm32f1xx_hal_tim.o
LOAD build/stm32f1xx_hal_tim_ex.o
LOAD build/stm32f1xx_hal_uart.o
LOAD build/system_stm32f1xx.o
LOAD build/startup_stm32f103xb.o
LOAD c:/dev/gcc-arm-none-eabi-9-2020-q2-update-win32/bin/../lib/gcc/arm-none-eabi/9.3.1/../../../../arm-none-eabi/lib/thumb/v7-m/nofp\libc_nano.a
LOAD c:/dev/gcc-arm-none-eabi-9-2020-q2-update-win32/bin/../lib/gcc/arm-none-eabi/9.3.1/../../../../arm-none-eabi/lib/thumb/v7-m/nofp\libm.a
LOAD c:/dev/gcc-arm-none-eabi-9-2020-q2-update-win32/bin/../lib/gcc/arm-none-eabi/9.3.1/../../../../arm-none-eabi/lib/thumb/v7-m/nofp\libnosys.a
START GROUP
LOAD c:/dev/gcc-arm-none-eabi-9-2020-q2-update-win32/bin/../lib/gcc/arm-none-eabi/9.3.1/thumb/v7-m/nofp\libgcc.a
LOAD c:/dev/gcc-arm-none-eabi-9-2020-q2-update-win32/bin/../lib/gcc/arm-none-eabi/9.3.1/../../../../arm-none-eabi/lib/thumb/v7-m/nofp\libc_nano.a
END GROUP
START GROUP
LOAD c:/dev/gcc-arm-none-eabi-9-2020-q2-update-win32/bin/../lib/gcc/arm-none-eabi/9.3.1/thumb/v7-m/nofp\libgcc.a
LOAD c:/dev/gcc-arm-none-eabi-9-2020-q2-update-win32/bin/../lib/gcc/arm-none-eabi/9.3.1/../../../../arm-none-eabi/lib/thumb/v7-m/nofp\libc_nano.a
END GROUP
LOAD c:/dev/gcc-arm-none-eabi-9-2020-q2-update-win32/bin/../lib/gcc/arm-none-eabi/9.3.1/thumb/v7-m/nofp/crtend.o
LOAD c:/dev/gcc-arm-none-eabi-9-2020-q2-update-win32/bin/../lib/gcc/arm-none-eabi/9.3.1/thumb/v7-m/nofp/crtn.o
                0x20005000                _estack = 0x20005000
                0x00000200                _Min_Heap_Size = 0x200
                0x00000400                _Min_Stack_Size = 0x400

.isr_vector     0x08000000      0x10c
                0x08000000                . = ALIGN (0x4)
 *(.isr_vector)
 .isr_vector    0x08000000      0x10c build/startup_stm32f103xb.o
                0x08000000                g_pfnVectors
                0x0800010c                . = ALIGN (0x4)

.text           0x0800010c     0x2b24
                0x0800010c                . = ALIGN (0x4)
 *(.text)
 .text          0x0800010c       0x40 c:/dev/gcc-arm-none-eabi-9-2020-q2-update-win32/bin/../lib/gcc/arm-none-eabi/9.3.1/thumb/v7-m/nofp/crtbegin.o
 *(.text*)
 .text.MX_GPIO_Init
                0x0800014c       0x94 build/main.o
 .text.MX_ADC1_Init
                0x080001e0       0x64 build/main.o
 .text.MX_ADC2_Init
                0x08000244       0x6c build/main.o
 .text.MX_I2C1_Init
                0x080002b0       0x34 build/main.o
 .text.MX_SPI2_Init
                0x080002e4       0x38 build/main.o
 .text.MX_TIM2_Init
                0x0800031c       0x68 build/main.o
 .text.MX_USART1_UART_Init
                0x08000384       0x2c build/main.o
 .text.MX_USART2_UART_Init
                0x080003b0       0x2c build/main.o
 .text.SystemClock_Config
                0x080003dc       0x68 build/main.o
                0x080003dc                SystemClock_Config
 .text.main     0x08000444       0xac build/main.o
                0x08000444                main
 .text.HAL_TIM_PeriodElapsedCallback
                0x080004f0       0x18 build/main.o
                0x080004f0                HAL_TIM_PeriodElapsedCallback
 .text.ssd1306_Reset
                0x08000508       0x2c build/ssd1306.o
                0x08000508                ssd1306_Reset
 .text.ssd1306_WriteCommand
                0x08000534       0x2c build/ssd1306.o
                0x08000534                ssd1306_WriteCommand
 .text.ssd1306_WriteData
                0x08000560       0x28 build/ssd1306.o
                0x08000560                ssd1306_WriteData
 .text.ssd1306_Fill
                0x08000588       0x20 build/ssd1306.o
                0x08000588                ssd1306_Fill
 .text.ssd1306_UpdateScreen
                0x080005a8       0x38 build/ssd1306.o
                0x080005a8                ssd1306_UpdateScreen
 .text.ssd1306_DrawPixel
                0x080005e0       0x54 build/ssd1306.o
                0x080005e0                ssd1306_DrawPixel
 .text.ssd1306_WriteChar
                0x08000634       0xb4 build/ssd1306.o
                0x08000634                ssd1306_WriteChar
 .text.ssd1306_WriteString
                0x080006e8       0x2e build/ssd1306.o
                0x080006e8                ssd1306_WriteString
 *fill*         0x08000716        0x2 
 .text.ssd1306_SetCursor
                0x08000718        0xc build/ssd1306.o
                0x08000718                ssd1306_SetCursor
 .text.ssd1306_SetContrast
                0x08000724       0x12 build/ssd1306.o
                0x08000724                ssd1306_SetContrast
 *fill*         0x08000736        0x2 
 .text.ssd1306_SetDisplayOn
                0x08000738       0x20 build/ssd1306.o
                0x08000738                ssd1306_SetDisplayOn
 .text.ssd1306_Init
                0x08000758       0xcc build/ssd1306.o
                0x08000758                ssd1306_Init
 .text.NMI_Handler
                0x08000824        0x2 build/stm32f1xx_it.o
                0x08000824                NMI_Handler
 .text.HardFault_Handler
                0x08000826        0x2 build/stm32f1xx_it.o
                0x08000826                HardFault_Handler
 .text.MemManage_Handler
                0x08000828        0x2 build/stm32f1xx_it.o
                0x08000828                MemManage_Handler
 .text.BusFault_Handler
                0x0800082a        0x2 build/stm32f1xx_it.o
                0x0800082a                BusFault_Handler
 .text.UsageFault_Handler
                0x0800082c        0x2 build/stm32f1xx_it.o
                0x0800082c                UsageFault_Handler
 .text.SVC_Handler
                0x0800082e        0x2 build/stm32f1xx_it.o
                0x0800082e                SVC_Handler
 .text.DebugMon_Handler
                0x08000830        0x2 build/stm32f1xx_it.o
                0x08000830                DebugMon_Handler
 .text.PendSV_Handler
                0x08000832        0x2 build/stm32f1xx_it.o
                0x08000832                PendSV_Handler
 .text.SysTick_Handler
                0x08000834        0x2 build/stm32f1xx_it.o
                0x08000834                SysTick_Handler
 *fill*         0x08000836        0x2 
 .text.ADC1_2_IRQHandler
                0x08000838       0x18 build/stm32f1xx_it.o
                0x08000838                ADC1_2_IRQHandler
 .text.TIM1_UP_IRQHandler
                0x08000850       0x10 build/stm32f1xx_it.o
                0x08000850                TIM1_UP_IRQHandler
 .text.SPI2_IRQHandler
                0x08000860       0x10 build/stm32f1xx_it.o
                0x08000860                SPI2_IRQHandler
 .text.HAL_MspInit
                0x08000870       0x44 build/stm32f1xx_hal_msp.o
                0x08000870                HAL_MspInit
 .text.HAL_ADC_MspInit
                0x080008b4       0xc4 build/stm32f1xx_hal_msp.o
                0x080008b4                HAL_ADC_MspInit
 .text.HAL_I2C_MspInit
                0x08000978       0x78 build/stm32f1xx_hal_msp.o
                0x08000978                HAL_I2C_MspInit
 .text.HAL_SPI_MspInit
                0x080009f0       0x88 build/stm32f1xx_hal_msp.o
                0x080009f0                HAL_SPI_MspInit
 .text.HAL_TIM_Base_MspInit
                0x08000a78       0x26 build/stm32f1xx_hal_msp.o
                0x08000a78                HAL_TIM_Base_MspInit
 *fill*         0x08000a9e        0x2 
 .text.HAL_UART_MspInit
                0x08000aa0       0xd4 build/stm32f1xx_hal_msp.o
                0x08000aa0                HAL_UART_MspInit
 .text.HAL_InitTick
                0x08000b74       0x78 build/stm32f1xx_hal_timebase_tim.o
                0x08000b74                HAL_InitTick
 .text.HAL_ADC_ConvCpltCallback
                0x08000bec        0x2 build/stm32f1xx_hal_adc.o
                0x08000bec                HAL_ADC_ConvCpltCallback
 .text.HAL_ADC_LevelOutOfWindowCallback
                0x08000bee        0x2 build/stm32f1xx_hal_adc.o
                0x08000bee                HAL_ADC_LevelOutOfWindowCallback
 .text.HAL_ADC_IRQHandler
                0x08000bf0      0x10c build/stm32f1xx_hal_adc.o
                0x08000bf0                HAL_ADC_IRQHandler
 .text.HAL_ADC_ConfigChannel
                0x08000cfc      0x138 build/stm32f1xx_hal_adc.o
                0x08000cfc                HAL_ADC_ConfigChannel
 .text.ADC_Enable
                0x08000e34       0x7c build/stm32f1xx_hal_adc.o
                0x08000e34                ADC_Enable
 .text.ADC_ConversionStop_Disable
                0x08000eb0       0x4c build/stm32f1xx_hal_adc.o
                0x08000eb0                ADC_ConversionStop_Disable
 .text.HAL_ADC_Init
                0x08000efc      0x108 build/stm32f1xx_hal_adc.o
                0x08000efc                HAL_ADC_Init
 .text.HAL_ADCEx_Calibration_Start
                0x08001004       0xe8 build/stm32f1xx_hal_adc_ex.o
                0x08001004                HAL_ADCEx_Calibration_Start
 .text.HAL_ADCEx_InjectedConvCpltCallback
                0x080010ec        0x2 build/stm32f1xx_hal_adc_ex.o
                0x080010ec                HAL_ADCEx_InjectedConvCpltCallback
 *fill*         0x080010ee        0x2 
 .text.HAL_Init
                0x080010f0       0x24 build/stm32f1xx_hal.o
                0x080010f0                HAL_Init
 .text.HAL_IncTick
                0x08001114       0x18 build/stm32f1xx_hal.o
                0x08001114                HAL_IncTick
 .text.HAL_GetTick
                0x0800112c        0xc build/stm32f1xx_hal.o
                0x0800112c                HAL_GetTick
 .text.HAL_Delay
                0x08001138       0x28 build/stm32f1xx_hal.o
                0x08001138                HAL_Delay
 .text.RCC_Delay
                0x08001160       0x2c build/stm32f1xx_hal_rcc.o
 .text.HAL_RCC_OscConfig
                0x0800118c      0x410 build/stm32f1xx_hal_rcc.o
                0x0800118c                HAL_RCC_OscConfig
 .text.HAL_RCC_GetSysClockFreq
                0x0800159c       0x6c build/stm32f1xx_hal_rcc.o
                0x0800159c                HAL_RCC_GetSysClockFreq
 .text.HAL_RCC_ClockConfig
                0x08001608      0x16c build/stm32f1xx_hal_rcc.o
                0x08001608                HAL_RCC_ClockConfig
 .text.HAL_RCC_GetHCLKFreq
                0x08001774        0xc build/stm32f1xx_hal_rcc.o
                0x08001774                HAL_RCC_GetHCLKFreq
 .text.HAL_RCC_GetPCLK1Freq
                0x08001780       0x20 build/stm32f1xx_hal_rcc.o
                0x08001780                HAL_RCC_GetPCLK1Freq
 .text.HAL_RCC_GetPCLK2Freq
                0x080017a0       0x20 build/stm32f1xx_hal_rcc.o
                0x080017a0                HAL_RCC_GetPCLK2Freq
 .text.HAL_RCC_GetClockConfig
                0x080017c0       0x3c build/stm32f1xx_hal_rcc.o
                0x080017c0                HAL_RCC_GetClockConfig
 .text.HAL_RCCEx_PeriphCLKConfig
                0x080017fc      0x114 build/stm32f1xx_hal_rcc_ex.o
                0x080017fc                HAL_RCCEx_PeriphCLKConfig
 .text.HAL_RCCEx_GetPeriphCLKFreq
                0x08001910       0xf4 build/stm32f1xx_hal_rcc_ex.o
                0x08001910                HAL_RCCEx_GetPeriphCLKFreq
 .text.HAL_GPIO_Init
                0x08001a04      0x220 build/stm32f1xx_hal_gpio.o
                0x08001a04                HAL_GPIO_Init
 .text.HAL_GPIO_WritePin
                0x08001c24        0xc build/stm32f1xx_hal_gpio.o
                0x08001c24                HAL_GPIO_WritePin
 .text.HAL_GPIO_TogglePin
                0x08001c30       0x12 build/stm32f1xx_hal_gpio.o
                0x08001c30                HAL_GPIO_TogglePin
 *fill*         0x08001c42        0x2 
 .text.HAL_DMA_Abort_IT
                0x08001c44       0x98 build/stm32f1xx_hal_dma.o
                0x08001c44                HAL_DMA_Abort_IT
 .text.HAL_NVIC_SetPriorityGrouping
                0x08001cdc       0x24 build/stm32f1xx_hal_cortex.o
                0x08001cdc                HAL_NVIC_SetPriorityGrouping
 .text.HAL_NVIC_SetPriority
                0x08001d00       0x68 build/stm32f1xx_hal_cortex.o
                0x08001d00                HAL_NVIC_SetPriority
 .text.HAL_NVIC_EnableIRQ
                0x08001d68       0x1c build/stm32f1xx_hal_cortex.o
                0x08001d68                HAL_NVIC_EnableIRQ
 .text.I2C_IsAcknowledgeFailed
                0x08001d84       0x32 build/stm32f1xx_hal_i2c.o
 .text.I2C_WaitOnFlagUntilTimeout
                0x08001db6       0x74 build/stm32f1xx_hal_i2c.o
 .text.I2C_WaitOnMasterAddressFlagUntilTimeout
                0x08001e2a       0xaa build/stm32f1xx_hal_i2c.o
 .text.I2C_WaitOnTXEFlagUntilTimeout
                0x08001ed4       0x54 build/stm32f1xx_hal_i2c.o
 .text.I2C_RequestMemoryWrite
                0x08001f28       0xd8 build/stm32f1xx_hal_i2c.o
 .text.I2C_WaitOnBTFFlagUntilTimeout
                0x08002000       0x54 build/stm32f1xx_hal_i2c.o
 .text.HAL_I2C_Init
                0x08002054      0x1bc build/stm32f1xx_hal_i2c.o
                0x08002054                HAL_I2C_Init
 .text.HAL_I2C_Mem_Write
                0x08002210      0x164 build/stm32f1xx_hal_i2c.o
                0x08002210                HAL_I2C_Mem_Write
 .text.HAL_SPI_Init
                0x08002374       0xb6 build/stm32f1xx_hal_spi.o
                0x08002374                HAL_SPI_Init
 .text.HAL_SPI_ErrorCallback
                0x0800242a        0x2 build/stm32f1xx_hal_spi.o
                0x0800242a                HAL_SPI_ErrorCallback
 .text.HAL_SPI_IRQHandler
                0x0800242c      0x108 build/stm32f1xx_hal_spi.o
                0x0800242c                HAL_SPI_IRQHandler
 .text.SPI_DMAAbortOnError
                0x08002534       0x10 build/stm32f1xx_hal_spi.o
 .text.TIM_TI1_ConfigInputStage
                0x08002544       0x24 build/stm32f1xx_hal_tim.o
 .text.TIM_TI2_ConfigInputStage
                0x08002568       0x26 build/stm32f1xx_hal_tim.o
 .text.TIM_ITRx_SetConfig
                0x0800258e       0x10 build/stm32f1xx_hal_tim.o
 *fill*         0x0800259e        0x2 
 .text.HAL_TIM_Base_Start_IT
                0x080025a0       0x68 build/stm32f1xx_hal_tim.o
                0x080025a0                HAL_TIM_Base_Start_IT
 .text.HAL_TIM_OC_DelayElapsedCallback
                0x08002608        0x2 build/stm32f1xx_hal_tim.o
                0x08002608                HAL_TIM_OC_DelayElapsedCallback
 .text.HAL_TIM_IC_CaptureCallback
                0x0800260a        0x2 build/stm32f1xx_hal_tim.o
                0x0800260a                HAL_TIM_IC_CaptureCallback
 .text.HAL_TIM_PWM_PulseFinishedCallback
                0x0800260c        0x2 build/stm32f1xx_hal_tim.o
                0x0800260c                HAL_TIM_PWM_PulseFinishedCallback
 .text.HAL_TIM_TriggerCallback
                0x0800260e        0x2 build/stm32f1xx_hal_tim.o
                0x0800260e                HAL_TIM_TriggerCallback
 .text.HAL_TIM_IRQHandler
                0x08002610      0x17a build/stm32f1xx_hal_tim.o
                0x08002610                HAL_TIM_IRQHandler
 *fill*         0x0800278a        0x2 
 .text.TIM_Base_SetConfig
                0x0800278c       0x74 build/stm32f1xx_hal_tim.o
                0x0800278c                TIM_Base_SetConfig
 .text.HAL_TIM_Base_Init
                0x08002800       0x58 build/stm32f1xx_hal_tim.o
                0x08002800                HAL_TIM_Base_Init
 .text.TIM_ETR_SetConfig
                0x08002858       0x16 build/stm32f1xx_hal_tim.o
                0x08002858                TIM_ETR_SetConfig
 .text.HAL_TIM_ConfigClockSource
                0x0800286e       0xda build/stm32f1xx_hal_tim.o
                0x0800286e                HAL_TIM_ConfigClockSource
 .text.TIM_SlaveTimer_SetConfig
                0x08002948       0x8e build/stm32f1xx_hal_tim.o
 .text.HAL_TIM_SlaveConfigSynchro
                0x080029d6       0x52 build/stm32f1xx_hal_tim.o
                0x080029d6                HAL_TIM_SlaveConfigSynchro
 .text.HAL_TIMEx_MasterConfigSynchronization
                0x08002a28       0x68 build/stm32f1xx_hal_tim_ex.o
                0x08002a28                HAL_TIMEx_MasterConfigSynchronization
 .text.HAL_TIMEx_CommutCallback
                0x08002a90        0x2 build/stm32f1xx_hal_tim_ex.o
                0x08002a90                HAL_TIMEx_CommutCallback
 .text.HAL_TIMEx_BreakCallback
                0x08002a92        0x2 build/stm32f1xx_hal_tim_ex.o
                0x08002a92                HAL_TIMEx_BreakCallback
 .text.UART_SetConfig
                0x08002a94       0x90 build/stm32f1xx_hal_uart.o
 .text.HAL_UART_Init
                0x08002b24       0x5e build/stm32f1xx_hal_uart.o
                0x08002b24                HAL_UART_Init
 .text.SystemInit
                0x08002b82        0x2 build/system_stm32f1xx.o
                0x08002b82                SystemInit
 .text.Reset_Handler
                0x08002b84       0x48 build/startup_stm32f103xb.o
                0x08002b84                Reset_Handler
 .text.Default_Handler
                0x08002bcc        0x2 build/startup_stm32f103xb.o
                0x08002bcc                RTC_Alarm_IRQHandler
                0x08002bcc                EXTI2_IRQHandler
                0x08002bcc                TIM1_CC_IRQHandler
                0x08002bcc                PVD_IRQHandler
                0x08002bcc                EXTI3_IRQHandler
                0x08002bcc                EXTI0_IRQHandler
                0x08002bcc                I2C2_EV_IRQHandler
                0x08002bcc                SPI1_IRQHandler
                0x08002bcc                TAMPER_IRQHandler
                0x08002bcc                DMA1_Channel4_IRQHandler
                0x08002bcc                USART3_IRQHandler
                0x08002bcc                RTC_IRQHandler
                0x08002bcc                DMA1_Channel7_IRQHandler
                0x08002bcc                CAN1_RX1_IRQHandler
                0x08002bcc                TIM4_IRQHandler
                0x08002bcc                I2C1_EV_IRQHandler
                0x08002bcc                DMA1_Channel6_IRQHandler
                0x08002bcc                TIM3_IRQHandler
                0x08002bcc                RCC_IRQHandler
                0x08002bcc                TIM1_TRG_COM_IRQHandler
                0x08002bcc                DMA1_Channel1_IRQHandler
                0x08002bcc                Default_Handler
                0x08002bcc                EXTI15_10_IRQHandler
                0x08002bcc                EXTI9_5_IRQHandler
                0x08002bcc                DMA1_Channel5_IRQHandler
                0x08002bcc                EXTI4_IRQHandler
                0x08002bcc                USB_LP_CAN1_RX0_IRQHandler
                0x08002bcc                USB_HP_CAN1_TX_IRQHandler
                0x08002bcc                DMA1_Channel3_IRQHandler
                0x08002bcc                WWDG_IRQHandler
                0x08002bcc                TIM2_IRQHandler
                0x08002bcc                TIM1_BRK_IRQHandler
                0x08002bcc                EXTI1_IRQHandler
                0x08002bcc                USART2_IRQHandler
                0x08002bcc                I2C2_ER_IRQHandler
                0x08002bcc                DMA1_Channel2_IRQHandler
                0x08002bcc                CAN1_SCE_IRQHandler
                0x08002bcc                FLASH_IRQHandler
                0x08002bcc                USART1_IRQHandler
                0x08002bcc                I2C1_ER_IRQHandler
                0x08002bcc                USBWakeUp_IRQHandler
 *fill*         0x08002bce        0x2 
 .text.__libc_init_array
                0x08002bd0       0x48 c:/dev/gcc-arm-none-eabi-9-2020-q2-update-win32/bin/../lib/gcc/arm-none-eabi/9.3.1/../../../../arm-none-eabi/lib/thumb/v7-m/nofp\libc_nano.a(lib_a-init.o)
                0x08002bd0                __libc_init_array
 *(.glue_7)
 .glue_7        0x08002c18        0x0 linker stubs
 *(.glue_7t)
 .glue_7t       0x08002c18        0x0 linker stubs
 *(.eh_frame)
 .eh_frame      0x08002c18        0x0 c:/dev/gcc-arm-none-eabi-9-2020-q2-update-win32/bin/../lib/gcc/arm-none-eabi/9.3.1/thumb/v7-m/nofp/crtbegin.o
 *(.init)
 .init          0x08002c18        0x4 c:/dev/gcc-arm-none-eabi-9-2020-q2-update-win32/bin/../lib/gcc/arm-none-eabi/9.3.1/thumb/v7-m/nofp/crti.o
                0x08002c18                _init
 .init          0x08002c1c        0x8 c:/dev/gcc-arm-none-eabi-9-2020-q2-update-win32/bin/../lib/gcc/arm-none-eabi/9.3.1/thumb/v7-m/nofp/crtn.o
 *(.fini)
 .fini          0x08002c24        0x4 c:/dev/gcc-arm-none-eabi-9-2020-q2-update-win32/bin/../lib/gcc/arm-none-eabi/9.3.1/thumb/v7-m/nofp/crti.o
                0x08002c24                _fini
 .fini          0x08002c28        0x8 c:/dev/gcc-arm-none-eabi-9-2020-q2-update-win32/bin/../lib/gcc/arm-none-eabi/9.3.1/thumb/v7-m/nofp/crtn.o
                0x08002c30                . = ALIGN (0x4)
                0x08002c30                _etext = .

.vfp11_veneer   0x08002c30        0x0
 .vfp11_veneer  0x08002c30        0x0 linker stubs

.v4_bx          0x08002c30        0x0
 .v4_bx         0x08002c30        0x0 linker stubs

.iplt           0x08002c30        0x0
 .iplt          0x08002c30        0x0 c:/dev/gcc-arm-none-eabi-9-2020-q2-update-win32/bin/../lib/gcc/arm-none-eabi/9.3.1/thumb/v7-m/nofp/crtbegin.o

.rodata         0x08002c30      0xd90
                0x08002c30                . = ALIGN (0x4)
 *(.rodata)
 *(.rodata*)
 .rodata.main.str1.4
                0x08002c30        0x6 build/main.o
 *fill*         0x08002c36        0x2 
 .rodata.Font11x18
                0x08002c38      0xd5c build/ssd1306_fonts.o
 .rodata.HAL_RCC_GetSysClockFreq.str1.4
                0x08003994       0x11 build/stm32f1xx_hal_rcc.o
 .rodata.HAL_RCCEx_GetPeriphCLKFreq.str1.4
                0x080039a5       0x11 build/stm32f1xx_hal_rcc_ex.o
 *fill*         0x080039a5        0x3 
 .rodata.AHBPrescTable
                0x080039a8       0x10 build/system_stm32f1xx.o
                0x080039a8                AHBPrescTable
 .rodata.APBPrescTable
                0x080039b8        0x8 build/system_stm32f1xx.o
                0x080039b8                APBPrescTable
                0x080039c0                . = ALIGN (0x4)

.rel.dyn        0x080039c0        0x0
 .rel.iplt      0x080039c0        0x0 c:/dev/gcc-arm-none-eabi-9-2020-q2-update-win32/bin/../lib/gcc/arm-none-eabi/9.3.1/thumb/v7-m/nofp/crtbegin.o

.ARM.extab
 *(.ARM.extab* .gnu.linkonce.armextab.*)

.ARM            0x080039c0        0x0
                0x080039c0                __exidx_start = .
 *(.ARM.exidx*)
                0x080039c0                __exidx_end = .

.preinit_array  0x080039c0        0x0
                0x080039c0                PROVIDE (__preinit_array_start = .)
 *(.preinit_array*)
                0x080039c0                PROVIDE (__preinit_array_end = .)

.init_array     0x080039c0        0x4
                0x080039c0                PROVIDE (__init_array_start = .)
 *(SORT_BY_NAME(.init_array.*))
 *(.init_array*)
 .init_array    0x080039c0        0x4 c:/dev/gcc-arm-none-eabi-9-2020-q2-update-win32/bin/../lib/gcc/arm-none-eabi/9.3.1/thumb/v7-m/nofp/crtbegin.o
                0x080039c4                PROVIDE (__init_array_end = .)

.fini_array     0x080039c4        0x4
                [!provide]                PROVIDE (__fini_array_start = .)
 *(SORT_BY_NAME(.fini_array.*))
 *(.fini_array*)
 .fini_array    0x080039c4        0x4 c:/dev/gcc-arm-none-eabi-9-2020-q2-update-win32/bin/../lib/gcc/arm-none-eabi/9.3.1/thumb/v7-m/nofp/crtbegin.o
                [!provide]                PROVIDE (__fini_array_end = .)
                0x080039c8                _sidata = LOADADDR (.data)

.data           0x20000000       0x14 load address 0x080039c8
                0x20000000                . = ALIGN (0x4)
                0x20000000                _sdata = .
 *(.data)
 *(.data*)
 .data.Font_11x18
                0x20000000        0x8 build/ssd1306_fonts.o
                0x20000000                Font_11x18
 .data.uwTickFreq
                0x20000008        0x1 build/stm32f1xx_hal.o
                0x20000008                uwTickFreq
 *fill*         0x20000009        0x3 
 .data.uwTickPrio
                0x2000000c        0x4 build/stm32f1xx_hal.o
                0x2000000c                uwTickPrio
 .data.SystemCoreClock
                0x20000010        0x4 build/system_stm32f1xx.o
                0x20000010                SystemCoreClock
                0x20000014                . = ALIGN (0x4)
                0x20000014                _edata = .

.igot.plt       0x20000014        0x0 load address 0x080039dc
 .igot.plt      0x20000014        0x0 c:/dev/gcc-arm-none-eabi-9-2020-q2-update-win32/bin/../lib/gcc/arm-none-eabi/9.3.1/thumb/v7-m/nofp/crtbegin.o
                0x20000014                . = ALIGN (0x4)

.bss            0x20000014      0x644 load address 0x080039dc
                0x20000014                _sbss = .
                0x20000014                __bss_start__ = _sbss
 *(.bss)
 .bss           0x20000014       0x1c c:/dev/gcc-arm-none-eabi-9-2020-q2-update-win32/bin/../lib/gcc/arm-none-eabi/9.3.1/thumb/v7-m/nofp/crtbegin.o
 *(.bss*)
 .bss.SSD1306   0x20000030        0x8 build/ssd1306.o
 .bss.SSD1306_Buffer
                0x20000038      0x400 build/ssd1306.o
 *(COMMON)
 COMMON         0x20000438      0x1d4 build/main.o
                0x20000438                hspi2
                0x20000490                hadc2
                0x200004c0                hi2c1
                0x20000514                hadc1
                0x20000544                huart1
                0x20000584                htim2
                0x200005cc                huart2
 COMMON         0x2000060c       0x48 build/stm32f1xx_hal_timebase_tim.o
                0x2000060c                htim1
 COMMON         0x20000654        0x4 build/stm32f1xx_hal.o
                0x20000654                uwTick
                0x20000658                . = ALIGN (0x4)
                0x20000658                _ebss = .
                0x20000658                __bss_end__ = _ebss

._user_heap_stack
                0x20000658      0x600 load address 0x080039dc
                0x20000658                . = ALIGN (0x8)
                [!provide]                PROVIDE (end = .)
                [!provide]                PROVIDE (_end = .)
                0x20000858                . = (. + _Min_Heap_Size)
 *fill*         0x20000658      0x200 
                0x20000c58                . = (. + _Min_Stack_Size)
 *fill*         0x20000858      0x400 
                0x20000c58                . = ALIGN (0x8)

/DISCARD/
 libc.a(*)
 libm.a(*)
 libgcc.a(*)

.ARM.attributes
                0x00000000       0x29
 *(.ARM.attributes)
 .ARM.attributes
                0x00000000       0x1d c:/dev/gcc-arm-none-eabi-9-2020-q2-update-win32/bin/../lib/gcc/arm-none-eabi/9.3.1/thumb/v7-m/nofp/crti.o
 .ARM.attributes
                0x0000001d       0x2d c:/dev/gcc-arm-none-eabi-9-2020-q2-update-win32/bin/../lib/gcc/arm-none-eabi/9.3.1/thumb/v7-m/nofp/crtbegin.o
 .ARM.attributes
                0x0000004a       0x2d build/main.o
 .ARM.attributes
                0x00000077       0x2d build/ssd1306.o
 .ARM.attributes
                0x000000a4       0x33 build/ssd1306_fonts.o
 .ARM.attributes
                0x000000d7       0x2d build/stm32f1xx_it.o
 .ARM.attributes
                0x00000104       0x2d build/stm32f1xx_hal_msp.o
 .ARM.attributes
                0x00000131       0x2d build/stm32f1xx_hal_timebase_tim.o
 .ARM.attributes
                0x0000015e       0x2d build/stm32f1xx_hal_adc.o
 .ARM.attributes
                0x0000018b       0x2d build/stm32f1xx_hal_adc_ex.o
 .ARM.attributes
                0x000001b8       0x2d build/stm32f1xx_hal.o
 .ARM.attributes
                0x000001e5       0x2d build/stm32f1xx_hal_rcc.o
 .ARM.attributes
                0x00000212       0x2d build/stm32f1xx_hal_rcc_ex.o
 .ARM.attributes
                0x0000023f       0x2d build/stm32f1xx_hal_gpio.o
 .ARM.attributes
                0x0000026c       0x2d build/stm32f1xx_hal_dma.o
 .ARM.attributes
                0x00000299       0x2d build/stm32f1xx_hal_cortex.o
 .ARM.attributes
                0x000002c6       0x2d build/stm32f1xx_hal_i2c.o
 .ARM.attributes
                0x000002f3       0x2d build/stm32f1xx_hal_spi.o
 .ARM.attributes
                0x00000320       0x2d build/stm32f1xx_hal_tim.o
 .ARM.attributes
                0x0000034d       0x2d build/stm32f1xx_hal_tim_ex.o
 .ARM.attributes
                0x0000037a       0x2d build/stm32f1xx_hal_uart.o
 .ARM.attributes
                0x000003a7       0x2d build/system_stm32f1xx.o
 .ARM.attributes
                0x000003d4       0x21 build/startup_stm32f103xb.o
 .ARM.attributes
                0x000003f5       0x2d c:/dev/gcc-arm-none-eabi-9-2020-q2-update-win32/bin/../lib/gcc/arm-none-eabi/9.3.1/../../../../arm-none-eabi/lib/thumb/v7-m/nofp\libc_nano.a(lib_a-init.o)
 .ARM.attributes
                0x00000422       0x1d c:/dev/gcc-arm-none-eabi-9-2020-q2-update-win32/bin/../lib/gcc/arm-none-eabi/9.3.1/thumb/v7-m/nofp/crtn.o
OUTPUT(build/oxi_dev_v2.elf elf32-littlearm)
LOAD linker stubs
LOAD c:/dev/gcc-arm-none-eabi-9-2020-q2-update-win32/bin/../lib/gcc/arm-none-eabi/9.3.1/../../../../arm-none-eabi/lib/thumb/v7-m/nofp\libc.a
LOAD c:/dev/gcc-arm-none-eabi-9-2020-q2-update-win32/bin/../lib/gcc/arm-none-eabi/9.3.1/../../../../arm-none-eabi/lib/thumb/v7-m/nofp\libm.a
LOAD c:/dev/gcc-arm-none-eabi-9-2020-q2-update-win32/bin/../lib/gcc/arm-none-eabi/9.3.1/thumb/v7-m/nofp\libgcc.a

.debug_info     0x00000000    0x1b0b4
 .debug_info    0x00000000     0x294b build/main.o
 .debug_info    0x0000294b     0x21b1 build/ssd1306.o
 .debug_info    0x00004afc      0x1fc build/ssd1306_fonts.o
 .debug_info    0x00004cf8      0xe5d build/stm32f1xx_it.o
 .debug_info    0x00005b55     0x1c18 build/stm32f1xx_hal_msp.o
 .debug_info    0x0000776d      0xbbe build/stm32f1xx_hal_timebase_tim.o
 .debug_info    0x0000832b     0x10f9 build/stm32f1xx_hal_adc.o
 .debug_info    0x00009424      0xd8b build/stm32f1xx_hal_adc_ex.o
 .debug_info    0x0000a1af      0x8e4 build/stm32f1xx_hal.o
 .debug_info    0x0000aa93      0xb67 build/stm32f1xx_hal_rcc.o
 .debug_info    0x0000b5fa      0x541 build/stm32f1xx_hal_rcc_ex.o
 .debug_info    0x0000bb3b      0x7d1 build/stm32f1xx_hal_gpio.o
 .debug_info    0x0000c30c      0x9b5 build/stm32f1xx_hal_dma.o
 .debug_info    0x0000ccc1      0xef7 build/stm32f1xx_hal_cortex.o
 .debug_info    0x0000dbb8     0x3cf3 build/stm32f1xx_hal_i2c.o
 .debug_info    0x000118ab     0x1fa2 build/stm32f1xx_hal_spi.o
 .debug_info    0x0001384d     0x3ea5 build/stm32f1xx_hal_tim.o
 .debug_info    0x000176f2     0x1c1a build/stm32f1xx_hal_tim_ex.o
 .debug_info    0x0001930c     0x1a8f build/stm32f1xx_hal_uart.o
 .debug_info    0x0001ad9b      0x2f7 build/system_stm32f1xx.o
 .debug_info    0x0001b092       0x22 build/startup_stm32f103xb.o

.debug_abbrev   0x00000000     0x32a7
 .debug_abbrev  0x00000000      0x380 build/main.o
 .debug_abbrev  0x00000380      0x471 build/ssd1306.o
 .debug_abbrev  0x000007f1       0xbb build/ssd1306_fonts.o
 .debug_abbrev  0x000008ac      0x1a7 build/stm32f1xx_it.o
 .debug_abbrev  0x00000a53      0x27e build/stm32f1xx_hal_msp.o
 .debug_abbrev  0x00000cd1      0x21c build/stm32f1xx_hal_timebase_tim.o
 .debug_abbrev  0x00000eed      0x265 build/stm32f1xx_hal_adc.o
 .debug_abbrev  0x00001152      0x293 build/stm32f1xx_hal_adc_ex.o
 .debug_abbrev  0x000013e5      0x21c build/stm32f1xx_hal.o
 .debug_abbrev  0x00001601      0x2ad build/stm32f1xx_hal_rcc.o
 .debug_abbrev  0x000018ae      0x1fb build/stm32f1xx_hal_rcc_ex.o
 .debug_abbrev  0x00001aa9      0x24f build/stm32f1xx_hal_gpio.o
 .debug_abbrev  0x00001cf8      0x283 build/stm32f1xx_hal_dma.o
 .debug_abbrev  0x00001f7b      0x37f build/stm32f1xx_hal_cortex.o
 .debug_abbrev  0x000022fa      0x332 build/stm32f1xx_hal_i2c.o
 .debug_abbrev  0x0000262c      0x2be build/stm32f1xx_hal_spi.o
 .debug_abbrev  0x000028ea      0x2c3 build/stm32f1xx_hal_tim.o
 .debug_abbrev  0x00002bad      0x2ab build/stm32f1xx_hal_tim_ex.o
 .debug_abbrev  0x00002e58      0x2ea build/stm32f1xx_hal_uart.o
 .debug_abbrev  0x00003142      0x153 build/system_stm32f1xx.o
 .debug_abbrev  0x00003295       0x12 build/startup_stm32f103xb.o

.debug_loc      0x00000000    0x15483
 .debug_loc     0x00000000      0x34d build/main.o
 .debug_loc     0x0000034d      0xe09 build/ssd1306.o
 .debug_loc     0x00001156       0x60 build/stm32f1xx_it.o
 .debug_loc     0x000011b6      0x4a7 build/stm32f1xx_hal_msp.o
 .debug_loc     0x0000165d       0xcd build/stm32f1xx_hal_timebase_tim.o
 .debug_loc     0x0000172a      0xdf1 build/stm32f1xx_hal_adc.o
 .debug_loc     0x0000251b      0xb01 build/stm32f1xx_hal_adc_ex.o
 .debug_loc     0x0000301c      0x1e1 build/stm32f1xx_hal.o
 .debug_loc     0x000031fd      0x7c0 build/stm32f1xx_hal_rcc.o
 .debug_loc     0x000039bd      0x40a build/stm32f1xx_hal_rcc_ex.o
 .debug_loc     0x00003dc7      0x548 build/stm32f1xx_hal_gpio.o
 .debug_loc     0x0000430f      0x901 build/stm32f1xx_hal_dma.o
 .debug_loc     0x00004c10      0x7af build/stm32f1xx_hal_cortex.o
 .debug_loc     0x000053bf     0x4b59 build/stm32f1xx_hal_i2c.o
 .debug_loc     0x00009f18     0x2452 build/stm32f1xx_hal_spi.o
 .debug_loc     0x0000c36a     0x5314 build/stm32f1xx_hal_tim.o
 .debug_loc     0x0001167e     0x1f01 build/stm32f1xx_hal_tim_ex.o
 .debug_loc     0x0001357f     0x1e05 build/stm32f1xx_hal_uart.o
 .debug_loc     0x00015384       0xff build/system_stm32f1xx.o

.debug_aranges  0x00000000     0x12b8
 .debug_aranges
                0x00000000       0x88 build/main.o
 .debug_aranges
                0x00000088       0xc0 build/ssd1306.o
 .debug_aranges
                0x00000148       0x18 build/ssd1306_fonts.o
 .debug_aranges
                0x00000160       0x78 build/stm32f1xx_it.o
 .debug_aranges
                0x000001d8       0x70 build/stm32f1xx_hal_msp.o
 .debug_aranges
                0x00000248       0x30 build/stm32f1xx_hal_timebase_tim.o
 .debug_aranges
                0x00000278       0xf0 build/stm32f1xx_hal_adc.o
 .debug_aranges
                0x00000368       0x80 build/stm32f1xx_hal_adc_ex.o
 .debug_aranges
                0x000003e8       0xe0 build/stm32f1xx_hal.o
 .debug_aranges
                0x000004c8       0x90 build/stm32f1xx_hal_rcc.o
 .debug_aranges
                0x00000558       0x30 build/stm32f1xx_hal_rcc_ex.o
 .debug_aranges
                0x00000588       0x58 build/stm32f1xx_hal_gpio.o
 .debug_aranges
                0x000005e0       0x80 build/stm32f1xx_hal_dma.o
 .debug_aranges
                0x00000660       0x90 build/stm32f1xx_hal_cortex.o
 .debug_aranges
                0x000006f0      0x2a0 build/stm32f1xx_hal_i2c.o
 .debug_aranges
                0x00000990      0x1d0 build/stm32f1xx_hal_spi.o
 .debug_aranges
                0x00000b60      0x3d0 build/stm32f1xx_hal_tim.o
 .debug_aranges
                0x00000f30      0x168 build/stm32f1xx_hal_tim_ex.o
 .debug_aranges
                0x00001098      0x1d0 build/stm32f1xx_hal_uart.o
 .debug_aranges
                0x00001268       0x28 build/system_stm32f1xx.o
 .debug_aranges
                0x00001290       0x28 build/startup_stm32f103xb.o

.debug_ranges   0x00000000     0x1218
 .debug_ranges  0x00000000       0x78 build/main.o
 .debug_ranges  0x00000078       0xb0 build/ssd1306.o
 .debug_ranges  0x00000128       0x68 build/stm32f1xx_it.o
 .debug_ranges  0x00000190       0x60 build/stm32f1xx_hal_msp.o
 .debug_ranges  0x000001f0       0x20 build/stm32f1xx_hal_timebase_tim.o
 .debug_ranges  0x00000210       0xe0 build/stm32f1xx_hal_adc.o
 .debug_ranges  0x000002f0       0x70 build/stm32f1xx_hal_adc_ex.o
 .debug_ranges  0x00000360       0xd0 build/stm32f1xx_hal.o
 .debug_ranges  0x00000430       0xa0 build/stm32f1xx_hal_rcc.o
 .debug_ranges  0x000004d0       0x38 build/stm32f1xx_hal_rcc_ex.o
 .debug_ranges  0x00000508       0x48 build/stm32f1xx_hal_gpio.o
 .debug_ranges  0x00000550       0x70 build/stm32f1xx_hal_dma.o
 .debug_ranges  0x000005c0       0xe0 build/stm32f1xx_hal_cortex.o
 .debug_ranges  0x000006a0      0x2a8 build/stm32f1xx_hal_i2c.o
 .debug_ranges  0x00000948      0x1c0 build/stm32f1xx_hal_spi.o
 .debug_ranges  0x00000b08      0x3c0 build/stm32f1xx_hal_tim.o
 .debug_ranges  0x00000ec8      0x158 build/stm32f1xx_hal_tim_ex.o
 .debug_ranges  0x00001020      0x1c0 build/stm32f1xx_hal_uart.o
 .debug_ranges  0x000011e0       0x18 build/system_stm32f1xx.o
 .debug_ranges  0x000011f8       0x20 build/startup_stm32f103xb.o

.debug_line     0x00000000    0x16051
 .debug_line    0x00000000      0x8ff build/main.o
 .debug_line    0x000008ff      0x9e1 build/ssd1306.o
 .debug_line    0x000012e0      0x10d build/ssd1306_fonts.o
 .debug_line    0x000013ed      0x35b build/stm32f1xx_it.o
 .debug_line    0x00001748      0x60f build/stm32f1xx_hal_msp.o
 .debug_line    0x00001d57      0x2c9 build/stm32f1xx_hal_timebase_tim.o
 .debug_line    0x00002020      0xeba build/stm32f1xx_hal_adc.o
 .debug_line    0x00002eda      0xb83 build/stm32f1xx_hal_adc_ex.o
 .debug_line    0x00003a5d      0x50c build/stm32f1xx_hal.o
 .debug_line    0x00003f69      0xc29 build/stm32f1xx_hal_rcc.o
 .debug_line    0x00004b92      0x4b6 build/stm32f1xx_hal_rcc_ex.o
 .debug_line    0x00005048      0x60e build/stm32f1xx_hal_gpio.o
 .debug_line    0x00005656      0xa81 build/stm32f1xx_hal_dma.o
 .debug_line    0x000060d7      0x662 build/stm32f1xx_hal_cortex.o
 .debug_line    0x00006739     0x52ec build/stm32f1xx_hal_i2c.o
 .debug_line    0x0000ba25     0x2447 build/stm32f1xx_hal_spi.o
 .debug_line    0x0000de6c     0x469d build/stm32f1xx_hal_tim.o
 .debug_line    0x00012509     0x1c8c build/stm32f1xx_hal_tim_ex.o
 .debug_line    0x00014195     0x1bce build/stm32f1xx_hal_uart.o
 .debug_line    0x00015d63      0x27c build/system_stm32f1xx.o
 .debug_line    0x00015fdf       0x72 build/startup_stm32f103xb.o

.debug_str      0x00000000     0x56e5
 .debug_str     0x00000000     0x16e3 build/main.o
                               0x1899 (size before relaxing)
 .debug_str     0x000016e3      0x338 build/ssd1306.o
                                0xf09 (size before relaxing)
 .debug_str     0x00001a1b       0x46 build/ssd1306_fonts.o
                                0x211 (size before relaxing)
 .debug_str     0x00001a61      0x11c build/stm32f1xx_it.o
                                0xb51 (size before relaxing)
 .debug_str     0x00001b7d      0x44d build/stm32f1xx_hal_msp.o
                               0x12d6 (size before relaxing)
 .debug_str     0x00001fca       0xe3 build/stm32f1xx_hal_timebase_tim.o
                                0xbc6 (size before relaxing)
 .debug_str     0x000020ad      0x31d build/stm32f1xx_hal_adc.o
                                0x987 (size before relaxing)
 .debug_str     0x000023ca      0x272 build/stm32f1xx_hal_adc_ex.o
                                0x93a (size before relaxing)
 .debug_str     0x0000263c      0x21f build/stm32f1xx_hal.o
                                0x869 (size before relaxing)
 .debug_str     0x0000285b      0x1ac build/stm32f1xx_hal_rcc.o
                                0x6b8 (size before relaxing)
 .debug_str     0x00002a07       0x81 build/stm32f1xx_hal_rcc_ex.o
                                0x497 (size before relaxing)
 .debug_str     0x00002a88      0x104 build/stm32f1xx_hal_gpio.o
                                0x4d6 (size before relaxing)
 .debug_str     0x00002b8c      0x218 build/stm32f1xx_hal_dma.o
                                0x6d3 (size before relaxing)
 .debug_str     0x00002da4      0x391 build/stm32f1xx_hal_cortex.o
                                0x985 (size before relaxing)
 .debug_str     0x00003135      0x884 build/stm32f1xx_hal_i2c.o
                               0x106c (size before relaxing)
 .debug_str     0x000039b9      0x4f2 build/stm32f1xx_hal_spi.o
                                0xc14 (size before relaxing)
 .debug_str     0x00003eab      0xd82 build/stm32f1xx_hal_tim.o
                               0x170e (size before relaxing)
 .debug_str     0x00004c2d      0x54a build/stm32f1xx_hal_tim_ex.o
                                0xf38 (size before relaxing)
 .debug_str     0x00005177      0x4fb build/stm32f1xx_hal_uart.o
                                0xc66 (size before relaxing)
 .debug_str     0x00005672       0x4f build/system_stm32f1xx.o
                                0x2ec (size before relaxing)
 .debug_str     0x000056c1       0x24 build/startup_stm32f103xb.o
                                 0x6c (size before relaxing)

.comment        0x00000000       0x4c
 .comment       0x00000000       0x4c build/main.o
                                 0x4d (size before relaxing)
 .comment       0x0000004c       0x4d build/ssd1306.o
 .comment       0x0000004c       0x4d build/ssd1306_fonts.o
 .comment       0x0000004c       0x4d build/stm32f1xx_it.o
 .comment       0x0000004c       0x4d build/stm32f1xx_hal_msp.o
 .comment       0x0000004c       0x4d build/stm32f1xx_hal_timebase_tim.o
 .comment       0x0000004c       0x4d build/stm32f1xx_hal_adc.o
 .comment       0x0000004c       0x4d build/stm32f1xx_hal_adc_ex.o
 .comment       0x0000004c       0x4d build/stm32f1xx_hal.o
 .comment       0x0000004c       0x4d build/stm32f1xx_hal_rcc.o
 .comment       0x0000004c       0x4d build/stm32f1xx_hal_rcc_ex.o
 .comment       0x0000004c       0x4d build/stm32f1xx_hal_gpio.o
 .comment       0x0000004c       0x4d build/stm32f1xx_hal_dma.o
 .comment       0x0000004c       0x4d build/stm32f1xx_hal_cortex.o
 .comment       0x0000004c       0x4d build/stm32f1xx_hal_i2c.o
 .comment       0x0000004c       0x4d build/stm32f1xx_hal_spi.o
 .comment       0x0000004c       0x4d build/stm32f1xx_hal_tim.o
 .comment       0x0000004c       0x4d build/stm32f1xx_hal_tim_ex.o
 .comment       0x0000004c       0x4d build/stm32f1xx_hal_uart.o
 .comment       0x0000004c       0x4d build/system_stm32f1xx.o

.debug_frame    0x00000000     0x3570
 .debug_frame   0x00000000      0x18c build/main.o
 .debug_frame   0x0000018c      0x27c build/ssd1306.o
 .debug_frame   0x00000408       0xe8 build/stm32f1xx_it.o
 .debug_frame   0x000004f0      0x134 build/stm32f1xx_hal_msp.o
 .debug_frame   0x00000624       0x50 build/stm32f1xx_hal_timebase_tim.o
 .debug_frame   0x00000674      0x2c4 build/stm32f1xx_hal_adc.o
 .debug_frame   0x00000938      0x190 build/stm32f1xx_hal_adc_ex.o
 .debug_frame   0x00000ac8      0x1cc build/stm32f1xx_hal.o
 .debug_frame   0x00000c94      0x190 build/stm32f1xx_hal_rcc.o
 .debug_frame   0x00000e24       0x64 build/stm32f1xx_hal_rcc_ex.o
 .debug_frame   0x00000e88       0xe8 build/stm32f1xx_hal_gpio.o
 .debug_frame   0x00000f70      0x148 build/stm32f1xx_hal_dma.o
 .debug_frame   0x000010b8      0x12c build/stm32f1xx_hal_cortex.o
 .debug_frame   0x000011e4      0x968 build/stm32f1xx_hal_i2c.o
 .debug_frame   0x00001b4c      0x5a0 build/stm32f1xx_hal_spi.o
 .debug_frame   0x000020ec      0xb28 build/stm32f1xx_hal_tim.o
 .debug_frame   0x00002c14      0x418 build/stm32f1xx_hal_tim_ex.o
 .debug_frame   0x0000302c      0x4e8 build/stm32f1xx_hal_uart.o
 .debug_frame   0x00003514       0x30 build/system_stm32f1xx.o
 .debug_frame   0x00003544       0x2c c:/dev/gcc-arm-none-eabi-9-2020-q2-update-win32/bin/../lib/gcc/arm-none-eabi/9.3.1/../../../../arm-none-eabi/lib/thumb/v7-m/nofp\libc_nano.a(lib_a-init.o)

Cross Reference Table

Symbol                                            File
ADC1_2_IRQHandler                                 build/stm32f1xx_it.o
ADC_ConversionStop_Disable                        build/stm32f1xx_hal_adc.o
                                                  build/stm32f1xx_hal_adc_ex.o
ADC_DMAConvCplt                                   build/stm32f1xx_hal_adc.o
                                                  build/stm32f1xx_hal_adc_ex.o
ADC_DMAError                                      build/stm32f1xx_hal_adc.o
                                                  build/stm32f1xx_hal_adc_ex.o
ADC_DMAHalfConvCplt                               build/stm32f1xx_hal_adc.o
                                                  build/stm32f1xx_hal_adc_ex.o
ADC_Enable                                        build/stm32f1xx_hal_adc.o
                                                  build/stm32f1xx_hal_adc_ex.o
AHBPrescTable                                     build/system_stm32f1xx.o
                                                  build/stm32f1xx_hal_rcc.o
APBPrescTable                                     build/system_stm32f1xx.o
                                                  build/stm32f1xx_hal_rcc.o
BusFault_Handler                                  build/stm32f1xx_it.o
CAN1_RX1_IRQHandler                               build/startup_stm32f103xb.o
CAN1_SCE_IRQHandler                               build/startup_stm32f103xb.o
DMA1_Channel1_IRQHandler                          build/startup_stm32f103xb.o
DMA1_Channel2_IRQHandler                          build/startup_stm32f103xb.o
DMA1_Channel3_IRQHandler                          build/startup_stm32f103xb.o
DMA1_Channel4_IRQHandler                          build/startup_stm32f103xb.o
DMA1_Channel5_IRQHandler                          build/startup_stm32f103xb.o
DMA1_Channel6_IRQHandler                          build/startup_stm32f103xb.o
DMA1_Channel7_IRQHandler                          build/startup_stm32f103xb.o
DebugMon_Handler                                  build/stm32f1xx_it.o
Default_Handler                                   build/startup_stm32f103xb.o
EXTI0_IRQHandler                                  build/startup_stm32f103xb.o
EXTI15_10_IRQHandler                              build/startup_stm32f103xb.o
EXTI1_IRQHandler                                  build/startup_stm32f103xb.o
EXTI2_IRQHandler                                  build/startup_stm32f103xb.o
EXTI3_IRQHandler                                  build/startup_stm32f103xb.o
EXTI4_IRQHandler                                  build/startup_stm32f103xb.o
EXTI9_5_IRQHandler                                build/startup_stm32f103xb.o
Error_Handler                                     build/main.o
FLASH_IRQHandler                                  build/startup_stm32f103xb.o
FLASH_PageErase                                   build/stm32f1xx_hal_flash_ex.o
                                                  build/stm32f1xx_hal_flash.o
FLASH_WaitForLastOperation                        build/stm32f1xx_hal_flash.o
                                                  build/stm32f1xx_hal_flash_ex.o
Font_11x18                                        build/ssd1306_fonts.o
                                                  build/main.o
Font_16x26                                        build/ssd1306_fonts.o
Font_6x8                                          build/ssd1306_fonts.o
Font_7x10                                         build/ssd1306_fonts.o
HAL_ADCEx_Calibration_Start                       build/stm32f1xx_hal_adc_ex.o
                                                  build/main.o
HAL_ADCEx_InjectedConfigChannel                   build/stm32f1xx_hal_adc_ex.o
HAL_ADCEx_InjectedConvCpltCallback                build/stm32f1xx_hal_adc_ex.o
                                                  build/stm32f1xx_hal_adc.o
HAL_ADCEx_InjectedGetValue                        build/stm32f1xx_hal_adc_ex.o
HAL_ADCEx_InjectedPollForConversion               build/stm32f1xx_hal_adc_ex.o
HAL_ADCEx_InjectedStart                           build/stm32f1xx_hal_adc_ex.o
HAL_ADCEx_InjectedStart_IT                        build/stm32f1xx_hal_adc_ex.o
HAL_ADCEx_InjectedStop                            build/stm32f1xx_hal_adc_ex.o
HAL_ADCEx_InjectedStop_IT                         build/stm32f1xx_hal_adc_ex.o
HAL_ADCEx_MultiModeConfigChannel                  build/stm32f1xx_hal_adc_ex.o
HAL_ADCEx_MultiModeGetValue                       build/stm32f1xx_hal_adc_ex.o
HAL_ADCEx_MultiModeStart_DMA                      build/stm32f1xx_hal_adc_ex.o
HAL_ADCEx_MultiModeStop_DMA                       build/stm32f1xx_hal_adc_ex.o
HAL_ADC_AnalogWDGConfig                           build/stm32f1xx_hal_adc.o
HAL_ADC_ConfigChannel                             build/stm32f1xx_hal_adc.o
                                                  build/main.o
HAL_ADC_ConvCpltCallback                          build/stm32f1xx_hal_adc.o
HAL_ADC_ConvHalfCpltCallback                      build/stm32f1xx_hal_adc.o
HAL_ADC_DeInit                                    build/stm32f1xx_hal_adc.o
HAL_ADC_ErrorCallback                             build/stm32f1xx_hal_adc.o
HAL_ADC_GetError                                  build/stm32f1xx_hal_adc.o
HAL_ADC_GetState                                  build/stm32f1xx_hal_adc.o
HAL_ADC_GetValue                                  build/stm32f1xx_hal_adc.o
HAL_ADC_IRQHandler                                build/stm32f1xx_hal_adc.o
                                                  build/stm32f1xx_it.o
HAL_ADC_Init                                      build/stm32f1xx_hal_adc.o
                                                  build/main.o
HAL_ADC_LevelOutOfWindowCallback                  build/stm32f1xx_hal_adc.o
HAL_ADC_MspDeInit                                 build/stm32f1xx_hal_msp.o
HAL_ADC_MspInit                                   build/stm32f1xx_hal_msp.o
HAL_ADC_PollForConversion                         build/stm32f1xx_hal_adc.o
HAL_ADC_PollForEvent                              build/stm32f1xx_hal_adc.o
HAL_ADC_Start                                     build/stm32f1xx_hal_adc.o
HAL_ADC_Start_DMA                                 build/stm32f1xx_hal_adc.o
HAL_ADC_Start_IT                                  build/stm32f1xx_hal_adc.o
HAL_ADC_Stop                                      build/stm32f1xx_hal_adc.o
HAL_ADC_Stop_DMA                                  build/stm32f1xx_hal_adc.o
HAL_ADC_Stop_IT                                   build/stm32f1xx_hal_adc.o
HAL_DBGMCU_DisableDBGSleepMode                    build/stm32f1xx_hal.o
HAL_DBGMCU_DisableDBGStandbyMode                  build/stm32f1xx_hal.o
HAL_DBGMCU_DisableDBGStopMode                     build/stm32f1xx_hal.o
HAL_DBGMCU_EnableDBGSleepMode                     build/stm32f1xx_hal.o
HAL_DBGMCU_EnableDBGStandbyMode                   build/stm32f1xx_hal.o
HAL_DBGMCU_EnableDBGStopMode                      build/stm32f1xx_hal.o
HAL_DMA_Abort                                     build/stm32f1xx_hal_dma.o
                                                  build/stm32f1xx_hal_uart.o
                                                  build/stm32f1xx_hal_spi.o
                                                  build/stm32f1xx_hal_adc_ex.o
                                                  build/stm32f1xx_hal_adc.o
HAL_DMA_Abort_IT                                  build/stm32f1xx_hal_dma.o
                                                  build/stm32f1xx_hal_uart.o
                                                  build/stm32f1xx_hal_tim_ex.o
                                                  build/stm32f1xx_hal_tim.o
                                                  build/stm32f1xx_hal_spi.o
                                                  build/stm32f1xx_hal_i2c.o
HAL_DMA_DeInit                                    build/stm32f1xx_hal_dma.o
HAL_DMA_GetError                                  build/stm32f1xx_hal_dma.o
                                                  build/stm32f1xx_hal_uart.o
HAL_DMA_GetState                                  build/stm32f1xx_hal_dma.o
                                                  build/stm32f1xx_hal_i2c.o
HAL_DMA_IRQHandler                                build/stm32f1xx_hal_dma.o
HAL_DMA_Init                                      build/stm32f1xx_hal_dma.o
HAL_DMA_PollForTransfer                           build/stm32f1xx_hal_dma.o
HAL_DMA_RegisterCallback                          build/stm32f1xx_hal_dma.o
HAL_DMA_Start                                     build/stm32f1xx_hal_dma.o
HAL_DMA_Start_IT                                  build/stm32f1xx_hal_dma.o
                                                  build/stm32f1xx_hal_uart.o
                                                  build/stm32f1xx_hal_tim_ex.o
                                                  build/stm32f1xx_hal_tim.o
                                                  build/stm32f1xx_hal_spi.o
                                                  build/stm32f1xx_hal_i2c.o
                                                  build/stm32f1xx_hal_adc_ex.o
                                                  build/stm32f1xx_hal_adc.o
HAL_DMA_UnRegisterCallback                        build/stm32f1xx_hal_dma.o
HAL_DeInit                                        build/stm32f1xx_hal.o
HAL_Delay                                         build/stm32f1xx_hal.o
                                                  build/ssd1306.o
HAL_EXTI_ClearConfigLine                          build/stm32f1xx_hal_exti.o
HAL_EXTI_ClearPending                             build/stm32f1xx_hal_exti.o
HAL_EXTI_GenerateSWI                              build/stm32f1xx_hal_exti.o
HAL_EXTI_GetConfigLine                            build/stm32f1xx_hal_exti.o
HAL_EXTI_GetHandle                                build/stm32f1xx_hal_exti.o
HAL_EXTI_GetPending                               build/stm32f1xx_hal_exti.o
HAL_EXTI_IRQHandler                               build/stm32f1xx_hal_exti.o
HAL_EXTI_RegisterCallback                         build/stm32f1xx_hal_exti.o
HAL_EXTI_SetConfigLine                            build/stm32f1xx_hal_exti.o
HAL_FLASHEx_Erase                                 build/stm32f1xx_hal_flash_ex.o
HAL_FLASHEx_Erase_IT                              build/stm32f1xx_hal_flash_ex.o
HAL_FLASHEx_OBErase                               build/stm32f1xx_hal_flash_ex.o
HAL_FLASHEx_OBGetConfig                           build/stm32f1xx_hal_flash_ex.o
HAL_FLASHEx_OBGetUserData                         build/stm32f1xx_hal_flash_ex.o
HAL_FLASHEx_OBProgram                             build/stm32f1xx_hal_flash_ex.o
HAL_FLASH_EndOfOperationCallback                  build/stm32f1xx_hal_flash.o
HAL_FLASH_GetError                                build/stm32f1xx_hal_flash.o
HAL_FLASH_IRQHandler                              build/stm32f1xx_hal_flash.o
HAL_FLASH_Lock                                    build/stm32f1xx_hal_flash.o
HAL_FLASH_OB_Launch                               build/stm32f1xx_hal_flash.o
HAL_FLASH_OB_Lock                                 build/stm32f1xx_hal_flash.o
HAL_FLASH_OB_Unlock                               build/stm32f1xx_hal_flash.o
HAL_FLASH_OperationErrorCallback                  build/stm32f1xx_hal_flash.o
HAL_FLASH_Program                                 build/stm32f1xx_hal_flash.o
HAL_FLASH_Program_IT                              build/stm32f1xx_hal_flash.o
HAL_FLASH_Unlock                                  build/stm32f1xx_hal_flash.o
HAL_GPIOEx_ConfigEventout                         build/stm32f1xx_hal_gpio_ex.o
HAL_GPIOEx_DisableEventout                        build/stm32f1xx_hal_gpio_ex.o
HAL_GPIOEx_EnableEventout                         build/stm32f1xx_hal_gpio_ex.o
HAL_GPIO_DeInit                                   build/stm32f1xx_hal_gpio.o
                                                  build/stm32f1xx_hal_msp.o
HAL_GPIO_EXTI_Callback                            build/stm32f1xx_hal_gpio.o
HAL_GPIO_EXTI_IRQHandler                          build/stm32f1xx_hal_gpio.o
HAL_GPIO_Init                                     build/stm32f1xx_hal_gpio.o
                                                  build/stm32f1xx_hal_rcc.o
                                                  build/stm32f1xx_hal_msp.o
                                                  build/main.o
HAL_GPIO_LockPin                                  build/stm32f1xx_hal_gpio.o
HAL_GPIO_ReadPin                                  build/stm32f1xx_hal_gpio.o
HAL_GPIO_TogglePin                                build/stm32f1xx_hal_gpio.o
                                                  build/main.o
HAL_GPIO_WritePin                                 build/stm32f1xx_hal_gpio.o
                                                  build/ssd1306.o
                                                  build/main.o
HAL_GetDEVID                                      build/stm32f1xx_hal.o
HAL_GetHalVersion                                 build/stm32f1xx_hal.o
HAL_GetREVID                                      build/stm32f1xx_hal.o
HAL_GetTick                                       build/stm32f1xx_hal.o
                                                  build/stm32f1xx_hal_uart.o
                                                  build/stm32f1xx_hal_spi.o
                                                  build/stm32f1xx_hal_i2c.o
                                                  build/stm32f1xx_hal_flash.o
                                                  build/stm32f1xx_hal_dma.o
                                                  build/stm32f1xx_hal_rcc_ex.o
                                                  build/stm32f1xx_hal_rcc.o
                                                  build/stm32f1xx_hal_adc_ex.o
                                                  build/stm32f1xx_hal_adc.o
                                                  build/main.o
HAL_GetTickFreq                                   build/stm32f1xx_hal.o
HAL_GetTickPrio                                   build/stm32f1xx_hal.o
HAL_GetUIDw0                                      build/stm32f1xx_hal.o
HAL_GetUIDw1                                      build/stm32f1xx_hal.o
HAL_GetUIDw2                                      build/stm32f1xx_hal.o
HAL_HalfDuplex_EnableReceiver                     build/stm32f1xx_hal_uart.o
HAL_HalfDuplex_EnableTransmitter                  build/stm32f1xx_hal_uart.o
HAL_HalfDuplex_Init                               build/stm32f1xx_hal_uart.o
HAL_I2C_AbortCpltCallback                         build/stm32f1xx_hal_i2c.o
HAL_I2C_AddrCallback                              build/stm32f1xx_hal_i2c.o
HAL_I2C_DeInit                                    build/stm32f1xx_hal_i2c.o
HAL_I2C_DisableListen_IT                          build/stm32f1xx_hal_i2c.o
HAL_I2C_ER_IRQHandler                             build/stm32f1xx_hal_i2c.o
HAL_I2C_EV_IRQHandler                             build/stm32f1xx_hal_i2c.o
HAL_I2C_EnableListen_IT                           build/stm32f1xx_hal_i2c.o
HAL_I2C_ErrorCallback                             build/stm32f1xx_hal_i2c.o
HAL_I2C_GetError                                  build/stm32f1xx_hal_i2c.o
HAL_I2C_GetMode                                   build/stm32f1xx_hal_i2c.o
HAL_I2C_GetState                                  build/stm32f1xx_hal_i2c.o
HAL_I2C_Init                                      build/stm32f1xx_hal_i2c.o
                                                  build/main.o
HAL_I2C_IsDeviceReady                             build/stm32f1xx_hal_i2c.o
HAL_I2C_ListenCpltCallback                        build/stm32f1xx_hal_i2c.o
HAL_I2C_MasterRxCpltCallback                      build/stm32f1xx_hal_i2c.o
HAL_I2C_MasterTxCpltCallback                      build/stm32f1xx_hal_i2c.o
HAL_I2C_Master_Abort_IT                           build/stm32f1xx_hal_i2c.o
HAL_I2C_Master_Receive                            build/stm32f1xx_hal_i2c.o
HAL_I2C_Master_Receive_DMA                        build/stm32f1xx_hal_i2c.o
HAL_I2C_Master_Receive_IT                         build/stm32f1xx_hal_i2c.o
HAL_I2C_Master_Seq_Receive_DMA                    build/stm32f1xx_hal_i2c.o
HAL_I2C_Master_Seq_Receive_IT                     build/stm32f1xx_hal_i2c.o
HAL_I2C_Master_Seq_Transmit_DMA                   build/stm32f1xx_hal_i2c.o
HAL_I2C_Master_Seq_Transmit_IT                    build/stm32f1xx_hal_i2c.o
HAL_I2C_Master_Transmit                           build/stm32f1xx_hal_i2c.o
HAL_I2C_Master_Transmit_DMA                       build/stm32f1xx_hal_i2c.o
HAL_I2C_Master_Transmit_IT                        build/stm32f1xx_hal_i2c.o
HAL_I2C_MemRxCpltCallback                         build/stm32f1xx_hal_i2c.o
HAL_I2C_MemTxCpltCallback                         build/stm32f1xx_hal_i2c.o
HAL_I2C_Mem_Read                                  build/stm32f1xx_hal_i2c.o
HAL_I2C_Mem_Read_DMA                              build/stm32f1xx_hal_i2c.o
HAL_I2C_Mem_Read_IT                               build/stm32f1xx_hal_i2c.o
HAL_I2C_Mem_Write                                 build/stm32f1xx_hal_i2c.o
                                                  build/ssd1306.o
HAL_I2C_Mem_Write_DMA                             build/stm32f1xx_hal_i2c.o
HAL_I2C_Mem_Write_IT                              build/stm32f1xx_hal_i2c.o
HAL_I2C_MspDeInit                                 build/stm32f1xx_hal_msp.o
HAL_I2C_MspInit                                   build/stm32f1xx_hal_msp.o
HAL_I2C_SlaveRxCpltCallback                       build/stm32f1xx_hal_i2c.o
HAL_I2C_SlaveTxCpltCallback                       build/stm32f1xx_hal_i2c.o
HAL_I2C_Slave_Receive                             build/stm32f1xx_hal_i2c.o
HAL_I2C_Slave_Receive_DMA                         build/stm32f1xx_hal_i2c.o
HAL_I2C_Slave_Receive_IT                          build/stm32f1xx_hal_i2c.o
HAL_I2C_Slave_Seq_Receive_DMA                     build/stm32f1xx_hal_i2c.o
HAL_I2C_Slave_Seq_Receive_IT                      build/stm32f1xx_hal_i2c.o
HAL_I2C_Slave_Seq_Transmit_DMA                    build/stm32f1xx_hal_i2c.o
HAL_I2C_Slave_Seq_Transmit_IT                     build/stm32f1xx_hal_i2c.o
HAL_I2C_Slave_Transmit                            build/stm32f1xx_hal_i2c.o
HAL_I2C_Slave_Transmit_DMA                        build/stm32f1xx_hal_i2c.o
HAL_I2C_Slave_Transmit_IT                         build/stm32f1xx_hal_i2c.o
HAL_IncTick                                       build/stm32f1xx_hal.o
                                                  build/main.o
HAL_Init                                          build/stm32f1xx_hal.o
                                                  build/main.o
HAL_InitTick                                      build/stm32f1xx_hal_timebase_tim.o
                                                  build/stm32f1xx_hal_rcc.o
HAL_LIN_Init                                      build/stm32f1xx_hal_uart.o
HAL_LIN_SendBreak                                 build/stm32f1xx_hal_uart.o
HAL_MspDeInit                                     build/stm32f1xx_hal.o
HAL_MspInit                                       build/stm32f1xx_hal_msp.o
HAL_MultiProcessor_EnterMuteMode                  build/stm32f1xx_hal_uart.o
HAL_MultiProcessor_ExitMuteMode                   build/stm32f1xx_hal_uart.o
HAL_MultiProcessor_Init                           build/stm32f1xx_hal_uart.o
HAL_NVIC_ClearPendingIRQ                          build/stm32f1xx_hal_cortex.o
HAL_NVIC_DisableIRQ                               build/stm32f1xx_hal_cortex.o
                                                  build/stm32f1xx_hal_msp.o
HAL_NVIC_EnableIRQ                                build/stm32f1xx_hal_cortex.o
                                                  build/stm32f1xx_hal_timebase_tim.o
                                                  build/stm32f1xx_hal_msp.o
HAL_NVIC_GetActive                                build/stm32f1xx_hal_cortex.o
HAL_NVIC_GetPendingIRQ                            build/stm32f1xx_hal_cortex.o
HAL_NVIC_GetPriority                              build/stm32f1xx_hal_cortex.o
HAL_NVIC_GetPriorityGrouping                      build/stm32f1xx_hal_cortex.o
HAL_NVIC_SetPendingIRQ                            build/stm32f1xx_hal_cortex.o
HAL_NVIC_SetPriority                              build/stm32f1xx_hal_cortex.o
                                                  build/stm32f1xx_hal.o
                                                  build/stm32f1xx_hal_timebase_tim.o
                                                  build/stm32f1xx_hal_msp.o
HAL_NVIC_SetPriorityGrouping                      build/stm32f1xx_hal_cortex.o
                                                  build/stm32f1xx_hal.o
HAL_NVIC_SystemReset                              build/stm32f1xx_hal_cortex.o
                                                  build/stm32f1xx_hal_flash.o
HAL_PWR_ConfigPVD                                 build/stm32f1xx_hal_pwr.o
HAL_PWR_DeInit                                    build/stm32f1xx_hal_pwr.o
HAL_PWR_DisableBkUpAccess                         build/stm32f1xx_hal_pwr.o
HAL_PWR_DisablePVD                                build/stm32f1xx_hal_pwr.o
HAL_PWR_DisableSEVOnPend                          build/stm32f1xx_hal_pwr.o
HAL_PWR_DisableSleepOnExit                        build/stm32f1xx_hal_pwr.o
HAL_PWR_DisableWakeUpPin                          build/stm32f1xx_hal_pwr.o
HAL_PWR_EnableBkUpAccess                          build/stm32f1xx_hal_pwr.o
HAL_PWR_EnablePVD                                 build/stm32f1xx_hal_pwr.o
HAL_PWR_EnableSEVOnPend                           build/stm32f1xx_hal_pwr.o
HAL_PWR_EnableSleepOnExit                         build/stm32f1xx_hal_pwr.o
HAL_PWR_EnableWakeUpPin                           build/stm32f1xx_hal_pwr.o
HAL_PWR_EnterSLEEPMode                            build/stm32f1xx_hal_pwr.o
HAL_PWR_EnterSTANDBYMode                          build/stm32f1xx_hal_pwr.o
HAL_PWR_EnterSTOPMode                             build/stm32f1xx_hal_pwr.o
HAL_PWR_PVDCallback                               build/stm32f1xx_hal_pwr.o
HAL_PWR_PVD_IRQHandler                            build/stm32f1xx_hal_pwr.o
HAL_RCCEx_GetPeriphCLKConfig                      build/stm32f1xx_hal_rcc_ex.o
HAL_RCCEx_GetPeriphCLKFreq                        build/stm32f1xx_hal_rcc_ex.o
                                                  build/stm32f1xx_hal_adc_ex.o
                                                  build/stm32f1xx_hal_adc.o
HAL_RCCEx_PeriphCLKConfig                         build/stm32f1xx_hal_rcc_ex.o
                                                  build/main.o
HAL_RCC_CSSCallback                               build/stm32f1xx_hal_rcc.o
HAL_RCC_ClockConfig                               build/stm32f1xx_hal_rcc.o
                                                  build/main.o
HAL_RCC_DeInit                                    build/stm32f1xx_hal_rcc.o
HAL_RCC_DisableCSS                                build/stm32f1xx_hal_rcc.o
HAL_RCC_EnableCSS                                 build/stm32f1xx_hal_rcc.o
HAL_RCC_GetClockConfig                            build/stm32f1xx_hal_rcc.o
                                                  build/stm32f1xx_hal_timebase_tim.o
HAL_RCC_GetHCLKFreq                               build/stm32f1xx_hal_rcc.o
HAL_RCC_GetOscConfig                              build/stm32f1xx_hal_rcc.o
HAL_RCC_GetPCLK1Freq                              build/stm32f1xx_hal_rcc.o
                                                  build/stm32f1xx_hal_uart.o
                                                  build/stm32f1xx_hal_i2c.o
HAL_RCC_GetPCLK2Freq                              build/stm32f1xx_hal_rcc.o
                                                  build/stm32f1xx_hal_uart.o
                                                  build/stm32f1xx_hal_rcc_ex.o
                                                  build/stm32f1xx_hal_timebase_tim.o
HAL_RCC_GetSysClockFreq                           build/stm32f1xx_hal_rcc.o
HAL_RCC_MCOConfig                                 build/stm32f1xx_hal_rcc.o
HAL_RCC_NMI_IRQHandler                            build/stm32f1xx_hal_rcc.o
HAL_RCC_OscConfig                                 build/stm32f1xx_hal_rcc.o
                                                  build/main.o
HAL_ResumeTick                                    build/stm32f1xx_hal_timebase_tim.o
HAL_SPI_Abort                                     build/stm32f1xx_hal_spi.o
HAL_SPI_AbortCpltCallback                         build/stm32f1xx_hal_spi.o
HAL_SPI_Abort_IT                                  build/stm32f1xx_hal_spi.o
HAL_SPI_DMAPause                                  build/stm32f1xx_hal_spi.o
HAL_SPI_DMAResume                                 build/stm32f1xx_hal_spi.o
HAL_SPI_DMAStop                                   build/stm32f1xx_hal_spi.o
HAL_SPI_DeInit                                    build/stm32f1xx_hal_spi.o
HAL_SPI_ErrorCallback                             build/stm32f1xx_hal_spi.o
HAL_SPI_GetError                                  build/stm32f1xx_hal_spi.o
HAL_SPI_GetState                                  build/stm32f1xx_hal_spi.o
HAL_SPI_IRQHandler                                build/stm32f1xx_hal_spi.o
                                                  build/stm32f1xx_it.o
HAL_SPI_Init                                      build/stm32f1xx_hal_spi.o
                                                  build/main.o
HAL_SPI_MspDeInit                                 build/stm32f1xx_hal_msp.o
HAL_SPI_MspInit                                   build/stm32f1xx_hal_msp.o
HAL_SPI_Receive                                   build/stm32f1xx_hal_spi.o
HAL_SPI_Receive_DMA                               build/stm32f1xx_hal_spi.o
HAL_SPI_Receive_IT                                build/stm32f1xx_hal_spi.o
HAL_SPI_RxCpltCallback                            build/stm32f1xx_hal_spi.o
HAL_SPI_RxHalfCpltCallback                        build/stm32f1xx_hal_spi.o
HAL_SPI_Transmit                                  build/stm32f1xx_hal_spi.o
HAL_SPI_TransmitReceive                           build/stm32f1xx_hal_spi.o
HAL_SPI_TransmitReceive_DMA                       build/stm32f1xx_hal_spi.o
HAL_SPI_TransmitReceive_IT                        build/stm32f1xx_hal_spi.o
HAL_SPI_Transmit_DMA                              build/stm32f1xx_hal_spi.o
HAL_SPI_Transmit_IT                               build/stm32f1xx_hal_spi.o
HAL_SPI_TxCpltCallback                            build/stm32f1xx_hal_spi.o
HAL_SPI_TxHalfCpltCallback                        build/stm32f1xx_hal_spi.o
HAL_SPI_TxRxCpltCallback                          build/stm32f1xx_hal_spi.o
HAL_SPI_TxRxHalfCpltCallback                      build/stm32f1xx_hal_spi.o
HAL_SYSTICK_CLKSourceConfig                       build/stm32f1xx_hal_cortex.o
HAL_SYSTICK_Callback                              build/stm32f1xx_hal_cortex.o
HAL_SYSTICK_Config                                build/stm32f1xx_hal_cortex.o
                                                  build/stm32f1xx_hal.o
HAL_SYSTICK_IRQHandler                            build/stm32f1xx_hal_cortex.o
HAL_SetTickFreq                                   build/stm32f1xx_hal.o
HAL_SuspendTick                                   build/stm32f1xx_hal_timebase_tim.o
HAL_TIMEx_BreakCallback                           build/stm32f1xx_hal_tim_ex.o
                                                  build/stm32f1xx_hal_tim.o
HAL_TIMEx_CommutCallback                          build/stm32f1xx_hal_tim_ex.o
                                                  build/stm32f1xx_hal_tim.o
HAL_TIMEx_CommutHalfCpltCallback                  build/stm32f1xx_hal_tim_ex.o
HAL_TIMEx_ConfigBreakDeadTime                     build/stm32f1xx_hal_tim_ex.o
HAL_TIMEx_ConfigCommutEvent                       build/stm32f1xx_hal_tim_ex.o
HAL_TIMEx_ConfigCommutEvent_DMA                   build/stm32f1xx_hal_tim_ex.o
HAL_TIMEx_ConfigCommutEvent_IT                    build/stm32f1xx_hal_tim_ex.o
HAL_TIMEx_GetChannelNState                        build/stm32f1xx_hal_tim_ex.o
HAL_TIMEx_HallSensor_DeInit                       build/stm32f1xx_hal_tim_ex.o
HAL_TIMEx_HallSensor_GetState                     build/stm32f1xx_hal_tim_ex.o
HAL_TIMEx_HallSensor_Init                         build/stm32f1xx_hal_tim_ex.o
HAL_TIMEx_HallSensor_MspDeInit                    build/stm32f1xx_hal_tim_ex.o
HAL_TIMEx_HallSensor_MspInit                      build/stm32f1xx_hal_tim_ex.o
HAL_TIMEx_HallSensor_Start                        build/stm32f1xx_hal_tim_ex.o
HAL_TIMEx_HallSensor_Start_DMA                    build/stm32f1xx_hal_tim_ex.o
HAL_TIMEx_HallSensor_Start_IT                     build/stm32f1xx_hal_tim_ex.o
HAL_TIMEx_HallSensor_Stop                         build/stm32f1xx_hal_tim_ex.o
HAL_TIMEx_HallSensor_Stop_DMA                     build/stm32f1xx_hal_tim_ex.o
HAL_TIMEx_HallSensor_Stop_IT                      build/stm32f1xx_hal_tim_ex.o
HAL_TIMEx_MasterConfigSynchronization             build/stm32f1xx_hal_tim_ex.o
                                                  build/main.o
HAL_TIMEx_OCN_Start                               build/stm32f1xx_hal_tim_ex.o
HAL_TIMEx_OCN_Start_DMA                           build/stm32f1xx_hal_tim_ex.o
HAL_TIMEx_OCN_Start_IT                            build/stm32f1xx_hal_tim_ex.o
HAL_TIMEx_OCN_Stop                                build/stm32f1xx_hal_tim_ex.o
HAL_TIMEx_OCN_Stop_DMA                            build/stm32f1xx_hal_tim_ex.o
HAL_TIMEx_OCN_Stop_IT                             build/stm32f1xx_hal_tim_ex.o
HAL_TIMEx_OnePulseN_Start                         build/stm32f1xx_hal_tim_ex.o
HAL_TIMEx_OnePulseN_Start_IT                      build/stm32f1xx_hal_tim_ex.o
HAL_TIMEx_OnePulseN_Stop                          build/stm32f1xx_hal_tim_ex.o
HAL_TIMEx_OnePulseN_Stop_IT                       build/stm32f1xx_hal_tim_ex.o
HAL_TIMEx_PWMN_Start                              build/stm32f1xx_hal_tim_ex.o
HAL_TIMEx_PWMN_Start_DMA                          build/stm32f1xx_hal_tim_ex.o
HAL_TIMEx_PWMN_Start_IT                           build/stm32f1xx_hal_tim_ex.o
HAL_TIMEx_PWMN_Stop                               build/stm32f1xx_hal_tim_ex.o
HAL_TIMEx_PWMN_Stop_DMA                           build/stm32f1xx_hal_tim_ex.o
HAL_TIMEx_PWMN_Stop_IT                            build/stm32f1xx_hal_tim_ex.o
HAL_TIMEx_RemapConfig                             build/stm32f1xx_hal_tim_ex.o
HAL_TIM_Base_DeInit                               build/stm32f1xx_hal_tim.o
HAL_TIM_Base_GetState                             build/stm32f1xx_hal_tim.o
HAL_TIM_Base_Init                                 build/stm32f1xx_hal_tim.o
                                                  build/stm32f1xx_hal_timebase_tim.o
                                                  build/main.o
HAL_TIM_Base_MspDeInit                            build/stm32f1xx_hal_msp.o
HAL_TIM_Base_MspInit                              build/stm32f1xx_hal_msp.o
HAL_TIM_Base_Start                                build/stm32f1xx_hal_tim.o
HAL_TIM_Base_Start_DMA                            build/stm32f1xx_hal_tim.o
HAL_TIM_Base_Start_IT                             build/stm32f1xx_hal_tim.o
                                                  build/stm32f1xx_hal_timebase_tim.o
HAL_TIM_Base_Stop                                 build/stm32f1xx_hal_tim.o
HAL_TIM_Base_Stop_DMA                             build/stm32f1xx_hal_tim.o
HAL_TIM_Base_Stop_IT                              build/stm32f1xx_hal_tim.o
HAL_TIM_ConfigClockSource                         build/stm32f1xx_hal_tim.o
                                                  build/main.o
HAL_TIM_ConfigOCrefClear                          build/stm32f1xx_hal_tim.o
HAL_TIM_ConfigTI1Input                            build/stm32f1xx_hal_tim.o
HAL_TIM_DMABurstState                             build/stm32f1xx_hal_tim.o
HAL_TIM_DMABurst_MultiReadStart                   build/stm32f1xx_hal_tim.o
HAL_TIM_DMABurst_MultiWriteStart                  build/stm32f1xx_hal_tim.o
HAL_TIM_DMABurst_ReadStart                        build/stm32f1xx_hal_tim.o
HAL_TIM_DMABurst_ReadStop                         build/stm32f1xx_hal_tim.o
HAL_TIM_DMABurst_WriteStart                       build/stm32f1xx_hal_tim.o
HAL_TIM_DMABurst_WriteStop                        build/stm32f1xx_hal_tim.o
HAL_TIM_Encoder_DeInit                            build/stm32f1xx_hal_tim.o
HAL_TIM_Encoder_GetState                          build/stm32f1xx_hal_tim.o
HAL_TIM_Encoder_Init                              build/stm32f1xx_hal_tim.o
HAL_TIM_Encoder_MspDeInit                         build/stm32f1xx_hal_tim.o
HAL_TIM_Encoder_MspInit                           build/stm32f1xx_hal_tim.o
HAL_TIM_Encoder_Start                             build/stm32f1xx_hal_tim.o
HAL_TIM_Encoder_Start_DMA                         build/stm32f1xx_hal_tim.o
HAL_TIM_Encoder_Start_IT                          build/stm32f1xx_hal_tim.o
HAL_TIM_Encoder_Stop                              build/stm32f1xx_hal_tim.o
HAL_TIM_Encoder_Stop_DMA                          build/stm32f1xx_hal_tim.o
HAL_TIM_Encoder_Stop_IT                           build/stm32f1xx_hal_tim.o
HAL_TIM_ErrorCallback                             build/stm32f1xx_hal_tim.o
                                                  build/stm32f1xx_hal_tim_ex.o
HAL_TIM_GenerateEvent                             build/stm32f1xx_hal_tim.o
HAL_TIM_GetActiveChannel                          build/stm32f1xx_hal_tim.o
HAL_TIM_GetChannelState                           build/stm32f1xx_hal_tim.o
HAL_TIM_IC_CaptureCallback                        build/stm32f1xx_hal_tim.o
HAL_TIM_IC_CaptureHalfCpltCallback                build/stm32f1xx_hal_tim.o
HAL_TIM_IC_ConfigChannel                          build/stm32f1xx_hal_tim.o
HAL_TIM_IC_DeInit                                 build/stm32f1xx_hal_tim.o
HAL_TIM_IC_GetState                               build/stm32f1xx_hal_tim.o
HAL_TIM_IC_Init                                   build/stm32f1xx_hal_tim.o
HAL_TIM_IC_MspDeInit                              build/stm32f1xx_hal_tim.o
HAL_TIM_IC_MspInit                                build/stm32f1xx_hal_tim.o
HAL_TIM_IC_Start                                  build/stm32f1xx_hal_tim.o
HAL_TIM_IC_Start_DMA                              build/stm32f1xx_hal_tim.o
HAL_TIM_IC_Start_IT                               build/stm32f1xx_hal_tim.o
HAL_TIM_IC_Stop                                   build/stm32f1xx_hal_tim.o
HAL_TIM_IC_Stop_DMA                               build/stm32f1xx_hal_tim.o
HAL_TIM_IC_Stop_IT                                build/stm32f1xx_hal_tim.o
HAL_TIM_IRQHandler                                build/stm32f1xx_hal_tim.o
                                                  build/stm32f1xx_it.o
HAL_TIM_OC_ConfigChannel                          build/stm32f1xx_hal_tim.o
HAL_TIM_OC_DeInit                                 build/stm32f1xx_hal_tim.o
HAL_TIM_OC_DelayElapsedCallback                   build/stm32f1xx_hal_tim.o
HAL_TIM_OC_GetState                               build/stm32f1xx_hal_tim.o
HAL_TIM_OC_Init                                   build/stm32f1xx_hal_tim.o
HAL_TIM_OC_MspDeInit                              build/stm32f1xx_hal_tim.o
HAL_TIM_OC_MspInit                                build/stm32f1xx_hal_tim.o
HAL_TIM_OC_Start                                  build/stm32f1xx_hal_tim.o
HAL_TIM_OC_Start_DMA                              build/stm32f1xx_hal_tim.o
HAL_TIM_OC_Start_IT                               build/stm32f1xx_hal_tim.o
HAL_TIM_OC_Stop                                   build/stm32f1xx_hal_tim.o
HAL_TIM_OC_Stop_DMA                               build/stm32f1xx_hal_tim.o
HAL_TIM_OC_Stop_IT                                build/stm32f1xx_hal_tim.o
HAL_TIM_OnePulse_ConfigChannel                    build/stm32f1xx_hal_tim.o
HAL_TIM_OnePulse_DeInit                           build/stm32f1xx_hal_tim.o
HAL_TIM_OnePulse_GetState                         build/stm32f1xx_hal_tim.o
HAL_TIM_OnePulse_Init                             build/stm32f1xx_hal_tim.o
HAL_TIM_OnePulse_MspDeInit                        build/stm32f1xx_hal_tim.o
HAL_TIM_OnePulse_MspInit                          build/stm32f1xx_hal_tim.o
HAL_TIM_OnePulse_Start                            build/stm32f1xx_hal_tim.o
HAL_TIM_OnePulse_Start_IT                         build/stm32f1xx_hal_tim.o
HAL_TIM_OnePulse_Stop                             build/stm32f1xx_hal_tim.o
HAL_TIM_OnePulse_Stop_IT                          build/stm32f1xx_hal_tim.o
HAL_TIM_PWM_ConfigChannel                         build/stm32f1xx_hal_tim.o
HAL_TIM_PWM_DeInit                                build/stm32f1xx_hal_tim.o
HAL_TIM_PWM_GetState                              build/stm32f1xx_hal_tim.o
HAL_TIM_PWM_Init                                  build/stm32f1xx_hal_tim.o
HAL_TIM_PWM_MspDeInit                             build/stm32f1xx_hal_tim.o
HAL_TIM_PWM_MspInit                               build/stm32f1xx_hal_tim.o
HAL_TIM_PWM_PulseFinishedCallback                 build/stm32f1xx_hal_tim.o
                                                  build/stm32f1xx_hal_tim_ex.o
HAL_TIM_PWM_PulseFinishedHalfCpltCallback         build/stm32f1xx_hal_tim.o
HAL_TIM_PWM_Start                                 build/stm32f1xx_hal_tim.o
HAL_TIM_PWM_Start_DMA                             build/stm32f1xx_hal_tim.o
HAL_TIM_PWM_Start_IT                              build/stm32f1xx_hal_tim.o
HAL_TIM_PWM_Stop                                  build/stm32f1xx_hal_tim.o
HAL_TIM_PWM_Stop_DMA                              build/stm32f1xx_hal_tim.o
HAL_TIM_PWM_Stop_IT                               build/stm32f1xx_hal_tim.o
HAL_TIM_PeriodElapsedCallback                     build/main.o
HAL_TIM_PeriodElapsedHalfCpltCallback             build/stm32f1xx_hal_tim.o
HAL_TIM_ReadCapturedValue                         build/stm32f1xx_hal_tim.o
HAL_TIM_SlaveConfigSynchro                        build/stm32f1xx_hal_tim.o
                                                  build/main.o
HAL_TIM_SlaveConfigSynchro_IT                     build/stm32f1xx_hal_tim.o
HAL_TIM_TriggerCallback                           build/stm32f1xx_hal_tim.o
HAL_TIM_TriggerHalfCpltCallback                   build/stm32f1xx_hal_tim.o
HAL_UART_Abort                                    build/stm32f1xx_hal_uart.o
HAL_UART_AbortCpltCallback                        build/stm32f1xx_hal_uart.o
HAL_UART_AbortReceive                             build/stm32f1xx_hal_uart.o
HAL_UART_AbortReceiveCpltCallback                 build/stm32f1xx_hal_uart.o
HAL_UART_AbortReceive_IT                          build/stm32f1xx_hal_uart.o
HAL_UART_AbortTransmit                            build/stm32f1xx_hal_uart.o
HAL_UART_AbortTransmitCpltCallback                build/stm32f1xx_hal_uart.o
HAL_UART_AbortTransmit_IT                         build/stm32f1xx_hal_uart.o
HAL_UART_Abort_IT                                 build/stm32f1xx_hal_uart.o
HAL_UART_DMAPause                                 build/stm32f1xx_hal_uart.o
HAL_UART_DMAResume                                build/stm32f1xx_hal_uart.o
HAL_UART_DMAStop                                  build/stm32f1xx_hal_uart.o
HAL_UART_DeInit                                   build/stm32f1xx_hal_uart.o
HAL_UART_ErrorCallback                            build/stm32f1xx_hal_uart.o
HAL_UART_GetError                                 build/stm32f1xx_hal_uart.o
HAL_UART_GetState                                 build/stm32f1xx_hal_uart.o
HAL_UART_IRQHandler                               build/stm32f1xx_hal_uart.o
HAL_UART_Init                                     build/stm32f1xx_hal_uart.o
                                                  build/main.o
HAL_UART_MspDeInit                                build/stm32f1xx_hal_msp.o
HAL_UART_MspInit                                  build/stm32f1xx_hal_msp.o
HAL_UART_Receive                                  build/stm32f1xx_hal_uart.o
HAL_UART_Receive_DMA                              build/stm32f1xx_hal_uart.o
HAL_UART_Receive_IT                               build/stm32f1xx_hal_uart.o
HAL_UART_RxCpltCallback                           build/stm32f1xx_hal_uart.o
HAL_UART_RxHalfCpltCallback                       build/stm32f1xx_hal_uart.o
HAL_UART_Transmit                                 build/stm32f1xx_hal_uart.o
                                                  build/main.o
HAL_UART_Transmit_DMA                             build/stm32f1xx_hal_uart.o
HAL_UART_Transmit_IT                              build/stm32f1xx_hal_uart.o
HAL_UART_TxCpltCallback                           build/stm32f1xx_hal_uart.o
HAL_UART_TxHalfCpltCallback                       build/stm32f1xx_hal_uart.o
HardFault_Handler                                 build/stm32f1xx_it.o
I2C1_ER_IRQHandler                                build/startup_stm32f103xb.o
I2C1_EV_IRQHandler                                build/startup_stm32f103xb.o
I2C2_ER_IRQHandler                                build/startup_stm32f103xb.o
I2C2_EV_IRQHandler                                build/startup_stm32f103xb.o
MemManage_Handler                                 build/stm32f1xx_it.o
NMI_Handler                                       build/stm32f1xx_it.o
PVD_IRQHandler                                    build/startup_stm32f103xb.o
PendSV_Handler                                    build/stm32f1xx_it.o
RCC_IRQHandler                                    build/startup_stm32f103xb.o
RTC_Alarm_IRQHandler                              build/startup_stm32f103xb.o
RTC_IRQHandler                                    build/startup_stm32f103xb.o
Reset_Handler                                     build/startup_stm32f103xb.o
SPI1_IRQHandler                                   build/startup_stm32f103xb.o
SPI2_IRQHandler                                   build/stm32f1xx_it.o
SVC_Handler                                       build/stm32f1xx_it.o
SysTick_Handler                                   build/stm32f1xx_it.o
SystemClock_Config                                build/main.o
SystemCoreClock                                   build/system_stm32f1xx.o
                                                  build/stm32f1xx_hal_spi.o
                                                  build/stm32f1xx_hal_i2c.o
                                                  build/stm32f1xx_hal_rcc.o
                                                  build/stm32f1xx_hal.o
                                                  build/stm32f1xx_hal_adc_ex.o
                                                  build/stm32f1xx_hal_adc.o
SystemCoreClockUpdate                             build/system_stm32f1xx.o
SystemInit                                        build/system_stm32f1xx.o
                                                  build/startup_stm32f103xb.o
TAMPER_IRQHandler                                 build/startup_stm32f103xb.o
TIM1_BRK_IRQHandler                               build/startup_stm32f103xb.o
TIM1_CC_IRQHandler                                build/startup_stm32f103xb.o
TIM1_TRG_COM_IRQHandler                           build/startup_stm32f103xb.o
TIM1_UP_IRQHandler                                build/stm32f1xx_it.o
TIM2_IRQHandler                                   build/startup_stm32f103xb.o
TIM3_IRQHandler                                   build/startup_stm32f103xb.o
TIM4_IRQHandler                                   build/startup_stm32f103xb.o
TIMEx_DMACommutationCplt                          build/stm32f1xx_hal_tim_ex.o
                                                  build/stm32f1xx_hal_tim.o
TIMEx_DMACommutationHalfCplt                      build/stm32f1xx_hal_tim_ex.o
                                                  build/stm32f1xx_hal_tim.o
TIM_Base_SetConfig                                build/stm32f1xx_hal_tim.o
                                                  build/stm32f1xx_hal_tim_ex.o
TIM_CCxChannelCmd                                 build/stm32f1xx_hal_tim.o
                                                  build/stm32f1xx_hal_tim_ex.o
TIM_DMACaptureCplt                                build/stm32f1xx_hal_tim.o
                                                  build/stm32f1xx_hal_tim_ex.o
TIM_DMACaptureHalfCplt                            build/stm32f1xx_hal_tim.o
                                                  build/stm32f1xx_hal_tim_ex.o
TIM_DMADelayPulseHalfCplt                         build/stm32f1xx_hal_tim.o
                                                  build/stm32f1xx_hal_tim_ex.o
TIM_DMAError                                      build/stm32f1xx_hal_tim.o
                                                  build/stm32f1xx_hal_tim_ex.o
TIM_ETR_SetConfig                                 build/stm32f1xx_hal_tim.o
TIM_OC2_SetConfig                                 build/stm32f1xx_hal_tim.o
                                                  build/stm32f1xx_hal_tim_ex.o
TIM_TI1_SetConfig                                 build/stm32f1xx_hal_tim.o
                                                  build/stm32f1xx_hal_tim_ex.o
USART1_IRQHandler                                 build/startup_stm32f103xb.o
USART2_IRQHandler                                 build/startup_stm32f103xb.o
USART3_IRQHandler                                 build/startup_stm32f103xb.o
USBWakeUp_IRQHandler                              build/startup_stm32f103xb.o
USB_HP_CAN1_TX_IRQHandler                         build/startup_stm32f103xb.o
USB_LP_CAN1_RX0_IRQHandler                        build/startup_stm32f103xb.o
UsageFault_Handler                                build/stm32f1xx_it.o
WWDG_IRQHandler                                   build/startup_stm32f103xb.o
__adddf3                                          c:/dev/gcc-arm-none-eabi-9-2020-q2-update-win32/bin/../lib/gcc/arm-none-eabi/9.3.1/thumb/v7-m/nofp\libgcc.a(_arm_addsubdf3.o)
__addsf3                                          c:/dev/gcc-arm-none-eabi-9-2020-q2-update-win32/bin/../lib/gcc/arm-none-eabi/9.3.1/thumb/v7-m/nofp\libgcc.a(_arm_addsubsf3.o)
__aeabi_cdcmpeq                                   c:/dev/gcc-arm-none-eabi-9-2020-q2-update-win32/bin/../lib/gcc/arm-none-eabi/9.3.1/thumb/v7-m/nofp\libgcc.a(_arm_cmpdf2.o)
__aeabi_cdcmple                                   c:/dev/gcc-arm-none-eabi-9-2020-q2-update-win32/bin/../lib/gcc/arm-none-eabi/9.3.1/thumb/v7-m/nofp\libgcc.a(_arm_cmpdf2.o)
__aeabi_cdrcmple                                  c:/dev/gcc-arm-none-eabi-9-2020-q2-update-win32/bin/../lib/gcc/arm-none-eabi/9.3.1/thumb/v7-m/nofp\libgcc.a(_arm_cmpdf2.o)
__aeabi_d2f                                       c:/dev/gcc-arm-none-eabi-9-2020-q2-update-win32/bin/../lib/gcc/arm-none-eabi/9.3.1/thumb/v7-m/nofp\libgcc.a(_arm_truncdfsf2.o)
                                                  build/ssd1306.o
__aeabi_d2iz                                      c:/dev/gcc-arm-none-eabi-9-2020-q2-update-win32/bin/../lib/gcc/arm-none-eabi/9.3.1/thumb/v7-m/nofp\libgcc.a(_arm_fixdfsi.o)
                                                  c:/dev/gcc-arm-none-eabi-9-2020-q2-update-win32/bin/../lib/gcc/arm-none-eabi/9.3.1/../../../../arm-none-eabi/lib/thumb/v7-m/nofp\libm.a(lib_a-k_sin.o)
                                                  c:/dev/gcc-arm-none-eabi-9-2020-q2-update-win32/bin/../lib/gcc/arm-none-eabi/9.3.1/../../../../arm-none-eabi/lib/thumb/v7-m/nofp\libm.a(lib_a-k_rem_pio2.o)
                                                  c:/dev/gcc-arm-none-eabi-9-2020-q2-update-win32/bin/../lib/gcc/arm-none-eabi/9.3.1/../../../../arm-none-eabi/lib/thumb/v7-m/nofp\libm.a(lib_a-k_cos.o)
                                                  c:/dev/gcc-arm-none-eabi-9-2020-q2-update-win32/bin/../lib/gcc/arm-none-eabi/9.3.1/../../../../arm-none-eabi/lib/thumb/v7-m/nofp\libm.a(lib_a-e_rem_pio2.o)
                                                  build/ssd1306.o
__aeabi_dadd                                      c:/dev/gcc-arm-none-eabi-9-2020-q2-update-win32/bin/../lib/gcc/arm-none-eabi/9.3.1/thumb/v7-m/nofp\libgcc.a(_arm_addsubdf3.o)
                                                  c:/dev/gcc-arm-none-eabi-9-2020-q2-update-win32/bin/../lib/gcc/arm-none-eabi/9.3.1/../../../../arm-none-eabi/lib/thumb/v7-m/nofp\libm.a(lib_a-s_scalbn.o)
                                                  c:/dev/gcc-arm-none-eabi-9-2020-q2-update-win32/bin/../lib/gcc/arm-none-eabi/9.3.1/../../../../arm-none-eabi/lib/thumb/v7-m/nofp\libm.a(lib_a-s_floor.o)
                                                  c:/dev/gcc-arm-none-eabi-9-2020-q2-update-win32/bin/../lib/gcc/arm-none-eabi/9.3.1/../../../../arm-none-eabi/lib/thumb/v7-m/nofp\libm.a(lib_a-k_sin.o)
                                                  c:/dev/gcc-arm-none-eabi-9-2020-q2-update-win32/bin/../lib/gcc/arm-none-eabi/9.3.1/../../../../arm-none-eabi/lib/thumb/v7-m/nofp\libm.a(lib_a-k_rem_pio2.o)
                                                  c:/dev/gcc-arm-none-eabi-9-2020-q2-update-win32/bin/../lib/gcc/arm-none-eabi/9.3.1/../../../../arm-none-eabi/lib/thumb/v7-m/nofp\libm.a(lib_a-k_cos.o)
                                                  c:/dev/gcc-arm-none-eabi-9-2020-q2-update-win32/bin/../lib/gcc/arm-none-eabi/9.3.1/../../../../arm-none-eabi/lib/thumb/v7-m/nofp\libm.a(lib_a-e_rem_pio2.o)
__aeabi_dcmpeq                                    c:/dev/gcc-arm-none-eabi-9-2020-q2-update-win32/bin/../lib/gcc/arm-none-eabi/9.3.1/thumb/v7-m/nofp\libgcc.a(_arm_cmpdf2.o)
                                                  c:/dev/gcc-arm-none-eabi-9-2020-q2-update-win32/bin/../lib/gcc/arm-none-eabi/9.3.1/../../../../arm-none-eabi/lib/thumb/v7-m/nofp\libm.a(lib_a-k_rem_pio2.o)
                                                  c:/dev/gcc-arm-none-eabi-9-2020-q2-update-win32/bin/../lib/gcc/arm-none-eabi/9.3.1/../../../../arm-none-eabi/lib/thumb/v7-m/nofp\libm.a(lib_a-e_rem_pio2.o)
__aeabi_dcmpge                                    c:/dev/gcc-arm-none-eabi-9-2020-q2-update-win32/bin/../lib/gcc/arm-none-eabi/9.3.1/thumb/v7-m/nofp\libgcc.a(_arm_cmpdf2.o)
                                                  c:/dev/gcc-arm-none-eabi-9-2020-q2-update-win32/bin/../lib/gcc/arm-none-eabi/9.3.1/../../../../arm-none-eabi/lib/thumb/v7-m/nofp\libm.a(lib_a-k_rem_pio2.o)
__aeabi_dcmpgt                                    c:/dev/gcc-arm-none-eabi-9-2020-q2-update-win32/bin/../lib/gcc/arm-none-eabi/9.3.1/thumb/v7-m/nofp\libgcc.a(_arm_cmpdf2.o)